Timing Analyzer report for Project_Flappy_v1
Tue May 23 17:52:41 2023
Quartus Prime Version 18.1.0 Build 625 09/12/2018 SJ Lite Edition


---------------------
; Table of Contents ;
---------------------
  1. Legal Notice
  2. Timing Analyzer Summary
  3. Parallel Compilation
  4. Clocks
  5. Slow 1100mV 85C Model Fmax Summary
  6. Timing Closure Recommendations
  7. Slow 1100mV 85C Model Setup Summary
  8. Slow 1100mV 85C Model Hold Summary
  9. Slow 1100mV 85C Model Recovery Summary
 10. Slow 1100mV 85C Model Removal Summary
 11. Slow 1100mV 85C Model Minimum Pulse Width Summary
 12. Slow 1100mV 85C Model Metastability Summary
 13. Slow 1100mV 0C Model Fmax Summary
 14. Slow 1100mV 0C Model Setup Summary
 15. Slow 1100mV 0C Model Hold Summary
 16. Slow 1100mV 0C Model Recovery Summary
 17. Slow 1100mV 0C Model Removal Summary
 18. Slow 1100mV 0C Model Minimum Pulse Width Summary
 19. Slow 1100mV 0C Model Metastability Summary
 20. Fast 1100mV 85C Model Setup Summary
 21. Fast 1100mV 85C Model Hold Summary
 22. Fast 1100mV 85C Model Recovery Summary
 23. Fast 1100mV 85C Model Removal Summary
 24. Fast 1100mV 85C Model Minimum Pulse Width Summary
 25. Fast 1100mV 85C Model Metastability Summary
 26. Fast 1100mV 0C Model Setup Summary
 27. Fast 1100mV 0C Model Hold Summary
 28. Fast 1100mV 0C Model Recovery Summary
 29. Fast 1100mV 0C Model Removal Summary
 30. Fast 1100mV 0C Model Minimum Pulse Width Summary
 31. Fast 1100mV 0C Model Metastability Summary
 32. Multicorner Timing Analysis Summary
 33. Board Trace Model Assignments
 34. Input Transition Times
 35. Signal Integrity Metrics (Slow 1100mv 0c Model)
 36. Signal Integrity Metrics (Slow 1100mv 85c Model)
 37. Signal Integrity Metrics (Fast 1100mv 0c Model)
 38. Signal Integrity Metrics (Fast 1100mv 85c Model)
 39. Setup Transfers
 40. Hold Transfers
 41. Recovery Transfers
 42. Removal Transfers
 43. Report TCCS
 44. Report RSKM
 45. Unconstrained Paths Summary
 46. Clock Status Summary
 47. Unconstrained Input Ports
 48. Unconstrained Output Ports
 49. Unconstrained Input Ports
 50. Unconstrained Output Ports
 51. Timing Analyzer Messages



----------------
; Legal Notice ;
----------------
Copyright (C) 2018  Intel Corporation. All rights reserved.
Your use of Intel Corporation's design tools, logic functions 
and other software and tools, and its AMPP partner logic 
functions, and any output files from any of the foregoing 
(including device programming or simulation files), and any 
associated documentation or information are expressly subject 
to the terms and conditions of the Intel Program License 
Subscription Agreement, the Intel Quartus Prime License Agreement,
the Intel FPGA IP License Agreement, or other applicable license
agreement, including, without limitation, that your use is for
the sole purpose of programming logic devices manufactured by
Intel and sold by Intel or its authorized distributors.  Please
refer to the applicable agreement for further details.



+-----------------------------------------------------------------------------+
; Timing Analyzer Summary                                                     ;
+-----------------------+-----------------------------------------------------+
; Quartus Prime Version ; Version 18.1.0 Build 625 09/12/2018 SJ Lite Edition ;
; Timing Analyzer       ; Legacy Timing Analyzer                              ;
; Revision Name         ; Project_Flappy_v1                                   ;
; Device Family         ; Cyclone V                                           ;
; Device Name           ; 5CEBA4F23C7                                         ;
; Timing Models         ; Final                                               ;
; Delay Model           ; Combined                                            ;
; Rise/Fall Delays      ; Enabled                                             ;
+-----------------------+-----------------------------------------------------+


+------------------------------------------+
; Parallel Compilation                     ;
+----------------------------+-------------+
; Processors                 ; Number      ;
+----------------------------+-------------+
; Number detected on machine ; 16          ;
; Maximum allowed            ; 16          ;
;                            ;             ;
; Average used               ; 1.70        ;
; Maximum used               ; 16          ;
;                            ;             ;
; Usage by Processor         ; % Time Used ;
;     Processor 1            ; 100.0%      ;
;     Processor 2            ;   5.6%      ;
;     Processor 3            ;   5.4%      ;
;     Processor 4            ;   5.3%      ;
;     Processor 5            ;   4.5%      ;
;     Processor 6            ;   4.5%      ;
;     Processor 7            ;   4.5%      ;
;     Processor 8            ;   4.5%      ;
;     Processor 9            ;   4.5%      ;
;     Processor 10           ;   4.5%      ;
;     Processor 11           ;   4.4%      ;
;     Processor 12           ;   4.4%      ;
;     Processor 13           ;   4.4%      ;
;     Processor 14           ;   4.4%      ;
;     Processor 15           ;   4.4%      ;
;     Processor 16           ;   4.4%      ;
+----------------------------+-------------+


+----------------------------------------------------------------------------------------------------------------------------------------------------------------------------------------------------------------------------------------+
; Clocks                                                                                                                                                                                                                                 ;
+------------------------------------+------+--------+------------+-------+-------+------------+-----------+-------------+-------+--------+-----------+------------+----------+--------+--------+----------------------------------------+
; Clock Name                         ; Type ; Period ; Frequency  ; Rise  ; Fall  ; Duty Cycle ; Divide by ; Multiply by ; Phase ; Offset ; Edge List ; Edge Shift ; Inverted ; Master ; Source ; Targets                                ;
+------------------------------------+------+--------+------------+-------+-------+------------+-----------+-------------+-------+--------+-----------+------------+----------+--------+--------+----------------------------------------+
; CLK                                ; Base ; 1.000  ; 1000.0 MHz ; 0.000 ; 0.500 ;            ;           ;             ;       ;        ;           ;            ;          ;        ;        ; { CLK }                                ;
; Div:div_design|t_clkDiv            ; Base ; 1.000  ; 1000.0 MHz ; 0.000 ; 0.500 ;            ;           ;             ;       ;        ;           ;            ;          ;        ;        ; { Div:div_design|t_clkDiv }            ;
; pb2                                ; Base ; 1.000  ; 1000.0 MHz ; 0.000 ; 0.500 ;            ;           ;             ;       ;        ;           ;            ;          ;        ;        ; { pb2 }                                ;
; VGA_SYNC:vga_design|horiz_sync_out ; Base ; 1.000  ; 1000.0 MHz ; 0.000 ; 0.500 ;            ;           ;             ;       ;        ;           ;            ;          ;        ;        ; { VGA_SYNC:vga_design|horiz_sync_out } ;
; VGA_SYNC:vga_design|vert_sync_out  ; Base ; 1.000  ; 1000.0 MHz ; 0.000 ; 0.500 ;            ;           ;             ;       ;        ;           ;            ;          ;        ;        ; { VGA_SYNC:vga_design|vert_sync_out }  ;
+------------------------------------+------+--------+------------+-------+-------+------------+-----------+-------------+-------+--------+-----------+------------+----------+--------+--------+----------------------------------------+


+--------------------------------------------------------------------------+
; Slow 1100mV 85C Model Fmax Summary                                       ;
+------------+-----------------+------------------------------------+------+
; Fmax       ; Restricted Fmax ; Clock Name                         ; Note ;
+------------+-----------------+------------------------------------+------+
; 140.47 MHz ; 140.47 MHz      ; VGA_SYNC:vga_design|vert_sync_out  ;      ;
; 158.96 MHz ; 158.96 MHz      ; Div:div_design|t_clkDiv            ;      ;
; 199.72 MHz ; 199.72 MHz      ; VGA_SYNC:vga_design|horiz_sync_out ;      ;
+------------+-----------------+------------------------------------+------+
This panel reports FMAX for every clock in the design, regardless of the user-specified clock periods.  FMAX is only computed for paths where the source and destination registers or ports are driven by the same clock.  Paths of different clocks, including generated clocks, are ignored.  For paths between a clock and its inversion, FMAX is computed as if the rising and falling edges are scaled along with FMAX, such that the duty cycle (in terms of a percentage) is maintained. Altera recommends that you always use clock constraints and other slack reports for sign-off analysis.


----------------------------------
; Timing Closure Recommendations ;
----------------------------------
HTML report is unavailable in plain text report export.


+-------------------------------------------------------------+
; Slow 1100mV 85C Model Setup Summary                         ;
+------------------------------------+--------+---------------+
; Clock                              ; Slack  ; End Point TNS ;
+------------------------------------+--------+---------------+
; VGA_SYNC:vga_design|vert_sync_out  ; -6.119 ; -108.023      ;
; VGA_SYNC:vga_design|horiz_sync_out ; -5.293 ; -293.948      ;
; Div:div_design|t_clkDiv            ; -5.291 ; -260.806      ;
; pb2                                ; -3.643 ; -30.969       ;
; CLK                                ; -2.392 ; -2.392        ;
+------------------------------------+--------+---------------+


+------------------------------------------------------------+
; Slow 1100mV 85C Model Hold Summary                         ;
+------------------------------------+-------+---------------+
; Clock                              ; Slack ; End Point TNS ;
+------------------------------------+-------+---------------+
; Div:div_design|t_clkDiv            ; 0.631 ; 0.000         ;
; CLK                                ; 0.759 ; 0.000         ;
; pb2                                ; 0.890 ; 0.000         ;
; VGA_SYNC:vga_design|vert_sync_out  ; 1.013 ; 0.000         ;
; VGA_SYNC:vga_design|horiz_sync_out ; 1.092 ; 0.000         ;
+------------------------------------+-------+---------------+


+--------------------------------------------------+
; Slow 1100mV 85C Model Recovery Summary           ;
+-------------------------+--------+---------------+
; Clock                   ; Slack  ; End Point TNS ;
+-------------------------+--------+---------------+
; Div:div_design|t_clkDiv ; -1.969 ; -16.928       ;
+-------------------------+--------+---------------+


+-------------------------------------------------+
; Slow 1100mV 85C Model Removal Summary           ;
+-------------------------+-------+---------------+
; Clock                   ; Slack ; End Point TNS ;
+-------------------------+-------+---------------+
; Div:div_design|t_clkDiv ; 0.912 ; 0.000         ;
+-------------------------+-------+---------------+


+-------------------------------------------------------------+
; Slow 1100mV 85C Model Minimum Pulse Width Summary           ;
+------------------------------------+--------+---------------+
; Clock                              ; Slack  ; End Point TNS ;
+------------------------------------+--------+---------------+
; Div:div_design|t_clkDiv            ; -2.636 ; -90.789       ;
; VGA_SYNC:vga_design|horiz_sync_out ; -0.538 ; -62.849       ;
; VGA_SYNC:vga_design|vert_sync_out  ; -0.538 ; -20.364       ;
; CLK                                ; -0.538 ; -0.979        ;
; pb2                                ; 0.153  ; 0.000         ;
+------------------------------------+--------+---------------+


-----------------------------------------------
; Slow 1100mV 85C Model Metastability Summary ;
-----------------------------------------------
No synchronizer chains to report.


+--------------------------------------------------------------------------+
; Slow 1100mV 0C Model Fmax Summary                                        ;
+------------+-----------------+------------------------------------+------+
; Fmax       ; Restricted Fmax ; Clock Name                         ; Note ;
+------------+-----------------+------------------------------------+------+
; 137.46 MHz ; 137.46 MHz      ; VGA_SYNC:vga_design|vert_sync_out  ;      ;
; 156.47 MHz ; 156.47 MHz      ; Div:div_design|t_clkDiv            ;      ;
; 206.31 MHz ; 206.31 MHz      ; VGA_SYNC:vga_design|horiz_sync_out ;      ;
+------------+-----------------+------------------------------------+------+
This panel reports FMAX for every clock in the design, regardless of the user-specified clock periods.  FMAX is only computed for paths where the source and destination registers or ports are driven by the same clock.  Paths of different clocks, including generated clocks, are ignored.  For paths between a clock and its inversion, FMAX is computed as if the rising and falling edges are scaled along with FMAX, such that the duty cycle (in terms of a percentage) is maintained. Altera recommends that you always use clock constraints and other slack reports for sign-off analysis.


+-------------------------------------------------------------+
; Slow 1100mV 0C Model Setup Summary                          ;
+------------------------------------+--------+---------------+
; Clock                              ; Slack  ; End Point TNS ;
+------------------------------------+--------+---------------+
; VGA_SYNC:vga_design|vert_sync_out  ; -6.275 ; -110.777      ;
; Div:div_design|t_clkDiv            ; -5.391 ; -257.578      ;
; VGA_SYNC:vga_design|horiz_sync_out ; -5.347 ; -289.621      ;
; pb2                                ; -3.462 ; -28.946       ;
; CLK                                ; -2.272 ; -2.272        ;
+------------------------------------+--------+---------------+


+------------------------------------------------------------+
; Slow 1100mV 0C Model Hold Summary                          ;
+------------------------------------+-------+---------------+
; Clock                              ; Slack ; End Point TNS ;
+------------------------------------+-------+---------------+
; pb2                                ; 0.518 ; 0.000         ;
; Div:div_design|t_clkDiv            ; 0.608 ; 0.000         ;
; CLK                                ; 0.714 ; 0.000         ;
; VGA_SYNC:vga_design|vert_sync_out  ; 1.059 ; 0.000         ;
; VGA_SYNC:vga_design|horiz_sync_out ; 1.087 ; 0.000         ;
+------------------------------------+-------+---------------+


+--------------------------------------------------+
; Slow 1100mV 0C Model Recovery Summary            ;
+-------------------------+--------+---------------+
; Clock                   ; Slack  ; End Point TNS ;
+-------------------------+--------+---------------+
; Div:div_design|t_clkDiv ; -1.995 ; -17.279       ;
+-------------------------+--------+---------------+


+-------------------------------------------------+
; Slow 1100mV 0C Model Removal Summary            ;
+-------------------------+-------+---------------+
; Clock                   ; Slack ; End Point TNS ;
+-------------------------+-------+---------------+
; Div:div_design|t_clkDiv ; 0.990 ; 0.000         ;
+-------------------------+-------+---------------+


+-------------------------------------------------------------+
; Slow 1100mV 0C Model Minimum Pulse Width Summary            ;
+------------------------------------+--------+---------------+
; Clock                              ; Slack  ; End Point TNS ;
+------------------------------------+--------+---------------+
; Div:div_design|t_clkDiv            ; -2.636 ; -88.471       ;
; VGA_SYNC:vga_design|horiz_sync_out ; -0.538 ; -60.591       ;
; VGA_SYNC:vga_design|vert_sync_out  ; -0.538 ; -20.242       ;
; CLK                                ; -0.538 ; -0.975        ;
; pb2                                ; 0.162  ; 0.000         ;
+------------------------------------+--------+---------------+


----------------------------------------------
; Slow 1100mV 0C Model Metastability Summary ;
----------------------------------------------
No synchronizer chains to report.


+-------------------------------------------------------------+
; Fast 1100mV 85C Model Setup Summary                         ;
+------------------------------------+--------+---------------+
; Clock                              ; Slack  ; End Point TNS ;
+------------------------------------+--------+---------------+
; VGA_SYNC:vga_design|horiz_sync_out ; -2.917 ; -135.852      ;
; VGA_SYNC:vga_design|vert_sync_out  ; -2.466 ; -42.771       ;
; Div:div_design|t_clkDiv            ; -2.287 ; -115.011      ;
; pb2                                ; -1.957 ; -16.379       ;
; CLK                                ; -1.561 ; -1.561        ;
+------------------------------------+--------+---------------+


+------------------------------------------------------------+
; Fast 1100mV 85C Model Hold Summary                         ;
+------------------------------------+-------+---------------+
; Clock                              ; Slack ; End Point TNS ;
+------------------------------------+-------+---------------+
; Div:div_design|t_clkDiv            ; 0.014 ; 0.000         ;
; VGA_SYNC:vga_design|horiz_sync_out ; 0.296 ; 0.000         ;
; VGA_SYNC:vga_design|vert_sync_out  ; 0.413 ; 0.000         ;
; pb2                                ; 0.515 ; 0.000         ;
; CLK                                ; 0.666 ; 0.000         ;
+------------------------------------+-------+---------------+


+--------------------------------------------------+
; Fast 1100mV 85C Model Recovery Summary           ;
+-------------------------+--------+---------------+
; Clock                   ; Slack  ; End Point TNS ;
+-------------------------+--------+---------------+
; Div:div_design|t_clkDiv ; -1.205 ; -10.224       ;
+-------------------------+--------+---------------+


+-------------------------------------------------+
; Fast 1100mV 85C Model Removal Summary           ;
+-------------------------+-------+---------------+
; Clock                   ; Slack ; End Point TNS ;
+-------------------------+-------+---------------+
; Div:div_design|t_clkDiv ; 0.208 ; 0.000         ;
+-------------------------+-------+---------------+


+-------------------------------------------------------------+
; Fast 1100mV 85C Model Minimum Pulse Width Summary           ;
+------------------------------------+--------+---------------+
; Clock                              ; Slack  ; End Point TNS ;
+------------------------------------+--------+---------------+
; Div:div_design|t_clkDiv            ; -2.174 ; -17.209       ;
; CLK                                ; -0.416 ; -0.483        ;
; pb2                                ; -0.083 ; -0.585        ;
; VGA_SYNC:vga_design|horiz_sync_out ; -0.071 ; -0.918        ;
; VGA_SYNC:vga_design|vert_sync_out  ; 0.082  ; 0.000         ;
+------------------------------------+--------+---------------+


-----------------------------------------------
; Fast 1100mV 85C Model Metastability Summary ;
-----------------------------------------------
No synchronizer chains to report.


+-------------------------------------------------------------+
; Fast 1100mV 0C Model Setup Summary                          ;
+------------------------------------+--------+---------------+
; Clock                              ; Slack  ; End Point TNS ;
+------------------------------------+--------+---------------+
; VGA_SYNC:vga_design|horiz_sync_out ; -2.785 ; -123.882      ;
; VGA_SYNC:vga_design|vert_sync_out  ; -2.280 ; -38.987       ;
; Div:div_design|t_clkDiv            ; -2.037 ; -102.729      ;
; pb2                                ; -1.518 ; -12.692       ;
; CLK                                ; -1.265 ; -1.265        ;
+------------------------------------+--------+---------------+


+-------------------------------------------------------------+
; Fast 1100mV 0C Model Hold Summary                           ;
+------------------------------------+--------+---------------+
; Clock                              ; Slack  ; End Point TNS ;
+------------------------------------+--------+---------------+
; Div:div_design|t_clkDiv            ; -0.018 ; -0.029        ;
; VGA_SYNC:vga_design|horiz_sync_out ; 0.218  ; 0.000         ;
; pb2                                ; 0.272  ; 0.000         ;
; VGA_SYNC:vga_design|vert_sync_out  ; 0.388  ; 0.000         ;
; CLK                                ; 0.439  ; 0.000         ;
+------------------------------------+--------+---------------+


+--------------------------------------------------+
; Fast 1100mV 0C Model Recovery Summary            ;
+-------------------------+--------+---------------+
; Clock                   ; Slack  ; End Point TNS ;
+-------------------------+--------+---------------+
; Div:div_design|t_clkDiv ; -1.213 ; -10.371       ;
+-------------------------+--------+---------------+


+-------------------------------------------------+
; Fast 1100mV 0C Model Removal Summary            ;
+-------------------------+-------+---------------+
; Clock                   ; Slack ; End Point TNS ;
+-------------------------+-------+---------------+
; Div:div_design|t_clkDiv ; 0.265 ; 0.000         ;
+-------------------------+-------+---------------+


+-------------------------------------------------------------+
; Fast 1100mV 0C Model Minimum Pulse Width Summary            ;
+------------------------------------+--------+---------------+
; Clock                              ; Slack  ; End Point TNS ;
+------------------------------------+--------+---------------+
; Div:div_design|t_clkDiv            ; -2.174 ; -15.777       ;
; CLK                                ; -0.396 ; -0.451        ;
; pb2                                ; -0.059 ; -0.328        ;
; VGA_SYNC:vga_design|horiz_sync_out ; -0.012 ; -0.065        ;
; VGA_SYNC:vga_design|vert_sync_out  ; 0.101  ; 0.000         ;
+------------------------------------+--------+---------------+


----------------------------------------------
; Fast 1100mV 0C Model Metastability Summary ;
----------------------------------------------
No synchronizer chains to report.


+----------------------------------------------------------------------------------------------------+
; Multicorner Timing Analysis Summary                                                                ;
+-------------------------------------+----------+--------+----------+---------+---------------------+
; Clock                               ; Setup    ; Hold   ; Recovery ; Removal ; Minimum Pulse Width ;
+-------------------------------------+----------+--------+----------+---------+---------------------+
; Worst-case Slack                    ; -6.275   ; -0.018 ; -1.995   ; 0.208   ; -2.636              ;
;  CLK                                ; -2.392   ; 0.439  ; N/A      ; N/A     ; -0.538              ;
;  Div:div_design|t_clkDiv            ; -5.391   ; -0.018 ; -1.995   ; 0.208   ; -2.636              ;
;  VGA_SYNC:vga_design|horiz_sync_out ; -5.347   ; 0.218  ; N/A      ; N/A     ; -0.538              ;
;  VGA_SYNC:vga_design|vert_sync_out  ; -6.275   ; 0.388  ; N/A      ; N/A     ; -0.538              ;
;  pb2                                ; -3.643   ; 0.272  ; N/A      ; N/A     ; -0.083              ;
; Design-wide TNS                     ; -696.138 ; -0.029 ; -17.279  ; 0.0     ; -174.981            ;
;  CLK                                ; -2.392   ; 0.000  ; N/A      ; N/A     ; -0.979              ;
;  Div:div_design|t_clkDiv            ; -260.806 ; -0.029 ; -17.279  ; 0.000   ; -90.789             ;
;  VGA_SYNC:vga_design|horiz_sync_out ; -293.948 ; 0.000  ; N/A      ; N/A     ; -62.849             ;
;  VGA_SYNC:vga_design|vert_sync_out  ; -110.777 ; 0.000  ; N/A      ; N/A     ; -20.364             ;
;  pb2                                ; -30.969  ; 0.000  ; N/A      ; N/A     ; -0.585              ;
+-------------------------------------+----------+--------+----------+---------+---------------------+


+-------------------------------------------------------------------------------------------------------------------------------------------------------------------------------------------------------------------------------------------------------------------------------------------------------------------------------------------------------------------------------------------------------------------+
; Board Trace Model Assignments                                                                                                                                                                                                                                                                                                                                                                                     ;
+----------------+--------------+-------------------+-------------------------+-------------------------+---------------+---------------------+----------------+------------------+--------+------------------+------------------------+------------------------+--------------+---------------+-----------------+-------+---------------------+--------------------+---------------+-----------------+-------------+
; Pin            ; I/O Standard ; Near Tline Length ; Near Tline L per Length ; Near Tline C per Length ; Near Series R ; Near Differential R ; Near Pull-up R ; Near Pull-down R ; Near C ; Far Tline Length ; Far Tline L per Length ; Far Tline C per Length ; Far Series R ; Far Pull-up R ; Far Pull-down R ; Far C ; Termination Voltage ; Far Differential R ; EBD File Name ; EBD Signal Name ; EBD Far-end ;
+----------------+--------------+-------------------+-------------------------+-------------------------+---------------+---------------------+----------------+------------------+--------+------------------+------------------------+------------------------+--------------+---------------+-----------------+-------+---------------------+--------------------+---------------+-----------------+-------------+
; red_out        ; 2.5 V        ; 0 in              ; 0 H/in                  ; 0 F/in                  ; short         ; -                   ; open           ; open             ; open   ; 0 in             ; 0 H/in                 ; 0 F/in                 ; short        ; open          ; open            ; open  ; 0 V                 ; -                  ; n/a           ; n/a             ; n/a         ;
; green_out      ; 2.5 V        ; 0 in              ; 0 H/in                  ; 0 F/in                  ; short         ; -                   ; open           ; open             ; open   ; 0 in             ; 0 H/in                 ; 0 F/in                 ; short        ; open          ; open            ; open  ; 0 V                 ; -                  ; n/a           ; n/a             ; n/a         ;
; blue_out       ; 2.5 V        ; 0 in              ; 0 H/in                  ; 0 F/in                  ; short         ; -                   ; open           ; open             ; open   ; 0 in             ; 0 H/in                 ; 0 F/in                 ; short        ; open          ; open            ; open  ; 0 V                 ; -                  ; n/a           ; n/a             ; n/a         ;
; horiz_sync_out ; 2.5 V        ; 0 in              ; 0 H/in                  ; 0 F/in                  ; short         ; -                   ; open           ; open             ; open   ; 0 in             ; 0 H/in                 ; 0 F/in                 ; short        ; open          ; open            ; open  ; 0 V                 ; -                  ; n/a           ; n/a             ; n/a         ;
; vert_sync_out  ; 2.5 V        ; 0 in              ; 0 H/in                  ; 0 F/in                  ; short         ; -                   ; open           ; open             ; open   ; 0 in             ; 0 H/in                 ; 0 F/in                 ; short        ; open          ; open            ; open  ; 0 V                 ; -                  ; n/a           ; n/a             ; n/a         ;
; collision      ; 2.5 V        ; 0 in              ; 0 H/in                  ; 0 F/in                  ; short         ; -                   ; open           ; open             ; open   ; 0 in             ; 0 H/in                 ; 0 F/in                 ; short        ; open          ; open            ; open  ; 0 V                 ; -                  ; n/a           ; n/a             ; n/a         ;
+----------------+--------------+-------------------+-------------------------+-------------------------+---------------+---------------------+----------------+------------------+--------+------------------+------------------------+------------------------+--------------+---------------+-----------------+-------+---------------------+--------------------+---------------+-----------------+-------------+


+---------------------------------------------------------------+
; Input Transition Times                                        ;
+------------+--------------+-----------------+-----------------+
; Pin        ; I/O Standard ; 10-90 Rise Time ; 90-10 Fall Time ;
+------------+--------------+-----------------+-----------------+
; pb4        ; 2.5 V        ; 2000 ps         ; 2000 ps         ;
; mouse_data ; 2.5 V        ; 2000 ps         ; 2000 ps         ;
; mouse_clk  ; 2.5 V        ; 2000 ps         ; 2000 ps         ;
; pb3        ; 2.5 V        ; 2000 ps         ; 2000 ps         ;
; CLK        ; 2.5 V        ; 2000 ps         ; 2000 ps         ;
; pb1        ; 2.5 V        ; 2000 ps         ; 2000 ps         ;
; pb2        ; 2.5 V        ; 2000 ps         ; 2000 ps         ;
+------------+--------------+-----------------+-----------------+


+---------------------------------------------------------------------------------------------------------------------------------------------------------------------------------------------------------------------------------------------------------------------------------------------------------------------------------------------------------------------------------------------------------------------------------------------------------------------------------------------------------------------------------------------------------------------------------------------------------------------------------------------------------------------------------------------+
; Signal Integrity Metrics (Slow 1100mv 0c Model)                                                                                                                                                                                                                                                                                                                                                                                                                                                                                                                                                                                                                                             ;
+----------------+--------------+---------------------+---------------------+------------------------------+------------------------------+---------------------+---------------------+--------------------------------------+--------------------------------------+-----------------------------+-----------------------------+----------------------------+----------------------------+-----------------------------+-----------------------------+--------------------+--------------------+-------------------------------------+-------------------------------------+----------------------------+----------------------------+---------------------------+---------------------------+
; Pin            ; I/O Standard ; Board Delay on Rise ; Board Delay on Fall ; Steady State Voh at FPGA Pin ; Steady State Vol at FPGA Pin ; Voh Max at FPGA Pin ; Vol Min at FPGA Pin ; Ringback Voltage on Rise at FPGA Pin ; Ringback Voltage on Fall at FPGA Pin ; 10-90 Rise Time at FPGA Pin ; 90-10 Fall Time at FPGA Pin ; Monotonic Rise at FPGA Pin ; Monotonic Fall at FPGA Pin ; Steady State Voh at Far-end ; Steady State Vol at Far-end ; Voh Max at Far-end ; Vol Min at Far-end ; Ringback Voltage on Rise at Far-end ; Ringback Voltage on Fall at Far-end ; 10-90 Rise Time at Far-end ; 90-10 Fall Time at Far-end ; Monotonic Rise at Far-end ; Monotonic Fall at Far-end ;
+----------------+--------------+---------------------+---------------------+------------------------------+------------------------------+---------------------+---------------------+--------------------------------------+--------------------------------------+-----------------------------+-----------------------------+----------------------------+----------------------------+-----------------------------+-----------------------------+--------------------+--------------------+-------------------------------------+-------------------------------------+----------------------------+----------------------------+---------------------------+---------------------------+
; red_out        ; 2.5 V        ; 0 s                 ; 0 s                 ; 2.32 V                       ; 2.15e-07 V                   ; 2.41 V              ; -0.0492 V           ; 0.181 V                              ; 0.116 V                              ; 4.54e-10 s                  ; 4.44e-10 s                  ; No                         ; Yes                        ; 2.32 V                      ; 2.15e-07 V                  ; 2.41 V             ; -0.0492 V          ; 0.181 V                             ; 0.116 V                             ; 4.54e-10 s                 ; 4.44e-10 s                 ; No                        ; Yes                       ;
; green_out      ; 2.5 V        ; 0 s                 ; 0 s                 ; 2.32 V                       ; 1.88e-07 V                   ; 2.35 V              ; -0.0185 V           ; 0.153 V                              ; 0.099 V                              ; 4.6e-10 s                   ; 4.48e-10 s                  ; No                         ; Yes                        ; 2.32 V                      ; 1.88e-07 V                  ; 2.35 V             ; -0.0185 V          ; 0.153 V                             ; 0.099 V                             ; 4.6e-10 s                  ; 4.48e-10 s                 ; No                        ; Yes                       ;
; blue_out       ; 2.5 V        ; 0 s                 ; 0 s                 ; 2.32 V                       ; 1.88e-07 V                   ; 2.35 V              ; -0.0185 V           ; 0.153 V                              ; 0.099 V                              ; 4.6e-10 s                   ; 4.48e-10 s                  ; No                         ; Yes                        ; 2.32 V                      ; 1.88e-07 V                  ; 2.35 V             ; -0.0185 V          ; 0.153 V                             ; 0.099 V                             ; 4.6e-10 s                  ; 4.48e-10 s                 ; No                        ; Yes                       ;
; horiz_sync_out ; 2.5 V        ; 0 s                 ; 0 s                 ; 2.32 V                       ; 2.15e-07 V                   ; 2.41 V              ; -0.0492 V           ; 0.181 V                              ; 0.116 V                              ; 4.54e-10 s                  ; 4.44e-10 s                  ; No                         ; Yes                        ; 2.32 V                      ; 2.15e-07 V                  ; 2.41 V             ; -0.0492 V          ; 0.181 V                             ; 0.116 V                             ; 4.54e-10 s                 ; 4.44e-10 s                 ; No                        ; Yes                       ;
; vert_sync_out  ; 2.5 V        ; 0 s                 ; 0 s                 ; 2.32 V                       ; 2.15e-07 V                   ; 2.41 V              ; -0.0495 V           ; 0.18 V                               ; 0.115 V                              ; 4.54e-10 s                  ; 4.44e-10 s                  ; No                         ; Yes                        ; 2.32 V                      ; 2.15e-07 V                  ; 2.41 V             ; -0.0495 V          ; 0.18 V                              ; 0.115 V                             ; 4.54e-10 s                 ; 4.44e-10 s                 ; No                        ; Yes                       ;
; collision      ; 2.5 V        ; 0 s                 ; 0 s                 ; 2.32 V                       ; 2.15e-07 V                   ; 2.41 V              ; -0.0492 V           ; 0.181 V                              ; 0.116 V                              ; 4.54e-10 s                  ; 4.44e-10 s                  ; No                         ; Yes                        ; 2.32 V                      ; 2.15e-07 V                  ; 2.41 V             ; -0.0492 V          ; 0.181 V                             ; 0.116 V                             ; 4.54e-10 s                 ; 4.44e-10 s                 ; No                        ; Yes                       ;
+----------------+--------------+---------------------+---------------------+------------------------------+------------------------------+---------------------+---------------------+--------------------------------------+--------------------------------------+-----------------------------+-----------------------------+----------------------------+----------------------------+-----------------------------+-----------------------------+--------------------+--------------------+-------------------------------------+-------------------------------------+----------------------------+----------------------------+---------------------------+---------------------------+


+---------------------------------------------------------------------------------------------------------------------------------------------------------------------------------------------------------------------------------------------------------------------------------------------------------------------------------------------------------------------------------------------------------------------------------------------------------------------------------------------------------------------------------------------------------------------------------------------------------------------------------------------------------------------------------------------+
; Signal Integrity Metrics (Slow 1100mv 85c Model)                                                                                                                                                                                                                                                                                                                                                                                                                                                                                                                                                                                                                                            ;
+----------------+--------------+---------------------+---------------------+------------------------------+------------------------------+---------------------+---------------------+--------------------------------------+--------------------------------------+-----------------------------+-----------------------------+----------------------------+----------------------------+-----------------------------+-----------------------------+--------------------+--------------------+-------------------------------------+-------------------------------------+----------------------------+----------------------------+---------------------------+---------------------------+
; Pin            ; I/O Standard ; Board Delay on Rise ; Board Delay on Fall ; Steady State Voh at FPGA Pin ; Steady State Vol at FPGA Pin ; Voh Max at FPGA Pin ; Vol Min at FPGA Pin ; Ringback Voltage on Rise at FPGA Pin ; Ringback Voltage on Fall at FPGA Pin ; 10-90 Rise Time at FPGA Pin ; 90-10 Fall Time at FPGA Pin ; Monotonic Rise at FPGA Pin ; Monotonic Fall at FPGA Pin ; Steady State Voh at Far-end ; Steady State Vol at Far-end ; Voh Max at Far-end ; Vol Min at Far-end ; Ringback Voltage on Rise at Far-end ; Ringback Voltage on Fall at Far-end ; 10-90 Rise Time at Far-end ; 90-10 Fall Time at Far-end ; Monotonic Rise at Far-end ; Monotonic Fall at Far-end ;
+----------------+--------------+---------------------+---------------------+------------------------------+------------------------------+---------------------+---------------------+--------------------------------------+--------------------------------------+-----------------------------+-----------------------------+----------------------------+----------------------------+-----------------------------+-----------------------------+--------------------+--------------------+-------------------------------------+-------------------------------------+----------------------------+----------------------------+---------------------------+---------------------------+
; red_out        ; 2.5 V        ; 0 s                 ; 0 s                 ; 2.32 V                       ; 2.52e-05 V                   ; 2.38 V              ; -0.032 V            ; 0.204 V                              ; 0.181 V                              ; 4.74e-10 s                  ; 4.85e-10 s                  ; No                         ; Yes                        ; 2.32 V                      ; 2.52e-05 V                  ; 2.38 V             ; -0.032 V           ; 0.204 V                             ; 0.181 V                             ; 4.74e-10 s                 ; 4.85e-10 s                 ; No                        ; Yes                       ;
; green_out      ; 2.5 V        ; 0 s                 ; 0 s                 ; 2.32 V                       ; 2.27e-05 V                   ; 2.34 V              ; -0.0089 V           ; 0.206 V                              ; 0.058 V                              ; 4.97e-10 s                  ; 5.13e-10 s                  ; Yes                        ; Yes                        ; 2.32 V                      ; 2.27e-05 V                  ; 2.34 V             ; -0.0089 V          ; 0.206 V                             ; 0.058 V                             ; 4.97e-10 s                 ; 5.13e-10 s                 ; Yes                       ; Yes                       ;
; blue_out       ; 2.5 V        ; 0 s                 ; 0 s                 ; 2.32 V                       ; 2.27e-05 V                   ; 2.34 V              ; -0.0089 V           ; 0.206 V                              ; 0.058 V                              ; 4.97e-10 s                  ; 5.13e-10 s                  ; Yes                        ; Yes                        ; 2.32 V                      ; 2.27e-05 V                  ; 2.34 V             ; -0.0089 V          ; 0.206 V                             ; 0.058 V                             ; 4.97e-10 s                 ; 5.13e-10 s                 ; Yes                       ; Yes                       ;
; horiz_sync_out ; 2.5 V        ; 0 s                 ; 0 s                 ; 2.32 V                       ; 2.52e-05 V                   ; 2.38 V              ; -0.032 V            ; 0.204 V                              ; 0.181 V                              ; 4.74e-10 s                  ; 4.85e-10 s                  ; No                         ; Yes                        ; 2.32 V                      ; 2.52e-05 V                  ; 2.38 V             ; -0.032 V           ; 0.204 V                             ; 0.181 V                             ; 4.74e-10 s                 ; 4.85e-10 s                 ; No                        ; Yes                       ;
; vert_sync_out  ; 2.5 V        ; 0 s                 ; 0 s                 ; 2.32 V                       ; 2.52e-05 V                   ; 2.38 V              ; -0.0315 V           ; 0.205 V                              ; 0.182 V                              ; 4.74e-10 s                  ; 4.85e-10 s                  ; No                         ; Yes                        ; 2.32 V                      ; 2.52e-05 V                  ; 2.38 V             ; -0.0315 V          ; 0.205 V                             ; 0.182 V                             ; 4.74e-10 s                 ; 4.85e-10 s                 ; No                        ; Yes                       ;
; collision      ; 2.5 V        ; 0 s                 ; 0 s                 ; 2.32 V                       ; 2.52e-05 V                   ; 2.38 V              ; -0.032 V            ; 0.204 V                              ; 0.181 V                              ; 4.74e-10 s                  ; 4.85e-10 s                  ; No                         ; Yes                        ; 2.32 V                      ; 2.52e-05 V                  ; 2.38 V             ; -0.032 V           ; 0.204 V                             ; 0.181 V                             ; 4.74e-10 s                 ; 4.85e-10 s                 ; No                        ; Yes                       ;
+----------------+--------------+---------------------+---------------------+------------------------------+------------------------------+---------------------+---------------------+--------------------------------------+--------------------------------------+-----------------------------+-----------------------------+----------------------------+----------------------------+-----------------------------+-----------------------------+--------------------+--------------------+-------------------------------------+-------------------------------------+----------------------------+----------------------------+---------------------------+---------------------------+


+---------------------------------------------------------------------------------------------------------------------------------------------------------------------------------------------------------------------------------------------------------------------------------------------------------------------------------------------------------------------------------------------------------------------------------------------------------------------------------------------------------------------------------------------------------------------------------------------------------------------------------------------------------------------------------------------+
; Signal Integrity Metrics (Fast 1100mv 0c Model)                                                                                                                                                                                                                                                                                                                                                                                                                                                                                                                                                                                                                                             ;
+----------------+--------------+---------------------+---------------------+------------------------------+------------------------------+---------------------+---------------------+--------------------------------------+--------------------------------------+-----------------------------+-----------------------------+----------------------------+----------------------------+-----------------------------+-----------------------------+--------------------+--------------------+-------------------------------------+-------------------------------------+----------------------------+----------------------------+---------------------------+---------------------------+
; Pin            ; I/O Standard ; Board Delay on Rise ; Board Delay on Fall ; Steady State Voh at FPGA Pin ; Steady State Vol at FPGA Pin ; Voh Max at FPGA Pin ; Vol Min at FPGA Pin ; Ringback Voltage on Rise at FPGA Pin ; Ringback Voltage on Fall at FPGA Pin ; 10-90 Rise Time at FPGA Pin ; 90-10 Fall Time at FPGA Pin ; Monotonic Rise at FPGA Pin ; Monotonic Fall at FPGA Pin ; Steady State Voh at Far-end ; Steady State Vol at Far-end ; Voh Max at Far-end ; Vol Min at Far-end ; Ringback Voltage on Rise at Far-end ; Ringback Voltage on Fall at Far-end ; 10-90 Rise Time at Far-end ; 90-10 Fall Time at Far-end ; Monotonic Rise at Far-end ; Monotonic Fall at Far-end ;
+----------------+--------------+---------------------+---------------------+------------------------------+------------------------------+---------------------+---------------------+--------------------------------------+--------------------------------------+-----------------------------+-----------------------------+----------------------------+----------------------------+-----------------------------+-----------------------------+--------------------+--------------------+-------------------------------------+-------------------------------------+----------------------------+----------------------------+---------------------------+---------------------------+
; red_out        ; 2.5 V        ; 0 s                 ; 0 s                 ; 2.75 V                       ; 4.14e-06 V                   ; 2.91 V              ; -0.119 V            ; 0.326 V                              ; 0.298 V                              ; 2.74e-10 s                  ; 2.8e-10 s                   ; No                         ; No                         ; 2.75 V                      ; 4.14e-06 V                  ; 2.91 V             ; -0.119 V           ; 0.326 V                             ; 0.298 V                             ; 2.74e-10 s                 ; 2.8e-10 s                  ; No                        ; No                        ;
; green_out      ; 2.5 V        ; 0 s                 ; 0 s                 ; 2.75 V                       ; 3.54e-06 V                   ; 2.81 V              ; -0.0578 V           ; 0.303 V                              ; 0.28 V                               ; 2.93e-10 s                  ; 3.01e-10 s                  ; No                         ; No                         ; 2.75 V                      ; 3.54e-06 V                  ; 2.81 V             ; -0.0578 V          ; 0.303 V                             ; 0.28 V                              ; 2.93e-10 s                 ; 3.01e-10 s                 ; No                        ; No                        ;
; blue_out       ; 2.5 V        ; 0 s                 ; 0 s                 ; 2.75 V                       ; 3.54e-06 V                   ; 2.81 V              ; -0.0578 V           ; 0.303 V                              ; 0.28 V                               ; 2.93e-10 s                  ; 3.01e-10 s                  ; No                         ; No                         ; 2.75 V                      ; 3.54e-06 V                  ; 2.81 V             ; -0.0578 V          ; 0.303 V                             ; 0.28 V                              ; 2.93e-10 s                 ; 3.01e-10 s                 ; No                        ; No                        ;
; horiz_sync_out ; 2.5 V        ; 0 s                 ; 0 s                 ; 2.75 V                       ; 4.14e-06 V                   ; 2.91 V              ; -0.119 V            ; 0.326 V                              ; 0.298 V                              ; 2.74e-10 s                  ; 2.8e-10 s                   ; No                         ; No                         ; 2.75 V                      ; 4.14e-06 V                  ; 2.91 V             ; -0.119 V           ; 0.326 V                             ; 0.298 V                             ; 2.74e-10 s                 ; 2.8e-10 s                  ; No                        ; No                        ;
; vert_sync_out  ; 2.5 V        ; 0 s                 ; 0 s                 ; 2.75 V                       ; 4.14e-06 V                   ; 2.91 V              ; -0.121 V            ; 0.326 V                              ; 0.297 V                              ; 2.74e-10 s                  ; 2.8e-10 s                   ; No                         ; No                         ; 2.75 V                      ; 4.14e-06 V                  ; 2.91 V             ; -0.121 V           ; 0.326 V                             ; 0.297 V                             ; 2.74e-10 s                 ; 2.8e-10 s                  ; No                        ; No                        ;
; collision      ; 2.5 V        ; 0 s                 ; 0 s                 ; 2.75 V                       ; 4.14e-06 V                   ; 2.91 V              ; -0.119 V            ; 0.326 V                              ; 0.298 V                              ; 2.74e-10 s                  ; 2.8e-10 s                   ; No                         ; No                         ; 2.75 V                      ; 4.14e-06 V                  ; 2.91 V             ; -0.119 V           ; 0.326 V                             ; 0.298 V                             ; 2.74e-10 s                 ; 2.8e-10 s                  ; No                        ; No                        ;
+----------------+--------------+---------------------+---------------------+------------------------------+------------------------------+---------------------+---------------------+--------------------------------------+--------------------------------------+-----------------------------+-----------------------------+----------------------------+----------------------------+-----------------------------+-----------------------------+--------------------+--------------------+-------------------------------------+-------------------------------------+----------------------------+----------------------------+---------------------------+---------------------------+


+---------------------------------------------------------------------------------------------------------------------------------------------------------------------------------------------------------------------------------------------------------------------------------------------------------------------------------------------------------------------------------------------------------------------------------------------------------------------------------------------------------------------------------------------------------------------------------------------------------------------------------------------------------------------------------------------+
; Signal Integrity Metrics (Fast 1100mv 85c Model)                                                                                                                                                                                                                                                                                                                                                                                                                                                                                                                                                                                                                                            ;
+----------------+--------------+---------------------+---------------------+------------------------------+------------------------------+---------------------+---------------------+--------------------------------------+--------------------------------------+-----------------------------+-----------------------------+----------------------------+----------------------------+-----------------------------+-----------------------------+--------------------+--------------------+-------------------------------------+-------------------------------------+----------------------------+----------------------------+---------------------------+---------------------------+
; Pin            ; I/O Standard ; Board Delay on Rise ; Board Delay on Fall ; Steady State Voh at FPGA Pin ; Steady State Vol at FPGA Pin ; Voh Max at FPGA Pin ; Vol Min at FPGA Pin ; Ringback Voltage on Rise at FPGA Pin ; Ringback Voltage on Fall at FPGA Pin ; 10-90 Rise Time at FPGA Pin ; 90-10 Fall Time at FPGA Pin ; Monotonic Rise at FPGA Pin ; Monotonic Fall at FPGA Pin ; Steady State Voh at Far-end ; Steady State Vol at Far-end ; Voh Max at Far-end ; Vol Min at Far-end ; Ringback Voltage on Rise at Far-end ; Ringback Voltage on Fall at Far-end ; 10-90 Rise Time at Far-end ; 90-10 Fall Time at Far-end ; Monotonic Rise at Far-end ; Monotonic Fall at Far-end ;
+----------------+--------------+---------------------+---------------------+------------------------------+------------------------------+---------------------+---------------------+--------------------------------------+--------------------------------------+-----------------------------+-----------------------------+----------------------------+----------------------------+-----------------------------+-----------------------------+--------------------+--------------------+-------------------------------------+-------------------------------------+----------------------------+----------------------------+---------------------------+---------------------------+
; red_out        ; 2.5 V        ; 0 s                 ; 0 s                 ; 2.75 V                       ; 0.000242 V                   ; 2.86 V              ; -0.0805 V           ; 0.358 V                              ; 0.156 V                              ; 3.01e-10 s                  ; 4.34e-10 s                  ; No                         ; No                         ; 2.75 V                      ; 0.000242 V                  ; 2.86 V             ; -0.0805 V          ; 0.358 V                             ; 0.156 V                             ; 3.01e-10 s                 ; 4.34e-10 s                 ; No                        ; No                        ;
; green_out      ; 2.5 V        ; 0 s                 ; 0 s                 ; 2.75 V                       ; 0.000213 V                   ; 2.79 V              ; -0.0324 V           ; 0.139 V                              ; 0.119 V                              ; 4.42e-10 s                  ; 4.33e-10 s                  ; No                         ; Yes                        ; 2.75 V                      ; 0.000213 V                  ; 2.79 V             ; -0.0324 V          ; 0.139 V                             ; 0.119 V                             ; 4.42e-10 s                 ; 4.33e-10 s                 ; No                        ; Yes                       ;
; blue_out       ; 2.5 V        ; 0 s                 ; 0 s                 ; 2.75 V                       ; 0.000213 V                   ; 2.79 V              ; -0.0324 V           ; 0.139 V                              ; 0.119 V                              ; 4.42e-10 s                  ; 4.33e-10 s                  ; No                         ; Yes                        ; 2.75 V                      ; 0.000213 V                  ; 2.79 V             ; -0.0324 V          ; 0.139 V                             ; 0.119 V                             ; 4.42e-10 s                 ; 4.33e-10 s                 ; No                        ; Yes                       ;
; horiz_sync_out ; 2.5 V        ; 0 s                 ; 0 s                 ; 2.75 V                       ; 0.000242 V                   ; 2.86 V              ; -0.0805 V           ; 0.358 V                              ; 0.156 V                              ; 3.01e-10 s                  ; 4.34e-10 s                  ; No                         ; No                         ; 2.75 V                      ; 0.000242 V                  ; 2.86 V             ; -0.0805 V          ; 0.358 V                             ; 0.156 V                             ; 3.01e-10 s                 ; 4.34e-10 s                 ; No                        ; No                        ;
; vert_sync_out  ; 2.5 V        ; 0 s                 ; 0 s                 ; 2.75 V                       ; 0.000242 V                   ; 2.86 V              ; -0.0814 V           ; 0.36 V                               ; 0.156 V                              ; 3e-10 s                     ; 4.34e-10 s                  ; No                         ; No                         ; 2.75 V                      ; 0.000242 V                  ; 2.86 V             ; -0.0814 V          ; 0.36 V                              ; 0.156 V                             ; 3e-10 s                    ; 4.34e-10 s                 ; No                        ; No                        ;
; collision      ; 2.5 V        ; 0 s                 ; 0 s                 ; 2.75 V                       ; 0.000242 V                   ; 2.86 V              ; -0.0805 V           ; 0.358 V                              ; 0.156 V                              ; 3.01e-10 s                  ; 4.34e-10 s                  ; No                         ; No                         ; 2.75 V                      ; 0.000242 V                  ; 2.86 V             ; -0.0805 V          ; 0.358 V                             ; 0.156 V                             ; 3.01e-10 s                 ; 4.34e-10 s                 ; No                        ; No                        ;
+----------------+--------------+---------------------+---------------------+------------------------------+------------------------------+---------------------+---------------------+--------------------------------------+--------------------------------------+-----------------------------+-----------------------------+----------------------------+----------------------------+-----------------------------+-----------------------------+--------------------+--------------------+-------------------------------------+-------------------------------------+----------------------------+----------------------------+---------------------------+---------------------------+


+---------------------------------------------------------------------------------------------------------------------+
; Setup Transfers                                                                                                     ;
+------------------------------------+------------------------------------+----------+----------+----------+----------+
; From Clock                         ; To Clock                           ; RR Paths ; FR Paths ; RF Paths ; FF Paths ;
+------------------------------------+------------------------------------+----------+----------+----------+----------+
; Div:div_design|t_clkDiv            ; CLK                                ; 1        ; 1        ; 0        ; 0        ;
; Div:div_design|t_clkDiv            ; Div:div_design|t_clkDiv            ; 1968     ; 0        ; 0        ; 0        ;
; pb2                                ; Div:div_design|t_clkDiv            ; 42       ; 21       ; 0        ; 0        ;
; VGA_SYNC:vga_design|horiz_sync_out ; Div:div_design|t_clkDiv            ; 474      ; 0        ; 0        ; 0        ;
; VGA_SYNC:vga_design|vert_sync_out  ; Div:div_design|t_clkDiv            ; 134      ; 0        ; 0        ; 0        ;
; Div:div_design|t_clkDiv            ; pb2                                ; 9        ; 0        ; 0        ; 0        ;
; Div:div_design|t_clkDiv            ; VGA_SYNC:vga_design|horiz_sync_out ; 396      ; 0        ; 0        ; 0        ;
; pb2                                ; VGA_SYNC:vga_design|horiz_sync_out ; 396      ; 198      ; 0        ; 0        ;
; VGA_SYNC:vga_design|horiz_sync_out ; VGA_SYNC:vga_design|horiz_sync_out ; 1679     ; 0        ; 0        ; 0        ;
; VGA_SYNC:vga_design|vert_sync_out  ; VGA_SYNC:vga_design|vert_sync_out  ; 14479    ; 0        ; 0        ; 0        ;
+------------------------------------+------------------------------------+----------+----------+----------+----------+
Entries labeled "false path" only account for clock-to-clock false paths and not path-based false paths. As a result, actual path counts may be lower than reported.


+---------------------------------------------------------------------------------------------------------------------+
; Hold Transfers                                                                                                      ;
+------------------------------------+------------------------------------+----------+----------+----------+----------+
; From Clock                         ; To Clock                           ; RR Paths ; FR Paths ; RF Paths ; FF Paths ;
+------------------------------------+------------------------------------+----------+----------+----------+----------+
; Div:div_design|t_clkDiv            ; CLK                                ; 1        ; 1        ; 0        ; 0        ;
; Div:div_design|t_clkDiv            ; Div:div_design|t_clkDiv            ; 1968     ; 0        ; 0        ; 0        ;
; pb2                                ; Div:div_design|t_clkDiv            ; 42       ; 21       ; 0        ; 0        ;
; VGA_SYNC:vga_design|horiz_sync_out ; Div:div_design|t_clkDiv            ; 474      ; 0        ; 0        ; 0        ;
; VGA_SYNC:vga_design|vert_sync_out  ; Div:div_design|t_clkDiv            ; 134      ; 0        ; 0        ; 0        ;
; Div:div_design|t_clkDiv            ; pb2                                ; 9        ; 0        ; 0        ; 0        ;
; Div:div_design|t_clkDiv            ; VGA_SYNC:vga_design|horiz_sync_out ; 396      ; 0        ; 0        ; 0        ;
; pb2                                ; VGA_SYNC:vga_design|horiz_sync_out ; 396      ; 198      ; 0        ; 0        ;
; VGA_SYNC:vga_design|horiz_sync_out ; VGA_SYNC:vga_design|horiz_sync_out ; 1679     ; 0        ; 0        ; 0        ;
; VGA_SYNC:vga_design|vert_sync_out  ; VGA_SYNC:vga_design|vert_sync_out  ; 14479    ; 0        ; 0        ; 0        ;
+------------------------------------+------------------------------------+----------+----------+----------+----------+
Entries labeled "false path" only account for clock-to-clock false paths and not path-based false paths. As a result, actual path counts may be lower than reported.


+----------------------------------------------------------------------------------+
; Recovery Transfers                                                               ;
+------------+-------------------------+----------+----------+----------+----------+
; From Clock ; To Clock                ; RR Paths ; FR Paths ; RF Paths ; FF Paths ;
+------------+-------------------------+----------+----------+----------+----------+
; pb2        ; Div:div_design|t_clkDiv ; 9        ; 9        ; 0        ; 0        ;
+------------+-------------------------+----------+----------+----------+----------+
Entries labeled "false path" only account for clock-to-clock false paths and not path-based false paths. As a result, actual path counts may be lower than reported.


+----------------------------------------------------------------------------------+
; Removal Transfers                                                                ;
+------------+-------------------------+----------+----------+----------+----------+
; From Clock ; To Clock                ; RR Paths ; FR Paths ; RF Paths ; FF Paths ;
+------------+-------------------------+----------+----------+----------+----------+
; pb2        ; Div:div_design|t_clkDiv ; 9        ; 9        ; 0        ; 0        ;
+------------+-------------------------+----------+----------+----------+----------+
Entries labeled "false path" only account for clock-to-clock false paths and not path-based false paths. As a result, actual path counts may be lower than reported.


---------------
; Report TCCS ;
---------------
No dedicated SERDES Transmitter circuitry present in device or used in design


---------------
; Report RSKM ;
---------------
No non-DPA dedicated SERDES Receiver circuitry present in device or used in design


+------------------------------------------------+
; Unconstrained Paths Summary                    ;
+---------------------------------+-------+------+
; Property                        ; Setup ; Hold ;
+---------------------------------+-------+------+
; Illegal Clocks                  ; 0     ; 0    ;
; Unconstrained Clocks            ; 0     ; 0    ;
; Unconstrained Input Ports       ; 2     ; 2    ;
; Unconstrained Input Port Paths  ; 97    ; 97   ;
; Unconstrained Output Ports      ; 5     ; 5    ;
; Unconstrained Output Port Paths ; 5     ; 5    ;
+---------------------------------+-------+------+


+----------------------------------------------------------------------------------------------+
; Clock Status Summary                                                                         ;
+------------------------------------+------------------------------------+------+-------------+
; Target                             ; Clock                              ; Type ; Status      ;
+------------------------------------+------------------------------------+------+-------------+
; CLK                                ; CLK                                ; Base ; Constrained ;
; Div:div_design|t_clkDiv            ; Div:div_design|t_clkDiv            ; Base ; Constrained ;
; VGA_SYNC:vga_design|horiz_sync_out ; VGA_SYNC:vga_design|horiz_sync_out ; Base ; Constrained ;
; VGA_SYNC:vga_design|vert_sync_out  ; VGA_SYNC:vga_design|vert_sync_out  ; Base ; Constrained ;
; pb2                                ; pb2                                ; Base ; Constrained ;
+------------------------------------+------------------------------------+------+-------------+


+---------------------------------------------------------------------------------------------------+
; Unconstrained Input Ports                                                                         ;
+------------+--------------------------------------------------------------------------------------+
; Input Port ; Comment                                                                              ;
+------------+--------------------------------------------------------------------------------------+
; pb1        ; No input delay, min/max delays, false-path exceptions, or max skew assignments found ;
; pb3        ; No input delay, min/max delays, false-path exceptions, or max skew assignments found ;
+------------+--------------------------------------------------------------------------------------+


+--------------------------------------------------------------------------------------------------------+
; Unconstrained Output Ports                                                                             ;
+----------------+---------------------------------------------------------------------------------------+
; Output Port    ; Comment                                                                               ;
+----------------+---------------------------------------------------------------------------------------+
; blue_out       ; No output delay, min/max delays, false-path exceptions, or max skew assignments found ;
; green_out      ; No output delay, min/max delays, false-path exceptions, or max skew assignments found ;
; horiz_sync_out ; No output delay, min/max delays, false-path exceptions, or max skew assignments found ;
; red_out        ; No output delay, min/max delays, false-path exceptions, or max skew assignments found ;
; vert_sync_out  ; No output delay, min/max delays, false-path exceptions, or max skew assignments found ;
+----------------+---------------------------------------------------------------------------------------+


+---------------------------------------------------------------------------------------------------+
; Unconstrained Input Ports                                                                         ;
+------------+--------------------------------------------------------------------------------------+
; Input Port ; Comment                                                                              ;
+------------+--------------------------------------------------------------------------------------+
; pb1        ; No input delay, min/max delays, false-path exceptions, or max skew assignments found ;
; pb3        ; No input delay, min/max delays, false-path exceptions, or max skew assignments found ;
+------------+--------------------------------------------------------------------------------------+


+--------------------------------------------------------------------------------------------------------+
; Unconstrained Output Ports                                                                             ;
+----------------+---------------------------------------------------------------------------------------+
; Output Port    ; Comment                                                                               ;
+----------------+---------------------------------------------------------------------------------------+
; blue_out       ; No output delay, min/max delays, false-path exceptions, or max skew assignments found ;
; green_out      ; No output delay, min/max delays, false-path exceptions, or max skew assignments found ;
; horiz_sync_out ; No output delay, min/max delays, false-path exceptions, or max skew assignments found ;
; red_out        ; No output delay, min/max delays, false-path exceptions, or max skew assignments found ;
; vert_sync_out  ; No output delay, min/max delays, false-path exceptions, or max skew assignments found ;
+----------------+---------------------------------------------------------------------------------------+


+--------------------------+
; Timing Analyzer Messages ;
+--------------------------+
Info: *******************************************************************
Info: Running Quartus Prime Timing Analyzer
    Info: Version 18.1.0 Build 625 09/12/2018 SJ Lite Edition
    Info: Processing started: Tue May 23 17:52:35 2023
Info: Command: quartus_sta Project_Flappy_v1 -c Project_Flappy_v1
Info: qsta_default_script.tcl version: #1
Warning (20013): Ignored 24 assignments for entity "DE0_CV_Default" -- entity does not exist in design
    Warning (20014): Assignment for entity set_instance_assignment -name PARTITION_HIERARCHY root_partition -to | -entity DE0_CV_Default -section_id Top was ignored
    Warning (20014): Assignment for entity set_global_assignment -name PARTITION_NETLIST_TYPE SOURCE -entity DE0_CV_Default -section_id Top was ignored
    Warning (20014): Assignment for entity set_global_assignment -name PARTITION_FITTER_PRESERVATION_LEVEL PLACEMENT_AND_ROUTING -entity DE0_CV_Default -section_id Top was ignored
    Warning (20014): Assignment for entity set_global_assignment -name PARTITION_PRESERVE_HIGH_SPEED_TILES ON -entity DE0_CV_Default -section_id Top was ignored
    Warning (20014): Assignment for entity set_global_assignment -name PARTITION_IGNORE_SOURCE_FILE_CHANGES OFF -entity DE0_CV_Default -section_id Top was ignored
    Warning (20014): Assignment for entity set_global_assignment -name PARTITION_ALWAYS_USE_QXP_NETLIST OFF -entity DE0_CV_Default -section_id Top was ignored
    Warning (20014): Assignment for entity set_global_assignment -name PARTITION_COLOR 16764057 -entity DE0_CV_Default -section_id Top was ignored
    Warning (20014): Assignment for entity set_global_assignment -name PARTITION_IMPORT_ASSIGNMENTS ON -entity DE0_CV_Default -section_id Top was ignored
    Warning (20014): Assignment for entity set_global_assignment -name PARTITION_IMPORT_EXISTING_ASSIGNMENTS REPLACE_CONFLICTING -entity DE0_CV_Default -section_id Top was ignored
    Warning (20014): Assignment for entity set_global_assignment -name PARTITION_IMPORT_EXISTING_LOGICLOCK_REGIONS UPDATE_CONFLICTING -entity DE0_CV_Default -section_id Top was ignored
    Warning (20014): Assignment for entity set_global_assignment -name PARTITION_IMPORT_PIN_ASSIGNMENTS ON -entity DE0_CV_Default -section_id Top was ignored
    Warning (20014): Assignment for entity set_global_assignment -name PARTITION_IMPORT_PROMOTE_ASSIGNMENTS ON -entity DE0_CV_Default -section_id Top was ignored
    Warning (20014): Assignment for entity set_global_assignment -name PARTITION_TYPE STANDARD_PARTITION -entity DE0_CV_Default -section_id Top was ignored
    Warning (20014): Assignment for entity set_global_assignment -name ALLOW_MULTIPLE_PERSONAS OFF -entity DE0_CV_Default -section_id Top was ignored
    Warning (20014): Assignment for entity set_global_assignment -name PARTITION_ASD_REGION_ID 1 -entity DE0_CV_Default -section_id Top was ignored
    Warning (20014): Assignment for entity set_global_assignment -name CROSS_BOUNDARY_OPTIMIZATIONS OFF -entity DE0_CV_Default -section_id Top was ignored
    Warning (20014): Assignment for entity set_global_assignment -name PROPAGATE_CONSTANTS_ON_INPUTS ON -entity DE0_CV_Default -section_id Top was ignored
    Warning (20014): Assignment for entity set_global_assignment -name PROPAGATE_INVERSIONS_ON_INPUTS ON -entity DE0_CV_Default -section_id Top was ignored
    Warning (20014): Assignment for entity set_global_assignment -name REMOVE_LOGIC_ON_UNCONNECTED_OUTPUTS ON -entity DE0_CV_Default -section_id Top was ignored
    Warning (20014): Assignment for entity set_global_assignment -name MERGE_EQUIVALENT_INPUTS ON -entity DE0_CV_Default -section_id Top was ignored
    Warning (20014): Assignment for entity set_global_assignment -name MERGE_EQUIVALENT_BIDIRS ON -entity DE0_CV_Default -section_id Top was ignored
    Warning (20014): Assignment for entity set_global_assignment -name ABSORB_PATHS_FROM_OUTPUTS_TO_INPUTS ON -entity DE0_CV_Default -section_id Top was ignored
    Warning (20014): Assignment for entity set_global_assignment -name PARTITION_EXTRACT_HARD_BLOCK_NODES ON -entity DE0_CV_Default -section_id Top was ignored
    Warning (20014): Assignment for entity set_global_assignment -name PARTITION_ENABLE_STRICT_PRESERVATION OFF -entity DE0_CV_Default -section_id Top was ignored
Warning (18236): Number of processors has not been specified which may cause overloading on shared machines.  Set the global assignment NUM_PARALLEL_PROCESSORS in your QSF to an appropriate value for best performance.
Info (20030): Parallel compilation is enabled and will use 16 of the 16 processors detected
Info (21077): Low junction temperature is 0 degrees C
Info (21077): High junction temperature is 85 degrees C
Warning (335093): The Timing Analyzer is analyzing 10 combinational loops as latches. For more details, run the Check Timing command in the Timing Analyzer or view the "User-Specified and Inferred Latches" table in the Analysis & Synthesis report.
Critical Warning (332012): Synopsys Design Constraints File file not found: 'Project_Flappy_v1.sdc'. A Synopsys Design Constraints File is required by the Timing Analyzer to get proper timing constraints. Without it, the Compiler will not properly optimize the design.
Info (332142): No user constrained base clocks found in the design. Calling "derive_clocks -period 1.0"
Info (332105): Deriving Clocks
    Info (332105): create_clock -period 1.000 -name VGA_SYNC:vga_design|horiz_sync_out VGA_SYNC:vga_design|horiz_sync_out
    Info (332105): create_clock -period 1.000 -name Div:div_design|t_clkDiv Div:div_design|t_clkDiv
    Info (332105): create_clock -period 1.000 -name CLK CLK
    Info (332105): create_clock -period 1.000 -name pb2 pb2
    Info (332105): create_clock -period 1.000 -name VGA_SYNC:vga_design|vert_sync_out VGA_SYNC:vga_design|vert_sync_out
Info (332143): No user constrained clock uncertainty found in the design. Calling "derive_clock_uncertainty"
Info (332123): Deriving Clock Uncertainty. Please refer to report_sdc in the Timing Analyzer to see clock uncertainties.
Info: Found TIMING_ANALYZER_REPORT_SCRIPT_INCLUDE_DEFAULT_ANALYSIS = ON
Info: Analyzing Slow 1100mV 85C Model
Critical Warning (332148): Timing requirements not met
    Info (11105): For recommendations on closing timing, run Report Timing Closure Recommendations in the Timing Analyzer.
Info (332146): Worst-case setup slack is -6.119
    Info (332119):     Slack       End Point TNS Clock 
    Info (332119): ========= =================== =====================
    Info (332119):    -6.119            -108.023 VGA_SYNC:vga_design|vert_sync_out 
    Info (332119):    -5.293            -293.948 VGA_SYNC:vga_design|horiz_sync_out 
    Info (332119):    -5.291            -260.806 Div:div_design|t_clkDiv 
    Info (332119):    -3.643             -30.969 pb2 
    Info (332119):    -2.392              -2.392 CLK 
Info (332146): Worst-case hold slack is 0.631
    Info (332119):     Slack       End Point TNS Clock 
    Info (332119): ========= =================== =====================
    Info (332119):     0.631               0.000 Div:div_design|t_clkDiv 
    Info (332119):     0.759               0.000 CLK 
    Info (332119):     0.890               0.000 pb2 
    Info (332119):     1.013               0.000 VGA_SYNC:vga_design|vert_sync_out 
    Info (332119):     1.092               0.000 VGA_SYNC:vga_design|horiz_sync_out 
Info (332146): Worst-case recovery slack is -1.969
    Info (332119):     Slack       End Point TNS Clock 
    Info (332119): ========= =================== =====================
    Info (332119):    -1.969             -16.928 Div:div_design|t_clkDiv 
Info (332146): Worst-case removal slack is 0.912
    Info (332119):     Slack       End Point TNS Clock 
    Info (332119): ========= =================== =====================
    Info (332119):     0.912               0.000 Div:div_design|t_clkDiv 
Info (332146): Worst-case minimum pulse width slack is -2.636
    Info (332119):     Slack       End Point TNS Clock 
    Info (332119): ========= =================== =====================
    Info (332119):    -2.636             -90.789 Div:div_design|t_clkDiv 
    Info (332119):    -0.538             -62.849 VGA_SYNC:vga_design|horiz_sync_out 
    Info (332119):    -0.538             -20.364 VGA_SYNC:vga_design|vert_sync_out 
    Info (332119):    -0.538              -0.979 CLK 
    Info (332119):     0.153               0.000 pb2 
Info: Analyzing Slow 1100mV 0C Model
Info (334003): Started post-fitting delay annotation
Info (334004): Delay annotation completed successfully
Info (332123): Deriving Clock Uncertainty. Please refer to report_sdc in the Timing Analyzer to see clock uncertainties.
Critical Warning (332148): Timing requirements not met
    Info (11105): For recommendations on closing timing, run Report Timing Closure Recommendations in the Timing Analyzer.
Info (332146): Worst-case setup slack is -6.275
    Info (332119):     Slack       End Point TNS Clock 
    Info (332119): ========= =================== =====================
    Info (332119):    -6.275            -110.777 VGA_SYNC:vga_design|vert_sync_out 
    Info (332119):    -5.391            -257.578 Div:div_design|t_clkDiv 
    Info (332119):    -5.347            -289.621 VGA_SYNC:vga_design|horiz_sync_out 
    Info (332119):    -3.462             -28.946 pb2 
    Info (332119):    -2.272              -2.272 CLK 
Info (332146): Worst-case hold slack is 0.518
    Info (332119):     Slack       End Point TNS Clock 
    Info (332119): ========= =================== =====================
    Info (332119):     0.518               0.000 pb2 
    Info (332119):     0.608               0.000 Div:div_design|t_clkDiv 
    Info (332119):     0.714               0.000 CLK 
    Info (332119):     1.059               0.000 VGA_SYNC:vga_design|vert_sync_out 
    Info (332119):     1.087               0.000 VGA_SYNC:vga_design|horiz_sync_out 
Info (332146): Worst-case recovery slack is -1.995
    Info (332119):     Slack       End Point TNS Clock 
    Info (332119): ========= =================== =====================
    Info (332119):    -1.995             -17.279 Div:div_design|t_clkDiv 
Info (332146): Worst-case removal slack is 0.990
    Info (332119):     Slack       End Point TNS Clock 
    Info (332119): ========= =================== =====================
    Info (332119):     0.990               0.000 Div:div_design|t_clkDiv 
Info (332146): Worst-case minimum pulse width slack is -2.636
    Info (332119):     Slack       End Point TNS Clock 
    Info (332119): ========= =================== =====================
    Info (332119):    -2.636             -88.471 Div:div_design|t_clkDiv 
    Info (332119):    -0.538             -60.591 VGA_SYNC:vga_design|horiz_sync_out 
    Info (332119):    -0.538             -20.242 VGA_SYNC:vga_design|vert_sync_out 
    Info (332119):    -0.538              -0.975 CLK 
    Info (332119):     0.162               0.000 pb2 
Info: Analyzing Fast 1100mV 85C Model
Info (334003): Started post-fitting delay annotation
Info (334004): Delay annotation completed successfully
Info (332123): Deriving Clock Uncertainty. Please refer to report_sdc in the Timing Analyzer to see clock uncertainties.
Critical Warning (332148): Timing requirements not met
    Info (11105): For recommendations on closing timing, run Report Timing Closure Recommendations in the Timing Analyzer.
Info (332146): Worst-case setup slack is -2.917
    Info (332119):     Slack       End Point TNS Clock 
    Info (332119): ========= =================== =====================
    Info (332119):    -2.917            -135.852 VGA_SYNC:vga_design|horiz_sync_out 
    Info (332119):    -2.466             -42.771 VGA_SYNC:vga_design|vert_sync_out 
    Info (332119):    -2.287            -115.011 Div:div_design|t_clkDiv 
    Info (332119):    -1.957             -16.379 pb2 
    Info (332119):    -1.561              -1.561 CLK 
Info (332146): Worst-case hold slack is 0.014
    Info (332119):     Slack       End Point TNS Clock 
    Info (332119): ========= =================== =====================
    Info (332119):     0.014               0.000 Div:div_design|t_clkDiv 
    Info (332119):     0.296               0.000 VGA_SYNC:vga_design|horiz_sync_out 
    Info (332119):     0.413               0.000 VGA_SYNC:vga_design|vert_sync_out 
    Info (332119):     0.515               0.000 pb2 
    Info (332119):     0.666               0.000 CLK 
Info (332146): Worst-case recovery slack is -1.205
    Info (332119):     Slack       End Point TNS Clock 
    Info (332119): ========= =================== =====================
    Info (332119):    -1.205             -10.224 Div:div_design|t_clkDiv 
Info (332146): Worst-case removal slack is 0.208
    Info (332119):     Slack       End Point TNS Clock 
    Info (332119): ========= =================== =====================
    Info (332119):     0.208               0.000 Div:div_design|t_clkDiv 
Info (332146): Worst-case minimum pulse width slack is -2.174
    Info (332119):     Slack       End Point TNS Clock 
    Info (332119): ========= =================== =====================
    Info (332119):    -2.174             -17.209 Div:div_design|t_clkDiv 
    Info (332119):    -0.416              -0.483 CLK 
    Info (332119):    -0.083              -0.585 pb2 
    Info (332119):    -0.071              -0.918 VGA_SYNC:vga_design|horiz_sync_out 
    Info (332119):     0.082               0.000 VGA_SYNC:vga_design|vert_sync_out 
Info: Analyzing Fast 1100mV 0C Model
Info (332123): Deriving Clock Uncertainty. Please refer to report_sdc in the Timing Analyzer to see clock uncertainties.
Critical Warning (332148): Timing requirements not met
    Info (11105): For recommendations on closing timing, run Report Timing Closure Recommendations in the Timing Analyzer.
Info (332146): Worst-case setup slack is -2.785
    Info (332119):     Slack       End Point TNS Clock 
    Info (332119): ========= =================== =====================
    Info (332119):    -2.785            -123.882 VGA_SYNC:vga_design|horiz_sync_out 
    Info (332119):    -2.280             -38.987 VGA_SYNC:vga_design|vert_sync_out 
    Info (332119):    -2.037            -102.729 Div:div_design|t_clkDiv 
    Info (332119):    -1.518             -12.692 pb2 
    Info (332119):    -1.265              -1.265 CLK 
Info (332146): Worst-case hold slack is -0.018
    Info (332119):     Slack       End Point TNS Clock 
    Info (332119): ========= =================== =====================
    Info (332119):    -0.018              -0.029 Div:div_design|t_clkDiv 
    Info (332119):     0.218               0.000 VGA_SYNC:vga_design|horiz_sync_out 
    Info (332119):     0.272               0.000 pb2 
    Info (332119):     0.388               0.000 VGA_SYNC:vga_design|vert_sync_out 
    Info (332119):     0.439               0.000 CLK 
Info (332146): Worst-case recovery slack is -1.213
    Info (332119):     Slack       End Point TNS Clock 
    Info (332119): ========= =================== =====================
    Info (332119):    -1.213             -10.371 Div:div_design|t_clkDiv 
Info (332146): Worst-case removal slack is 0.265
    Info (332119):     Slack       End Point TNS Clock 
    Info (332119): ========= =================== =====================
    Info (332119):     0.265               0.000 Div:div_design|t_clkDiv 
Info (332146): Worst-case minimum pulse width slack is -2.174
    Info (332119):     Slack       End Point TNS Clock 
    Info (332119): ========= =================== =====================
    Info (332119):    -2.174             -15.777 Div:div_design|t_clkDiv 
    Info (332119):    -0.396              -0.451 CLK 
    Info (332119):    -0.059              -0.328 pb2 
    Info (332119):    -0.012              -0.065 VGA_SYNC:vga_design|horiz_sync_out 
    Info (332119):     0.101               0.000 VGA_SYNC:vga_design|vert_sync_out 
Info (332102): Design is not fully constrained for setup requirements
Info (332102): Design is not fully constrained for hold requirements
Info: Quartus Prime Timing Analyzer was successful. 0 errors, 32 warnings
    Info: Peak virtual memory: 5234 megabytes
    Info: Processing ended: Tue May 23 17:52:41 2023
    Info: Elapsed time: 00:00:06
    Info: Total CPU time (on all processors): 00:00:08


