Analysis & Synthesis report for Project_Flappy_v1
Tue May 23 19:34:49 2023
Quartus Prime Version 18.1.0 Build 625 09/12/2018 SJ Lite Edition


---------------------
; Table of Contents ;
---------------------
  1. Legal Notice
  2. Analysis & Synthesis Summary
  3. Analysis & Synthesis Settings
  4. Parallel Compilation
  5. Analysis & Synthesis Source Files Read
  6. Analysis & Synthesis Resource Usage Summary
  7. Analysis & Synthesis Resource Utilization by Entity
  8. Analysis & Synthesis RAM Summary
  9. State Machine - |Project_Flappy_V1|MOUSE:mouse_design|mouse_state
 10. User-Specified and Inferred Latches
 11. Registers Removed During Synthesis
 12. General Register Statistics
 13. Inverted Register Statistics
 14. Multiplexer Restructuring Statistics (Restructuring Performed)
 15. Source assignments for sprite_printer:sprite_design|CHAR_ROM:SPRITE_ROM|altsyncram:altsyncram_component|altsyncram_d5g1:auto_generated
 16. Parameter Settings for User Entity Instance: sprite_printer:sprite_design|CHAR_ROM:SPRITE_ROM|altsyncram:altsyncram_component
 17. altsyncram Parameter Settings by Entity Instance
 18. Port Connectivity Checks: "sprite_printer:sprite_design"
 19. Port Connectivity Checks: "Pipes_V2:pipe3"
 20. Port Connectivity Checks: "Pipes_V2:pipe2"
 21. Port Connectivity Checks: "Pipes_V2:pipe1"
 22. Port Connectivity Checks: "mouse:mouse_design"
 23. Post-Synthesis Netlist Statistics for Top Partition
 24. Elapsed Time Per Partition
 25. Analysis & Synthesis Messages



----------------
; Legal Notice ;
----------------
Copyright (C) 2018  Intel Corporation. All rights reserved.
Your use of Intel Corporation's design tools, logic functions 
and other software and tools, and its AMPP partner logic 
functions, and any output files from any of the foregoing 
(including device programming or simulation files), and any 
associated documentation or information are expressly subject 
to the terms and conditions of the Intel Program License 
Subscription Agreement, the Intel Quartus Prime License Agreement,
the Intel FPGA IP License Agreement, or other applicable license
agreement, including, without limitation, that your use is for
the sole purpose of programming logic devices manufactured by
Intel and sold by Intel or its authorized distributors.  Please
refer to the applicable agreement for further details.



+-------------------------------------------------------------------------------+
; Analysis & Synthesis Summary                                                  ;
+---------------------------------+---------------------------------------------+
; Analysis & Synthesis Status     ; Successful - Tue May 23 19:34:49 2023       ;
; Quartus Prime Version           ; 18.1.0 Build 625 09/12/2018 SJ Lite Edition ;
; Revision Name                   ; Project_Flappy_v1                           ;
; Top-level Entity Name           ; Project_Flappy_V1                           ;
; Family                          ; Cyclone V                                   ;
; Logic utilization (in ALMs)     ; N/A                                         ;
; Total registers                 ; 283                                         ;
; Total pins                      ; 13                                          ;
; Total virtual pins              ; 0                                           ;
; Total block memory bits         ; 64                                          ;
; Total DSP Blocks                ; 0                                           ;
; Total HSSI RX PCSs              ; 0                                           ;
; Total HSSI PMA RX Deserializers ; 0                                           ;
; Total HSSI TX PCSs              ; 0                                           ;
; Total HSSI PMA TX Serializers   ; 0                                           ;
; Total PLLs                      ; 0                                           ;
; Total DLLs                      ; 0                                           ;
+---------------------------------+---------------------------------------------+


+---------------------------------------------------------------------------------------------------------------------------+
; Analysis & Synthesis Settings                                                                                             ;
+---------------------------------------------------------------------------------+--------------------+--------------------+
; Option                                                                          ; Setting            ; Default Value      ;
+---------------------------------------------------------------------------------+--------------------+--------------------+
; Device                                                                          ; 5CEBA4F23C7        ;                    ;
; Top-level entity name                                                           ; Project_Flappy_v1  ; Project_Flappy_v1  ;
; Family name                                                                     ; Cyclone V          ; Cyclone V          ;
; Use smart compilation                                                           ; Off                ; Off                ;
; Enable parallel Assembler and Timing Analyzer during compilation                ; On                 ; On                 ;
; Enable compact report table                                                     ; Off                ; Off                ;
; Restructure Multiplexers                                                        ; Auto               ; Auto               ;
; MLAB Add Timing Constraints For Mixed-Port Feed-Through Mode Setting Don't Care ; Off                ; Off                ;
; Create Debugging Nodes for IP Cores                                             ; Off                ; Off                ;
; Preserve fewer node names                                                       ; On                 ; On                 ;
; Intel FPGA IP Evaluation Mode                                                   ; Enable             ; Enable             ;
; Verilog Version                                                                 ; Verilog_2001       ; Verilog_2001       ;
; VHDL Version                                                                    ; VHDL_1993          ; VHDL_1993          ;
; State Machine Processing                                                        ; Auto               ; Auto               ;
; Safe State Machine                                                              ; Off                ; Off                ;
; Extract Verilog State Machines                                                  ; On                 ; On                 ;
; Extract VHDL State Machines                                                     ; On                 ; On                 ;
; Ignore Verilog initial constructs                                               ; Off                ; Off                ;
; Iteration limit for constant Verilog loops                                      ; 5000               ; 5000               ;
; Iteration limit for non-constant Verilog loops                                  ; 250                ; 250                ;
; Add Pass-Through Logic to Inferred RAMs                                         ; On                 ; On                 ;
; Infer RAMs from Raw Logic                                                       ; On                 ; On                 ;
; Parallel Synthesis                                                              ; On                 ; On                 ;
; DSP Block Balancing                                                             ; Auto               ; Auto               ;
; NOT Gate Push-Back                                                              ; On                 ; On                 ;
; Power-Up Don't Care                                                             ; On                 ; On                 ;
; Remove Redundant Logic Cells                                                    ; Off                ; Off                ;
; Remove Duplicate Registers                                                      ; On                 ; On                 ;
; Ignore CARRY Buffers                                                            ; Off                ; Off                ;
; Ignore CASCADE Buffers                                                          ; Off                ; Off                ;
; Ignore GLOBAL Buffers                                                           ; Off                ; Off                ;
; Ignore ROW GLOBAL Buffers                                                       ; Off                ; Off                ;
; Ignore LCELL Buffers                                                            ; Off                ; Off                ;
; Ignore SOFT Buffers                                                             ; On                 ; On                 ;
; Limit AHDL Integers to 32 Bits                                                  ; Off                ; Off                ;
; Optimization Technique                                                          ; Balanced           ; Balanced           ;
; Carry Chain Length                                                              ; 70                 ; 70                 ;
; Auto Carry Chains                                                               ; On                 ; On                 ;
; Auto Open-Drain Pins                                                            ; On                 ; On                 ;
; Perform WYSIWYG Primitive Resynthesis                                           ; Off                ; Off                ;
; Auto ROM Replacement                                                            ; On                 ; On                 ;
; Auto RAM Replacement                                                            ; On                 ; On                 ;
; Auto DSP Block Replacement                                                      ; On                 ; On                 ;
; Auto Shift Register Replacement                                                 ; Auto               ; Auto               ;
; Allow Shift Register Merging across Hierarchies                                 ; Auto               ; Auto               ;
; Auto Clock Enable Replacement                                                   ; On                 ; On                 ;
; Strict RAM Replacement                                                          ; Off                ; Off                ;
; Allow Synchronous Control Signals                                               ; On                 ; On                 ;
; Force Use of Synchronous Clear Signals                                          ; Off                ; Off                ;
; Auto Resource Sharing                                                           ; Off                ; Off                ;
; Allow Any RAM Size For Recognition                                              ; Off                ; Off                ;
; Allow Any ROM Size For Recognition                                              ; Off                ; Off                ;
; Allow Any Shift Register Size For Recognition                                   ; Off                ; Off                ;
; Use LogicLock Constraints during Resource Balancing                             ; On                 ; On                 ;
; Ignore translate_off and synthesis_off directives                               ; Off                ; Off                ;
; Timing-Driven Synthesis                                                         ; On                 ; On                 ;
; Report Parameter Settings                                                       ; On                 ; On                 ;
; Report Source Assignments                                                       ; On                 ; On                 ;
; Report Connectivity Checks                                                      ; On                 ; On                 ;
; Ignore Maximum Fan-Out Assignments                                              ; Off                ; Off                ;
; Synchronization Register Chain Length                                           ; 3                  ; 3                  ;
; Power Optimization During Synthesis                                             ; Normal compilation ; Normal compilation ;
; HDL message level                                                               ; Level2             ; Level2             ;
; Suppress Register Optimization Related Messages                                 ; Off                ; Off                ;
; Number of Removed Registers Reported in Synthesis Report                        ; 5000               ; 5000               ;
; Number of Swept Nodes Reported in Synthesis Report                              ; 5000               ; 5000               ;
; Number of Inverted Registers Reported in Synthesis Report                       ; 100                ; 100                ;
; Clock MUX Protection                                                            ; On                 ; On                 ;
; Auto Gated Clock Conversion                                                     ; Off                ; Off                ;
; Block Design Naming                                                             ; Auto               ; Auto               ;
; SDC constraint protection                                                       ; Off                ; Off                ;
; Synthesis Effort                                                                ; Auto               ; Auto               ;
; Shift Register Replacement - Allow Asynchronous Clear Signal                    ; On                 ; On                 ;
; Pre-Mapping Resynthesis Optimization                                            ; Off                ; Off                ;
; Analysis & Synthesis Message Level                                              ; Medium             ; Medium             ;
; Disable Register Merging Across Hierarchies                                     ; Auto               ; Auto               ;
; Resource Aware Inference For Block RAM                                          ; On                 ; On                 ;
; Automatic Parallel Synthesis                                                    ; On                 ; On                 ;
; Partial Reconfiguration Bitstream ID                                            ; Off                ; Off                ;
+---------------------------------------------------------------------------------+--------------------+--------------------+


+------------------------------------------+
; Parallel Compilation                     ;
+----------------------------+-------------+
; Processors                 ; Number      ;
+----------------------------+-------------+
; Number detected on machine ; 16          ;
; Maximum allowed            ; 16          ;
;                            ;             ;
; Average used               ; 1.00        ;
; Maximum used               ; 16          ;
;                            ;             ;
; Usage by Processor         ; % Time Used ;
;     Processor 1            ; 100.0%      ;
;     Processor 2            ;   0.0%      ;
;     Processors 3-16        ;   0.0%      ;
+----------------------------+-------------+


+----------------------------------------------------------------------------------------------------------------------------------------------------------------------------------------------------------------------------------------------------+
; Analysis & Synthesis Source Files Read                                                                                                                                                                                                             ;
+----------------------------------+-----------------+----------------------------------------+--------------------------------------------------------------------------------------------------------------------------------------------+---------+
; File Name with User-Entered Path ; Used in Netlist ; File Type                              ; File Name with Absolute Path                                                                                                               ; Library ;
+----------------------------------+-----------------+----------------------------------------+--------------------------------------------------------------------------------------------------------------------------------------------+---------+
; Project_Flappy_V1.vhd            ; yes             ; User VHDL File                         ; C:/Users/Caleb Yang/Desktop/Course Material/Year 3/COMPSYS305/Project_Flappy/CS305_Project_Flappy/Project_Flappy_V1/Project_Flappy_V1.vhd  ;         ;
; mouse.vhd                        ; yes             ; Auto-Found VHDL File                   ; C:/Users/Caleb Yang/Desktop/Course Material/Year 3/COMPSYS305/Project_Flappy/CS305_Project_Flappy/Project_Flappy_V1/mouse.vhd              ;         ;
; move_mouse.vhd                   ; yes             ; Auto-Found VHDL File                   ; C:/Users/Caleb Yang/Desktop/Course Material/Year 3/COMPSYS305/Project_Flappy/CS305_Project_Flappy/Project_Flappy_V1/move_mouse.vhd         ;         ;
; vga_sync.vhd                     ; yes             ; Auto-Found VHDL File                   ; C:/Users/Caleb Yang/Desktop/Course Material/Year 3/COMPSYS305/Project_Flappy/CS305_Project_Flappy/Project_Flappy_V1/vga_sync.vhd           ;         ;
; bouncy_ball.vhd                  ; yes             ; Auto-Found VHDL File                   ; C:/Users/Caleb Yang/Desktop/Course Material/Year 3/COMPSYS305/Project_Flappy/CS305_Project_Flappy/Project_Flappy_V1/bouncy_ball.vhd        ;         ;
; div.vhd                          ; yes             ; Auto-Found VHDL File                   ; C:/Users/Caleb Yang/Desktop/Course Material/Year 3/COMPSYS305/Project_Flappy/CS305_Project_Flappy/Project_Flappy_V1/div.vhd                ;         ;
; psudo_gen.vhd                    ; yes             ; Auto-Found VHDL File                   ; C:/Users/Caleb Yang/Desktop/Course Material/Year 3/COMPSYS305/Project_Flappy/CS305_Project_Flappy/Project_Flappy_V1/psudo_gen.vhd          ;         ;
; pipes_v2.vhd                     ; yes             ; Auto-Found VHDL File                   ; C:/Users/Caleb Yang/Desktop/Course Material/Year 3/COMPSYS305/Project_Flappy/CS305_Project_Flappy/Project_Flappy_V1/pipes_v2.vhd           ;         ;
; sprite_printer.vhd               ; yes             ; Auto-Found VHDL File                   ; C:/Users/Caleb Yang/Desktop/Course Material/Year 3/COMPSYS305/Project_Flappy/CS305_Project_Flappy/Project_Flappy_V1/sprite_printer.vhd     ;         ;
; char_rom.vhd                     ; yes             ; Auto-Found VHDL File                   ; C:/Users/Caleb Yang/Desktop/Course Material/Year 3/COMPSYS305/Project_Flappy/CS305_Project_Flappy/Project_Flappy_V1/char_rom.vhd           ;         ;
; altsyncram.tdf                   ; yes             ; Megafunction                           ; c:/intelfpga_lite/18.1/quartus/libraries/megafunctions/altsyncram.tdf                                                                      ;         ;
; stratix_ram_block.inc            ; yes             ; Megafunction                           ; c:/intelfpga_lite/18.1/quartus/libraries/megafunctions/stratix_ram_block.inc                                                               ;         ;
; lpm_mux.inc                      ; yes             ; Megafunction                           ; c:/intelfpga_lite/18.1/quartus/libraries/megafunctions/lpm_mux.inc                                                                         ;         ;
; lpm_decode.inc                   ; yes             ; Megafunction                           ; c:/intelfpga_lite/18.1/quartus/libraries/megafunctions/lpm_decode.inc                                                                      ;         ;
; aglobal181.inc                   ; yes             ; Megafunction                           ; c:/intelfpga_lite/18.1/quartus/libraries/megafunctions/aglobal181.inc                                                                      ;         ;
; a_rdenreg.inc                    ; yes             ; Megafunction                           ; c:/intelfpga_lite/18.1/quartus/libraries/megafunctions/a_rdenreg.inc                                                                       ;         ;
; altrom.inc                       ; yes             ; Megafunction                           ; c:/intelfpga_lite/18.1/quartus/libraries/megafunctions/altrom.inc                                                                          ;         ;
; altram.inc                       ; yes             ; Megafunction                           ; c:/intelfpga_lite/18.1/quartus/libraries/megafunctions/altram.inc                                                                          ;         ;
; altdpram.inc                     ; yes             ; Megafunction                           ; c:/intelfpga_lite/18.1/quartus/libraries/megafunctions/altdpram.inc                                                                        ;         ;
; db/altsyncram_d5g1.tdf           ; yes             ; Auto-Generated Megafunction            ; C:/Users/Caleb Yang/Desktop/Course Material/Year 3/COMPSYS305/Project_Flappy/CS305_Project_Flappy/Project_Flappy_V1/db/altsyncram_d5g1.tdf ;         ;
; tcgrom.mif                       ; yes             ; Auto-Found Memory Initialization File  ; C:/Users/Caleb Yang/Desktop/Course Material/Year 3/COMPSYS305/Project_Flappy/CS305_Project_Flappy/Project_Flappy_V1/tcgrom.mif             ;         ;
+----------------------------------+-----------------+----------------------------------------+--------------------------------------------------------------------------------------------------------------------------------------------+---------+


+---------------------------------------------------------+
; Analysis & Synthesis Resource Usage Summary             ;
+---------------------------------------------+-----------+
; Resource                                    ; Usage     ;
+---------------------------------------------+-----------+
; Estimate of Logic utilization (ALMs needed) ; 363       ;
;                                             ;           ;
; Combinational ALUT usage for logic          ; 582       ;
;     -- 7 input functions                    ; 6         ;
;     -- 6 input functions                    ; 129       ;
;     -- 5 input functions                    ; 69        ;
;     -- 4 input functions                    ; 108       ;
;     -- <=3 input functions                  ; 270       ;
;                                             ;           ;
; Dedicated logic registers                   ; 283       ;
;                                             ;           ;
; I/O pins                                    ; 13        ;
; Total MLAB memory bits                      ; 0         ;
; Total block memory bits                     ; 64        ;
;                                             ;           ;
; Total DSP Blocks                            ; 0         ;
;                                             ;           ;
; Maximum fan-out node                        ; pb3~input ;
; Maximum fan-out                             ; 124       ;
; Total fan-out                               ; 3172      ;
; Average fan-out                             ; 3.52      ;
+---------------------------------------------+-----------+


+-------------------------------------------------------------------------------------------------------------------------------------------------------------------------------------------------------------------------------------------------------------------------------------------------------------------------------+
; Analysis & Synthesis Resource Utilization by Entity                                                                                                                                                                                                                                                                           ;
+----------------------------------------------+---------------------+---------------------------+-------------------+------------+------+--------------+------------------------------------------------------------------------------------------------------------------------------------+-------------------+--------------+
; Compilation Hierarchy Node                   ; Combinational ALUTs ; Dedicated Logic Registers ; Block Memory Bits ; DSP Blocks ; Pins ; Virtual Pins ; Full Hierarchy Name                                                                                                                ; Entity Name       ; Library Name ;
+----------------------------------------------+---------------------+---------------------------+-------------------+------------+------+--------------+------------------------------------------------------------------------------------------------------------------------------------+-------------------+--------------+
; |Project_Flappy_V1                           ; 582 (16)            ; 283 (0)                   ; 64                ; 0          ; 13   ; 0            ; |Project_Flappy_V1                                                                                                                 ; Project_Flappy_V1 ; work         ;
;    |Div:div_design|                          ; 1 (1)               ; 1 (1)                     ; 0                 ; 0          ; 0    ; 0            ; |Project_Flappy_V1|Div:div_design                                                                                                  ; Div               ; work         ;
;    |MOUSE:mouse_design|                      ; 109 (109)           ; 118 (118)                 ; 0                 ; 0          ; 0    ; 0            ; |Project_Flappy_V1|MOUSE:mouse_design                                                                                              ; MOUSE             ; work         ;
;    |Pipes_V2:pipe1|                          ; 69 (69)             ; 31 (31)                   ; 0                 ; 0          ; 0    ; 0            ; |Project_Flappy_V1|Pipes_V2:pipe1                                                                                                  ; Pipes_V2          ; work         ;
;    |Pipes_V2:pipe2|                          ; 63 (63)             ; 21 (21)                   ; 0                 ; 0          ; 0    ; 0            ; |Project_Flappy_V1|Pipes_V2:pipe2                                                                                                  ; Pipes_V2          ; work         ;
;    |Pipes_V2:pipe3|                          ; 71 (71)             ; 21 (21)                   ; 0                 ; 0          ; 0    ; 0            ; |Project_Flappy_V1|Pipes_V2:pipe3                                                                                                  ; Pipes_V2          ; work         ;
;    |Psudo_Gen:psudo_rand_design|             ; 37 (37)             ; 18 (18)                   ; 0                 ; 0          ; 0    ; 0            ; |Project_Flappy_V1|Psudo_Gen:psudo_rand_design                                                                                     ; Psudo_Gen         ; work         ;
;    |SPRITE_PRINTER:sprite_design|            ; 12 (10)             ; 0 (0)                     ; 64                ; 0          ; 0    ; 0            ; |Project_Flappy_V1|SPRITE_PRINTER:sprite_design                                                                                    ; SPRITE_PRINTER    ; work         ;
;       |char_rom:SPRITE_ROM|                  ; 2 (2)               ; 0 (0)                     ; 64                ; 0          ; 0    ; 0            ; |Project_Flappy_V1|SPRITE_PRINTER:sprite_design|char_rom:SPRITE_ROM                                                                ; char_rom          ; work         ;
;          |altsyncram:altsyncram_component|   ; 0 (0)               ; 0 (0)                     ; 64                ; 0          ; 0    ; 0            ; |Project_Flappy_V1|SPRITE_PRINTER:sprite_design|char_rom:SPRITE_ROM|altsyncram:altsyncram_component                                ; altsyncram        ; work         ;
;             |altsyncram_d5g1:auto_generated| ; 0 (0)               ; 0 (0)                     ; 64                ; 0          ; 0    ; 0            ; |Project_Flappy_V1|SPRITE_PRINTER:sprite_design|char_rom:SPRITE_ROM|altsyncram:altsyncram_component|altsyncram_d5g1:auto_generated ; altsyncram_d5g1   ; work         ;
;    |VGA_SYNC:vga_design|                     ; 41 (41)             ; 48 (48)                   ; 0                 ; 0          ; 0    ; 0            ; |Project_Flappy_V1|VGA_SYNC:vga_design                                                                                             ; VGA_SYNC          ; work         ;
;    |bouncy_ball:ball_design|                 ; 114 (114)           ; 25 (25)                   ; 0                 ; 0          ; 0    ; 0            ; |Project_Flappy_V1|bouncy_ball:ball_design                                                                                         ; bouncy_ball       ; work         ;
;    |move_mouse:move_mouse_design|            ; 49 (49)             ; 0 (0)                     ; 0                 ; 0          ; 0    ; 0            ; |Project_Flappy_V1|move_mouse:move_mouse_design                                                                                    ; move_mouse        ; work         ;
+----------------------------------------------+---------------------+---------------------------+-------------------+------------+------+--------------+------------------------------------------------------------------------------------------------------------------------------------+-------------------+--------------+
Note: For table entries with two numbers listed, the numbers in parentheses indicate the number of resources of the given type used by the specific entity alone. The numbers listed outside of parentheses indicate the total resources of the given type used by the specific entity and all of its sub-entities in the hierarchy.


+--------------------------------------------------------------------------------------------------------------------------------------------------------------------------------------------------------------------------+
; Analysis & Synthesis RAM Summary                                                                                                                                                                                         ;
+----------------------------------------------------------------------------------------------------------------------------+------+------+--------------+--------------+--------------+--------------+------+------------+
; Name                                                                                                                       ; Type ; Mode ; Port A Depth ; Port A Width ; Port B Depth ; Port B Width ; Size ; MIF        ;
+----------------------------------------------------------------------------------------------------------------------------+------+------+--------------+--------------+--------------+--------------+------+------------+
; SPRITE_PRINTER:sprite_design|char_rom:SPRITE_ROM|altsyncram:altsyncram_component|altsyncram_d5g1:auto_generated|ALTSYNCRAM ; AUTO ; ROM  ; 512          ; 8            ; --           ; --           ; 4096 ; tcgrom.mif ;
+----------------------------------------------------------------------------------------------------------------------------+------+------+--------------+--------------+--------------+--------------+------+------------+


Encoding Type:  One-Hot
+---------------------------------------------------------------------------------------------------------------------------------------------------------------------------------------------------------+
; State Machine - |Project_Flappy_V1|MOUSE:mouse_design|mouse_state                                                                                                                                       ;
+-------------------------------+---------------------------+--------------------------+-------------------------------+---------------------------+--------------------------+---------------------------+
; Name                          ; mouse_state.INPUT_PACKETS ; mouse_state.WAIT_CMD_ACK ; mouse_state.WAIT_OUTPUT_READY ; mouse_state.LOAD_COMMAND2 ; mouse_state.LOAD_COMMAND ; mouse_state.INHIBIT_TRANS ;
+-------------------------------+---------------------------+--------------------------+-------------------------------+---------------------------+--------------------------+---------------------------+
; mouse_state.INHIBIT_TRANS     ; 0                         ; 0                        ; 0                             ; 0                         ; 0                        ; 0                         ;
; mouse_state.LOAD_COMMAND      ; 0                         ; 0                        ; 0                             ; 0                         ; 1                        ; 1                         ;
; mouse_state.LOAD_COMMAND2     ; 0                         ; 0                        ; 0                             ; 1                         ; 0                        ; 1                         ;
; mouse_state.WAIT_OUTPUT_READY ; 0                         ; 0                        ; 1                             ; 0                         ; 0                        ; 1                         ;
; mouse_state.WAIT_CMD_ACK      ; 0                         ; 1                        ; 0                             ; 0                         ; 0                        ; 1                         ;
; mouse_state.INPUT_PACKETS     ; 1                         ; 0                        ; 0                             ; 0                         ; 0                        ; 1                         ;
+-------------------------------+---------------------------+--------------------------+-------------------------------+---------------------------+--------------------------+---------------------------+


+---------------------------------------------------------------------------------------------------+
; User-Specified and Inferred Latches                                                               ;
+----------------------------------------------------+---------------------+------------------------+
; Latch Name                                         ; Latch Enable Signal ; Free of Timing Hazards ;
+----------------------------------------------------+---------------------+------------------------+
; t_enable                                           ; GND                 ; yes                    ;
; t_reset_latch                                      ; GND                 ; yes                    ;
; Number of user-specified and inferred latches = 2  ;                     ;                        ;
+----------------------------------------------------+---------------------+------------------------+
Note: All latches listed above may not be present at the end of synthesis due to various synthesis optimizations.


+---------------------------------------------------------------------------------+
; Registers Removed During Synthesis                                              ;
+----------------------------------------+----------------------------------------+
; Register name                          ; Reason for Removal                     ;
+----------------------------------------+----------------------------------------+
; MOUSE:mouse_design|CHAROUT[4..7]       ; Stuck at VCC due to stuck port data_in ;
; MOUSE:mouse_design|CHAROUT[3]          ; Stuck at GND due to stuck port data_in ;
; MOUSE:mouse_design|CHAROUT[2]          ; Stuck at VCC due to stuck port data_in ;
; MOUSE:mouse_design|CHAROUT[0,1]        ; Stuck at GND due to stuck port data_in ;
; MOUSE:mouse_design|SHIFTOUT[10]        ; Stuck at VCC due to stuck port data_in ;
; Pipes_V2:pipe2|timer[9]                ; Merged with Pipes_V2:pipe1|timer[9]    ;
; Pipes_V2:pipe3|timer[9]                ; Merged with Pipes_V2:pipe1|timer[9]    ;
; Pipes_V2:pipe2|timer[8]                ; Merged with Pipes_V2:pipe1|timer[8]    ;
; Pipes_V2:pipe3|timer[8]                ; Merged with Pipes_V2:pipe1|timer[8]    ;
; Pipes_V2:pipe2|timer[7]                ; Merged with Pipes_V2:pipe1|timer[7]    ;
; Pipes_V2:pipe3|timer[7]                ; Merged with Pipes_V2:pipe1|timer[7]    ;
; Pipes_V2:pipe2|timer[6]                ; Merged with Pipes_V2:pipe1|timer[6]    ;
; Pipes_V2:pipe3|timer[6]                ; Merged with Pipes_V2:pipe1|timer[6]    ;
; Pipes_V2:pipe2|timer[5]                ; Merged with Pipes_V2:pipe1|timer[5]    ;
; Pipes_V2:pipe3|timer[5]                ; Merged with Pipes_V2:pipe1|timer[5]    ;
; Pipes_V2:pipe2|timer[4]                ; Merged with Pipes_V2:pipe1|timer[4]    ;
; Pipes_V2:pipe3|timer[4]                ; Merged with Pipes_V2:pipe1|timer[4]    ;
; Pipes_V2:pipe2|timer[3]                ; Merged with Pipes_V2:pipe1|timer[3]    ;
; Pipes_V2:pipe3|timer[3]                ; Merged with Pipes_V2:pipe1|timer[3]    ;
; Pipes_V2:pipe2|timer[2]                ; Merged with Pipes_V2:pipe1|timer[2]    ;
; Pipes_V2:pipe3|timer[2]                ; Merged with Pipes_V2:pipe1|timer[2]    ;
; Pipes_V2:pipe2|timer[1]                ; Merged with Pipes_V2:pipe1|timer[1]    ;
; Pipes_V2:pipe3|timer[1]                ; Merged with Pipes_V2:pipe1|timer[1]    ;
; Pipes_V2:pipe2|timer[0]                ; Merged with Pipes_V2:pipe1|timer[0]    ;
; Pipes_V2:pipe3|timer[0]                ; Merged with Pipes_V2:pipe1|timer[0]    ;
; MOUSE:mouse_design|cursor_row[9]       ; Stuck at GND due to stuck port data_in ;
; VGA_SYNC:vga_design|pixel_row[9]       ; Stuck at GND due to stuck port data_in ;
; Total Number of Removed Registers = 31 ;                                        ;
+----------------------------------------+----------------------------------------+


+------------------------------------------------------+
; General Register Statistics                          ;
+----------------------------------------------+-------+
; Statistic                                    ; Value ;
+----------------------------------------------+-------+
; Total registers                              ; 283   ;
; Number of registers using Synchronous Clear  ; 48    ;
; Number of registers using Synchronous Load   ; 33    ;
; Number of registers using Asynchronous Clear ; 52    ;
; Number of registers using Asynchronous Load  ; 0     ;
; Number of registers using Clock Enable       ; 228   ;
; Number of registers using Preset             ; 0     ;
+----------------------------------------------+-------+


+---------------------------------------------------+
; Inverted Register Statistics                      ;
+-----------------------------------------+---------+
; Inverted Register                       ; Fan out ;
+-----------------------------------------+---------+
; bouncy_ball:ball_design|m_ground_strike ; 2       ;
; MOUSE:mouse_design|send_char            ; 3       ;
; bouncy_ball:ball_design|dir             ; 15      ;
; bouncy_ball:ball_design|m_rst           ; 3       ;
; bouncy_ball:ball_design|rst             ; 1       ;
; MOUSE:mouse_design|SHIFTOUT[3]          ; 1       ;
; MOUSE:mouse_design|SHIFTOUT[5]          ; 1       ;
; MOUSE:mouse_design|SHIFTOUT[6]          ; 1       ;
; MOUSE:mouse_design|SHIFTOUT[7]          ; 1       ;
; MOUSE:mouse_design|SHIFTOUT[8]          ; 1       ;
; Total number of inverted registers = 10 ;         ;
+-----------------------------------------+---------+


+---------------------------------------------------------------------------------------------------------------------------------------------------------------------------+
; Multiplexer Restructuring Statistics (Restructuring Performed)                                                                                                            ;
+--------------------+-----------+---------------+----------------------+------------------------+------------+-------------------------------------------------------------+
; Multiplexer Inputs ; Bus Width ; Baseline Area ; Area if Restructured ; Saving if Restructured ; Registered ; Example Multiplexer Output                                  ;
+--------------------+-----------+---------------+----------------------+------------------------+------------+-------------------------------------------------------------+
; 3:1                ; 20 bits   ; 40 LEs        ; 20 LEs               ; 20 LEs                 ; Yes        ; |Project_Flappy_V1|MOUSE:mouse_design|new_cursor_row[8]     ;
; 3:1                ; 4 bits    ; 8 LEs         ; 4 LEs                ; 4 LEs                  ; Yes        ; |Project_Flappy_V1|Pipes_V2:pipe3|pipe_1_h[1]               ;
; 3:1                ; 5 bits    ; 10 LEs        ; 5 LEs                ; 5 LEs                  ; Yes        ; |Project_Flappy_V1|Pipes_V2:pipe3|pipe_1_h[3]               ;
; 3:1                ; 4 bits    ; 8 LEs         ; 4 LEs                ; 4 LEs                  ; Yes        ; |Project_Flappy_V1|Pipes_V2:pipe2|pipe_1_h[1]               ;
; 3:1                ; 5 bits    ; 10 LEs        ; 5 LEs                ; 5 LEs                  ; Yes        ; |Project_Flappy_V1|Pipes_V2:pipe2|pipe_1_h[2]               ;
; 3:1                ; 4 bits    ; 8 LEs         ; 4 LEs                ; 4 LEs                  ; Yes        ; |Project_Flappy_V1|Pipes_V2:pipe1|pipe_1_h[0]               ;
; 3:1                ; 5 bits    ; 10 LEs        ; 5 LEs                ; 5 LEs                  ; Yes        ; |Project_Flappy_V1|Pipes_V2:pipe1|pipe_1_h[3]               ;
; 3:1                ; 10 bits   ; 20 LEs        ; 0 LEs                ; 20 LEs                 ; Yes        ; |Project_Flappy_V1|VGA_SYNC:vga_design|v_count[6]           ;
; 3:1                ; 10 bits   ; 20 LEs        ; 10 LEs               ; 10 LEs                 ; Yes        ; |Project_Flappy_V1|bouncy_ball:ball_design|ball_y_pos[4]    ;
; 4:1                ; 6 bits    ; 12 LEs        ; 12 LEs               ; 0 LEs                  ; Yes        ; |Project_Flappy_V1|Pipes_V2:pipe3|pipe_1_x_pos[10]          ;
; 4:1                ; 5 bits    ; 10 LEs        ; 10 LEs               ; 0 LEs                  ; Yes        ; |Project_Flappy_V1|Pipes_V2:pipe3|pipe_1_x_pos[9]           ;
; 4:1                ; 7 bits    ; 14 LEs        ; 14 LEs               ; 0 LEs                  ; Yes        ; |Project_Flappy_V1|Pipes_V2:pipe2|pipe_1_x_pos[4]           ;
; 4:1                ; 4 bits    ; 8 LEs         ; 8 LEs                ; 0 LEs                  ; Yes        ; |Project_Flappy_V1|Pipes_V2:pipe2|pipe_1_x_pos[8]           ;
; 4:1                ; 7 bits    ; 14 LEs        ; 14 LEs               ; 0 LEs                  ; Yes        ; |Project_Flappy_V1|Pipes_V2:pipe1|pipe_1_x_pos[2]           ;
; 4:1                ; 4 bits    ; 8 LEs         ; 8 LEs                ; 0 LEs                  ; Yes        ; |Project_Flappy_V1|Pipes_V2:pipe1|pipe_1_x_pos[6]           ;
; 5:1                ; 8 bits    ; 24 LEs        ; 8 LEs                ; 16 LEs                 ; Yes        ; |Project_Flappy_V1|MOUSE:mouse_design|cursor_column[9]      ;
; 5:1                ; 2 bits    ; 6 LEs         ; 4 LEs                ; 2 LEs                  ; Yes        ; |Project_Flappy_V1|MOUSE:mouse_design|cursor_column[8]      ;
; 5:1                ; 6 bits    ; 18 LEs        ; 12 LEs               ; 6 LEs                  ; Yes        ; |Project_Flappy_V1|MOUSE:mouse_design|cursor_row[0]         ;
; 5:1                ; 4 bits    ; 12 LEs        ; 8 LEs                ; 4 LEs                  ; Yes        ; |Project_Flappy_V1|MOUSE:mouse_design|cursor_row[7]         ;
; 7:1                ; 10 bits   ; 40 LEs        ; 20 LEs               ; 20 LEs                 ; Yes        ; |Project_Flappy_V1|bouncy_ball:ball_design|ball_y_motion[8] ;
; 3:1                ; 6 bits    ; 12 LEs        ; 12 LEs               ; 0 LEs                  ; No         ; |Project_Flappy_V1|SPRITE_PRINTER:sprite_design|s_font_col  ;
+--------------------+-----------+---------------+----------------------+------------------------+------------+-------------------------------------------------------------+


+----------------------------------------------------------------------------------------------------------------------------------------+
; Source assignments for sprite_printer:sprite_design|CHAR_ROM:SPRITE_ROM|altsyncram:altsyncram_component|altsyncram_d5g1:auto_generated ;
+---------------------------------+--------------------+------+--------------------------------------------------------------------------+
; Assignment                      ; Value              ; From ; To                                                                       ;
+---------------------------------+--------------------+------+--------------------------------------------------------------------------+
; OPTIMIZE_POWER_DURING_SYNTHESIS ; NORMAL_COMPILATION ; -    ; -                                                                        ;
+---------------------------------+--------------------+------+--------------------------------------------------------------------------+


+-------------------------------------------------------------------------------------------------------------------------------+
; Parameter Settings for User Entity Instance: sprite_printer:sprite_design|CHAR_ROM:SPRITE_ROM|altsyncram:altsyncram_component ;
+------------------------------------+----------------------+-------------------------------------------------------------------+
; Parameter Name                     ; Value                ; Type                                                              ;
+------------------------------------+----------------------+-------------------------------------------------------------------+
; BYTE_SIZE_BLOCK                    ; 8                    ; Untyped                                                           ;
; AUTO_CARRY_CHAINS                  ; ON                   ; AUTO_CARRY                                                        ;
; IGNORE_CARRY_BUFFERS               ; OFF                  ; IGNORE_CARRY                                                      ;
; AUTO_CASCADE_CHAINS                ; ON                   ; AUTO_CASCADE                                                      ;
; IGNORE_CASCADE_BUFFERS             ; OFF                  ; IGNORE_CASCADE                                                    ;
; WIDTH_BYTEENA                      ; 1                    ; Untyped                                                           ;
; OPERATION_MODE                     ; ROM                  ; Untyped                                                           ;
; WIDTH_A                            ; 8                    ; Signed Integer                                                    ;
; WIDTHAD_A                          ; 9                    ; Signed Integer                                                    ;
; NUMWORDS_A                         ; 512                  ; Signed Integer                                                    ;
; OUTDATA_REG_A                      ; UNREGISTERED         ; Untyped                                                           ;
; ADDRESS_ACLR_A                     ; NONE                 ; Untyped                                                           ;
; OUTDATA_ACLR_A                     ; NONE                 ; Untyped                                                           ;
; WRCONTROL_ACLR_A                   ; NONE                 ; Untyped                                                           ;
; INDATA_ACLR_A                      ; NONE                 ; Untyped                                                           ;
; BYTEENA_ACLR_A                     ; NONE                 ; Untyped                                                           ;
; WIDTH_B                            ; 1                    ; Untyped                                                           ;
; WIDTHAD_B                          ; 1                    ; Untyped                                                           ;
; NUMWORDS_B                         ; 1                    ; Untyped                                                           ;
; INDATA_REG_B                       ; CLOCK1               ; Untyped                                                           ;
; WRCONTROL_WRADDRESS_REG_B          ; CLOCK1               ; Untyped                                                           ;
; RDCONTROL_REG_B                    ; CLOCK1               ; Untyped                                                           ;
; ADDRESS_REG_B                      ; CLOCK1               ; Untyped                                                           ;
; OUTDATA_REG_B                      ; UNREGISTERED         ; Untyped                                                           ;
; BYTEENA_REG_B                      ; CLOCK1               ; Untyped                                                           ;
; INDATA_ACLR_B                      ; NONE                 ; Untyped                                                           ;
; WRCONTROL_ACLR_B                   ; NONE                 ; Untyped                                                           ;
; ADDRESS_ACLR_B                     ; NONE                 ; Untyped                                                           ;
; OUTDATA_ACLR_B                     ; NONE                 ; Untyped                                                           ;
; RDCONTROL_ACLR_B                   ; NONE                 ; Untyped                                                           ;
; BYTEENA_ACLR_B                     ; NONE                 ; Untyped                                                           ;
; WIDTH_BYTEENA_A                    ; 1                    ; Signed Integer                                                    ;
; WIDTH_BYTEENA_B                    ; 1                    ; Untyped                                                           ;
; RAM_BLOCK_TYPE                     ; AUTO                 ; Untyped                                                           ;
; BYTE_SIZE                          ; 8                    ; Untyped                                                           ;
; READ_DURING_WRITE_MODE_MIXED_PORTS ; DONT_CARE            ; Untyped                                                           ;
; READ_DURING_WRITE_MODE_PORT_A      ; NEW_DATA_NO_NBE_READ ; Untyped                                                           ;
; READ_DURING_WRITE_MODE_PORT_B      ; NEW_DATA_NO_NBE_READ ; Untyped                                                           ;
; INIT_FILE                          ; tcgrom.mif           ; Untyped                                                           ;
; INIT_FILE_LAYOUT                   ; PORT_A               ; Untyped                                                           ;
; MAXIMUM_DEPTH                      ; 0                    ; Untyped                                                           ;
; CLOCK_ENABLE_INPUT_A               ; BYPASS               ; Untyped                                                           ;
; CLOCK_ENABLE_INPUT_B               ; NORMAL               ; Untyped                                                           ;
; CLOCK_ENABLE_OUTPUT_A              ; BYPASS               ; Untyped                                                           ;
; CLOCK_ENABLE_OUTPUT_B              ; NORMAL               ; Untyped                                                           ;
; CLOCK_ENABLE_CORE_A                ; USE_INPUT_CLKEN      ; Untyped                                                           ;
; CLOCK_ENABLE_CORE_B                ; USE_INPUT_CLKEN      ; Untyped                                                           ;
; ENABLE_ECC                         ; FALSE                ; Untyped                                                           ;
; ECC_PIPELINE_STAGE_ENABLED         ; FALSE                ; Untyped                                                           ;
; WIDTH_ECCSTATUS                    ; 3                    ; Untyped                                                           ;
; DEVICE_FAMILY                      ; Cyclone V            ; Untyped                                                           ;
; CBXI_PARAMETER                     ; altsyncram_d5g1      ; Untyped                                                           ;
+------------------------------------+----------------------+-------------------------------------------------------------------+
Note: In order to hide this table in the UI and the text report file, please set the "Show Parameter Settings in Synthesis Report" option in "Analysis and Synthesis Settings -> More Settings" to "Off".


+------------------------------------------------------------------------------------------------------------------------------+
; altsyncram Parameter Settings by Entity Instance                                                                             ;
+-------------------------------------------+----------------------------------------------------------------------------------+
; Name                                      ; Value                                                                            ;
+-------------------------------------------+----------------------------------------------------------------------------------+
; Number of entity instances                ; 1                                                                                ;
; Entity Instance                           ; sprite_printer:sprite_design|CHAR_ROM:SPRITE_ROM|altsyncram:altsyncram_component ;
;     -- OPERATION_MODE                     ; ROM                                                                              ;
;     -- WIDTH_A                            ; 8                                                                                ;
;     -- NUMWORDS_A                         ; 512                                                                              ;
;     -- OUTDATA_REG_A                      ; UNREGISTERED                                                                     ;
;     -- WIDTH_B                            ; 1                                                                                ;
;     -- NUMWORDS_B                         ; 1                                                                                ;
;     -- ADDRESS_REG_B                      ; CLOCK1                                                                           ;
;     -- OUTDATA_REG_B                      ; UNREGISTERED                                                                     ;
;     -- RAM_BLOCK_TYPE                     ; AUTO                                                                             ;
;     -- READ_DURING_WRITE_MODE_MIXED_PORTS ; DONT_CARE                                                                        ;
+-------------------------------------------+----------------------------------------------------------------------------------+


+----------------------------------------------------------+
; Port Connectivity Checks: "sprite_printer:sprite_design" ;
+------------------+-------+----------+--------------------+
; Port             ; Type  ; Severity ; Details            ;
+------------------+-------+----------+--------------------+
; anchor_row[9..4] ; Input ; Info     ; Stuck at GND       ;
; anchor_row[2..0] ; Input ; Info     ; Stuck at GND       ;
; anchor_row[3]    ; Input ; Info     ; Stuck at VCC       ;
; anchor_col[4..3] ; Input ; Info     ; Stuck at VCC       ;
; anchor_col[8..7] ; Input ; Info     ; Stuck at GND       ;
; anchor_col[2..0] ; Input ; Info     ; Stuck at GND       ;
; anchor_col[9]    ; Input ; Info     ; Stuck at VCC       ;
; anchor_col[6]    ; Input ; Info     ; Stuck at VCC       ;
; anchor_col[5]    ; Input ; Info     ; Stuck at GND       ;
; sprite_red       ; Input ; Info     ; Stuck at GND       ;
; sprite_green     ; Input ; Info     ; Stuck at VCC       ;
; sprite_blue      ; Input ; Info     ; Stuck at VCC       ;
; multiplier[1..0] ; Input ; Info     ; Stuck at VCC       ;
; multiplier[2]    ; Input ; Info     ; Stuck at GND       ;
; address[5..3]    ; Input ; Info     ; Stuck at VCC       ;
; address[2]       ; Input ; Info     ; Stuck at GND       ;
; address[1]       ; Input ; Info     ; Stuck at VCC       ;
; address[0]       ; Input ; Info     ; Stuck at GND       ;
; enable           ; Input ; Info     ; Stuck at VCC       ;
+------------------+-------+----------+--------------------+


+-------------------------------------------------------------------------------------------------------------------------+
; Port Connectivity Checks: "Pipes_V2:pipe3"                                                                              ;
+---------------+--------+----------+-------------------------------------------------------------------------------------+
; Port          ; Type   ; Severity ; Details                                                                             ;
+---------------+--------+----------+-------------------------------------------------------------------------------------+
; pipe_h[9]     ; Input  ; Info     ; Stuck at GND                                                                        ;
; initial[2..1] ; Input  ; Info     ; Stuck at VCC                                                                        ;
; initial[4..3] ; Input  ; Info     ; Stuck at GND                                                                        ;
; initial[10]   ; Input  ; Info     ; Stuck at GND                                                                        ;
; initial[9]    ; Input  ; Info     ; Stuck at VCC                                                                        ;
; initial[8]    ; Input  ; Info     ; Stuck at GND                                                                        ;
; initial[7]    ; Input  ; Info     ; Stuck at VCC                                                                        ;
; initial[6]    ; Input  ; Info     ; Stuck at GND                                                                        ;
; initial[5]    ; Input  ; Info     ; Stuck at VCC                                                                        ;
; initial[0]    ; Input  ; Info     ; Stuck at GND                                                                        ;
; count         ; Output ; Info     ; Connected to dangling logic. Logic that only feeds a dangling port will be removed. ;
+---------------+--------+----------+-------------------------------------------------------------------------------------+


+--------------------------------------------------------------------------------------------------------------------------+
; Port Connectivity Checks: "Pipes_V2:pipe2"                                                                               ;
+----------------+--------+----------+-------------------------------------------------------------------------------------+
; Port           ; Type   ; Severity ; Details                                                                             ;
+----------------+--------+----------+-------------------------------------------------------------------------------------+
; pipe_h[9]      ; Input  ; Info     ; Stuck at GND                                                                        ;
; initial[8..6]  ; Input  ; Info     ; Stuck at VCC                                                                        ;
; initial[10..9] ; Input  ; Info     ; Stuck at GND                                                                        ;
; initial[5..3]  ; Input  ; Info     ; Stuck at GND                                                                        ;
; initial[1..0]  ; Input  ; Info     ; Stuck at GND                                                                        ;
; initial[2]     ; Input  ; Info     ; Stuck at VCC                                                                        ;
; count          ; Output ; Info     ; Connected to dangling logic. Logic that only feeds a dangling port will be removed. ;
+----------------+--------+----------+-------------------------------------------------------------------------------------+


+--------------------------------------------------------------------------------------------------------------------------+
; Port Connectivity Checks: "Pipes_V2:pipe1"                                                                               ;
+----------------+--------+----------+-------------------------------------------------------------------------------------+
; Port           ; Type   ; Severity ; Details                                                                             ;
+----------------+--------+----------+-------------------------------------------------------------------------------------+
; pipe_h[9]      ; Input  ; Info     ; Stuck at GND                                                                        ;
; initial[7..5]  ; Input  ; Info     ; Stuck at VCC                                                                        ;
; initial[10..8] ; Input  ; Info     ; Stuck at GND                                                                        ;
; initial[4..2]  ; Input  ; Info     ; Stuck at GND                                                                        ;
; initial[1]     ; Input  ; Info     ; Stuck at VCC                                                                        ;
; initial[0]     ; Input  ; Info     ; Stuck at GND                                                                        ;
; count          ; Output ; Info     ; Connected to dangling logic. Logic that only feeds a dangling port will be removed. ;
+----------------+--------+----------+-------------------------------------------------------------------------------------+


+------------------------------------------------------------------------------------------------------------------------+
; Port Connectivity Checks: "mouse:mouse_design"                                                                         ;
+--------------+--------+----------+-------------------------------------------------------------------------------------+
; Port         ; Type   ; Severity ; Details                                                                             ;
+--------------+--------+----------+-------------------------------------------------------------------------------------+
; right_button ; Output ; Info     ; Connected to dangling logic. Logic that only feeds a dangling port will be removed. ;
+--------------+--------+----------+-------------------------------------------------------------------------------------+


+-----------------------------------------------------+
; Post-Synthesis Netlist Statistics for Top Partition ;
+-----------------------+-----------------------------+
; Type                  ; Count                       ;
+-----------------------+-----------------------------+
; arriav_ff             ; 283                         ;
;     CLR               ; 19                          ;
;     ENA               ; 127                         ;
;     ENA CLR           ; 33                          ;
;     ENA SCLR          ; 38                          ;
;     ENA SLD           ; 30                          ;
;     SCLR              ; 10                          ;
;     SLD               ; 3                           ;
;     plain             ; 23                          ;
; arriav_io_obuf        ; 2                           ;
; arriav_lcell_comb     ; 582                         ;
;     arith             ; 179                         ;
;         0 data inputs ; 5                           ;
;         1 data inputs ; 146                         ;
;         2 data inputs ; 28                          ;
;     extend            ; 6                           ;
;         7 data inputs ; 6                           ;
;     normal            ; 387                         ;
;         0 data inputs ; 1                           ;
;         1 data inputs ; 9                           ;
;         2 data inputs ; 33                          ;
;         3 data inputs ; 38                          ;
;         4 data inputs ; 108                         ;
;         5 data inputs ; 69                          ;
;         6 data inputs ; 129                         ;
;     shared            ; 10                          ;
;         1 data inputs ; 1                           ;
;         2 data inputs ; 9                           ;
; boundary_port         ; 13                          ;
; stratixv_ram_block    ; 8                           ;
;                       ;                             ;
; Max LUT depth         ; 6.40                        ;
; Average LUT depth     ; 3.36                        ;
+-----------------------+-----------------------------+


+-------------------------------+
; Elapsed Time Per Partition    ;
+----------------+--------------+
; Partition Name ; Elapsed Time ;
+----------------+--------------+
; Top            ; 00:00:01     ;
+----------------+--------------+


+-------------------------------+
; Analysis & Synthesis Messages ;
+-------------------------------+
Info: *******************************************************************
Info: Running Quartus Prime Analysis & Synthesis
    Info: Version 18.1.0 Build 625 09/12/2018 SJ Lite Edition
    Info: Processing started: Tue May 23 19:34:36 2023
Info: Command: quartus_map --read_settings_files=on --write_settings_files=off Project_Flappy_v1 -c Project_Flappy_v1
Warning (18236): Number of processors has not been specified which may cause overloading on shared machines.  Set the global assignment NUM_PARALLEL_PROCESSORS in your QSF to an appropriate value for best performance.
Info (20030): Parallel compilation is enabled and will use 16 of the 16 processors detected
Info (12021): Found 2 design units, including 1 entities, in source file project_flappy_v1.vhd
    Info (12022): Found design unit 1: Project_Flappy_V1-game File: C:/Users/Caleb Yang/Desktop/Course Material/Year 3/COMPSYS305/Project_Flappy/CS305_Project_Flappy/Project_Flappy_V1/Project_Flappy_V1.vhd Line: 12
    Info (12023): Found entity 1: Project_Flappy_V1 File: C:/Users/Caleb Yang/Desktop/Course Material/Year 3/COMPSYS305/Project_Flappy/CS305_Project_Flappy/Project_Flappy_V1/Project_Flappy_V1.vhd Line: 6
Info (12127): Elaborating entity "Project_Flappy_v1" for the top level hierarchy
Warning (10541): VHDL Signal Declaration warning at Project_Flappy_V1.vhd(8): used implicit default value for signal "collision" because signal was never assigned a value or an explicit default value. Use of implicit default value may introduce unintended design optimizations. File: C:/Users/Caleb Yang/Desktop/Course Material/Year 3/COMPSYS305/Project_Flappy/CS305_Project_Flappy/Project_Flappy_V1/Project_Flappy_V1.vhd Line: 8
Warning (10036): Verilog HDL or VHDL warning at Project_Flappy_V1.vhd(22): object "t_right_button" assigned a value but never read File: C:/Users/Caleb Yang/Desktop/Course Material/Year 3/COMPSYS305/Project_Flappy/CS305_Project_Flappy/Project_Flappy_V1/Project_Flappy_V1.vhd Line: 22
Warning (10036): Verilog HDL or VHDL warning at Project_Flappy_V1.vhd(23): object "t_count" assigned a value but never read File: C:/Users/Caleb Yang/Desktop/Course Material/Year 3/COMPSYS305/Project_Flappy/CS305_Project_Flappy/Project_Flappy_V1/Project_Flappy_V1.vhd Line: 23
Warning (10540): VHDL Signal Declaration warning at Project_Flappy_V1.vhd(30): used explicit default value for signal "t_pipe_initial_1" because signal was never assigned a value File: C:/Users/Caleb Yang/Desktop/Course Material/Year 3/COMPSYS305/Project_Flappy/CS305_Project_Flappy/Project_Flappy_V1/Project_Flappy_V1.vhd Line: 30
Warning (10540): VHDL Signal Declaration warning at Project_Flappy_V1.vhd(31): used explicit default value for signal "t_pipe_initial_2" because signal was never assigned a value File: C:/Users/Caleb Yang/Desktop/Course Material/Year 3/COMPSYS305/Project_Flappy/CS305_Project_Flappy/Project_Flappy_V1/Project_Flappy_V1.vhd Line: 31
Warning (10540): VHDL Signal Declaration warning at Project_Flappy_V1.vhd(32): used explicit default value for signal "t_pipe_initial_3" because signal was never assigned a value File: C:/Users/Caleb Yang/Desktop/Course Material/Year 3/COMPSYS305/Project_Flappy/CS305_Project_Flappy/Project_Flappy_V1/Project_Flappy_V1.vhd Line: 32
Warning (10540): VHDL Signal Declaration warning at Project_Flappy_V1.vhd(35): used explicit default value for signal "t_sprite_anchor_row" because signal was never assigned a value File: C:/Users/Caleb Yang/Desktop/Course Material/Year 3/COMPSYS305/Project_Flappy/CS305_Project_Flappy/Project_Flappy_V1/Project_Flappy_V1.vhd Line: 35
Warning (10540): VHDL Signal Declaration warning at Project_Flappy_V1.vhd(36): used explicit default value for signal "t_sprite_anchor_col" because signal was never assigned a value File: C:/Users/Caleb Yang/Desktop/Course Material/Year 3/COMPSYS305/Project_Flappy/CS305_Project_Flappy/Project_Flappy_V1/Project_Flappy_V1.vhd Line: 36
Warning (10540): VHDL Signal Declaration warning at Project_Flappy_V1.vhd(37): used explicit default value for signal "t_sprite_red" because signal was never assigned a value File: C:/Users/Caleb Yang/Desktop/Course Material/Year 3/COMPSYS305/Project_Flappy/CS305_Project_Flappy/Project_Flappy_V1/Project_Flappy_V1.vhd Line: 37
Warning (10540): VHDL Signal Declaration warning at Project_Flappy_V1.vhd(38): used explicit default value for signal "t_sprite_green" because signal was never assigned a value File: C:/Users/Caleb Yang/Desktop/Course Material/Year 3/COMPSYS305/Project_Flappy/CS305_Project_Flappy/Project_Flappy_V1/Project_Flappy_V1.vhd Line: 38
Warning (10540): VHDL Signal Declaration warning at Project_Flappy_V1.vhd(39): used explicit default value for signal "t_sprite_blue" because signal was never assigned a value File: C:/Users/Caleb Yang/Desktop/Course Material/Year 3/COMPSYS305/Project_Flappy/CS305_Project_Flappy/Project_Flappy_V1/Project_Flappy_V1.vhd Line: 39
Warning (10540): VHDL Signal Declaration warning at Project_Flappy_V1.vhd(40): used explicit default value for signal "t_sprite_multiplier" because signal was never assigned a value File: C:/Users/Caleb Yang/Desktop/Course Material/Year 3/COMPSYS305/Project_Flappy/CS305_Project_Flappy/Project_Flappy_V1/Project_Flappy_V1.vhd Line: 40
Warning (10540): VHDL Signal Declaration warning at Project_Flappy_V1.vhd(41): used explicit default value for signal "t_sprite_address" because signal was never assigned a value File: C:/Users/Caleb Yang/Desktop/Course Material/Year 3/COMPSYS305/Project_Flappy/CS305_Project_Flappy/Project_Flappy_V1/Project_Flappy_V1.vhd Line: 41
Warning (10540): VHDL Signal Declaration warning at Project_Flappy_V1.vhd(42): used explicit default value for signal "t_sprite_enable" because signal was never assigned a value File: C:/Users/Caleb Yang/Desktop/Course Material/Year 3/COMPSYS305/Project_Flappy/CS305_Project_Flappy/Project_Flappy_V1/Project_Flappy_V1.vhd Line: 42
Info (10041): Inferred latch for "t_reset_latch" at Project_Flappy_V1.vhd(115) File: C:/Users/Caleb Yang/Desktop/Course Material/Year 3/COMPSYS305/Project_Flappy/CS305_Project_Flappy/Project_Flappy_V1/Project_Flappy_V1.vhd Line: 115
Info (10041): Inferred latch for "t_enable" at Project_Flappy_V1.vhd(110) File: C:/Users/Caleb Yang/Desktop/Course Material/Year 3/COMPSYS305/Project_Flappy/CS305_Project_Flappy/Project_Flappy_V1/Project_Flappy_V1.vhd Line: 110
Warning (12125): Using design file mouse.vhd, which is not specified as a design file for the current project, but contains definitions for 2 design units and 1 entities in project
    Info (12022): Found design unit 1: MOUSE-behavior File: C:/Users/Caleb Yang/Desktop/Course Material/Year 3/COMPSYS305/Project_Flappy/CS305_Project_Flappy/Project_Flappy_V1/mouse.vhd Line: 18
    Info (12023): Found entity 1: MOUSE File: C:/Users/Caleb Yang/Desktop/Course Material/Year 3/COMPSYS305/Project_Flappy/CS305_Project_Flappy/Project_Flappy_V1/mouse.vhd Line: 9
Info (12128): Elaborating entity "mouse" for hierarchy "mouse:mouse_design" File: C:/Users/Caleb Yang/Desktop/Course Material/Year 3/COMPSYS305/Project_Flappy/CS305_Project_Flappy/Project_Flappy_V1/Project_Flappy_V1.vhd Line: 127
Warning (10036): Verilog HDL or VHDL warning at mouse.vhd(25): object "CHARIN" assigned a value but never read File: C:/Users/Caleb Yang/Desktop/Course Material/Year 3/COMPSYS305/Project_Flappy/CS305_Project_Flappy/Project_Flappy_V1/mouse.vhd Line: 25
Warning (10492): VHDL Process Statement warning at mouse.vhd(151): signal "CHAROUT" is read inside the Process Statement but isn't in the Process Statement's sensitivity list File: C:/Users/Caleb Yang/Desktop/Course Material/Year 3/COMPSYS305/Project_Flappy/CS305_Project_Flappy/Project_Flappy_V1/mouse.vhd Line: 151
Warning (10492): VHDL Process Statement warning at mouse.vhd(155): signal "CHAROUT" is read inside the Process Statement but isn't in the Process Statement's sensitivity list File: C:/Users/Caleb Yang/Desktop/Course Material/Year 3/COMPSYS305/Project_Flappy/CS305_Project_Flappy/Project_Flappy_V1/mouse.vhd Line: 155
Warning (10492): VHDL Process Statement warning at mouse.vhd(156): signal "CHAROUT" is read inside the Process Statement but isn't in the Process Statement's sensitivity list File: C:/Users/Caleb Yang/Desktop/Course Material/Year 3/COMPSYS305/Project_Flappy/CS305_Project_Flappy/Project_Flappy_V1/mouse.vhd Line: 156
Warning (10492): VHDL Process Statement warning at mouse.vhd(157): signal "CHAROUT" is read inside the Process Statement but isn't in the Process Statement's sensitivity list File: C:/Users/Caleb Yang/Desktop/Course Material/Year 3/COMPSYS305/Project_Flappy/CS305_Project_Flappy/Project_Flappy_V1/mouse.vhd Line: 157
Warning (12125): Using design file move_mouse.vhd, which is not specified as a design file for the current project, but contains definitions for 2 design units and 1 entities in project
    Info (12022): Found design unit 1: move_mouse-behavior File: C:/Users/Caleb Yang/Desktop/Course Material/Year 3/COMPSYS305/Project_Flappy/CS305_Project_Flappy/Project_Flappy_V1/move_mouse.vhd Line: 14
    Info (12023): Found entity 1: move_mouse File: C:/Users/Caleb Yang/Desktop/Course Material/Year 3/COMPSYS305/Project_Flappy/CS305_Project_Flappy/Project_Flappy_V1/move_mouse.vhd Line: 7
Info (12128): Elaborating entity "move_mouse" for hierarchy "move_mouse:move_mouse_design" File: C:/Users/Caleb Yang/Desktop/Course Material/Year 3/COMPSYS305/Project_Flappy/CS305_Project_Flappy/Project_Flappy_V1/Project_Flappy_V1.vhd Line: 129
Warning (12125): Using design file vga_sync.vhd, which is not specified as a design file for the current project, but contains definitions for 2 design units and 1 entities in project
    Info (12022): Found design unit 1: VGA_SYNC-a File: C:/Users/Caleb Yang/Desktop/Course Material/Year 3/COMPSYS305/Project_Flappy/CS305_Project_Flappy/Project_Flappy_V1/vga_sync.vhd Line: 13
    Info (12023): Found entity 1: VGA_SYNC File: C:/Users/Caleb Yang/Desktop/Course Material/Year 3/COMPSYS305/Project_Flappy/CS305_Project_Flappy/Project_Flappy_V1/vga_sync.vhd Line: 7
Info (12128): Elaborating entity "VGA_SYNC" for hierarchy "VGA_SYNC:vga_design" File: C:/Users/Caleb Yang/Desktop/Course Material/Year 3/COMPSYS305/Project_Flappy/CS305_Project_Flappy/Project_Flappy_V1/Project_Flappy_V1.vhd Line: 131
Warning (12125): Using design file bouncy_ball.vhd, which is not specified as a design file for the current project, but contains definitions for 2 design units and 1 entities in project
    Info (12022): Found design unit 1: bouncy_ball-behavior File: C:/Users/Caleb Yang/Desktop/Course Material/Year 3/COMPSYS305/Project_Flappy/CS305_Project_Flappy/Project_Flappy_V1/bouncy_ball.vhd Line: 14
    Info (12023): Found entity 1: bouncy_ball File: C:/Users/Caleb Yang/Desktop/Course Material/Year 3/COMPSYS305/Project_Flappy/CS305_Project_Flappy/Project_Flappy_V1/bouncy_ball.vhd Line: 7
Info (12128): Elaborating entity "bouncy_ball" for hierarchy "bouncy_ball:ball_design" File: C:/Users/Caleb Yang/Desktop/Course Material/Year 3/COMPSYS305/Project_Flappy/CS305_Project_Flappy/Project_Flappy_V1/Project_Flappy_V1.vhd Line: 135
Warning (12125): Using design file div.vhd, which is not specified as a design file for the current project, but contains definitions for 2 design units and 1 entities in project
    Info (12022): Found design unit 1: Div-behaviour File: C:/Users/Caleb Yang/Desktop/Course Material/Year 3/COMPSYS305/Project_Flappy/CS305_Project_Flappy/Project_Flappy_V1/div.vhd Line: 10
    Info (12023): Found entity 1: Div File: C:/Users/Caleb Yang/Desktop/Course Material/Year 3/COMPSYS305/Project_Flappy/CS305_Project_Flappy/Project_Flappy_V1/div.vhd Line: 5
Info (12128): Elaborating entity "Div" for hierarchy "Div:div_design" File: C:/Users/Caleb Yang/Desktop/Course Material/Year 3/COMPSYS305/Project_Flappy/CS305_Project_Flappy/Project_Flappy_V1/Project_Flappy_V1.vhd Line: 137
Warning (12125): Using design file psudo_gen.vhd, which is not specified as a design file for the current project, but contains definitions for 2 design units and 1 entities in project
    Info (12022): Found design unit 1: Psudo_Gen-Behaviour File: C:/Users/Caleb Yang/Desktop/Course Material/Year 3/COMPSYS305/Project_Flappy/CS305_Project_Flappy/Project_Flappy_V1/psudo_gen.vhd Line: 13
    Info (12023): Found entity 1: Psudo_Gen File: C:/Users/Caleb Yang/Desktop/Course Material/Year 3/COMPSYS305/Project_Flappy/CS305_Project_Flappy/Project_Flappy_V1/psudo_gen.vhd Line: 6
Info (12128): Elaborating entity "Psudo_Gen" for hierarchy "Psudo_Gen:psudo_rand_design" File: C:/Users/Caleb Yang/Desktop/Course Material/Year 3/COMPSYS305/Project_Flappy/CS305_Project_Flappy/Project_Flappy_V1/Project_Flappy_V1.vhd Line: 139
Warning (10492): VHDL Process Statement warning at psudo_gen.vhd(26): signal "seed" is read inside the Process Statement but isn't in the Process Statement's sensitivity list File: C:/Users/Caleb Yang/Desktop/Course Material/Year 3/COMPSYS305/Project_Flappy/CS305_Project_Flappy/Project_Flappy_V1/psudo_gen.vhd Line: 26
Warning (12125): Using design file pipes_v2.vhd, which is not specified as a design file for the current project, but contains definitions for 2 design units and 1 entities in project
    Info (12022): Found design unit 1: Pipes_V2-behaviour File: C:/Users/Caleb Yang/Desktop/Course Material/Year 3/COMPSYS305/Project_Flappy/CS305_Project_Flappy/Project_Flappy_V1/pipes_v2.vhd Line: 15
    Info (12023): Found entity 1: Pipes_V2 File: C:/Users/Caleb Yang/Desktop/Course Material/Year 3/COMPSYS305/Project_Flappy/CS305_Project_Flappy/Project_Flappy_V1/pipes_v2.vhd Line: 6
Info (12128): Elaborating entity "Pipes_V2" for hierarchy "Pipes_V2:pipe1" File: C:/Users/Caleb Yang/Desktop/Course Material/Year 3/COMPSYS305/Project_Flappy/CS305_Project_Flappy/Project_Flappy_V1/Project_Flappy_V1.vhd Line: 141
Warning (12125): Using design file sprite_printer.vhd, which is not specified as a design file for the current project, but contains definitions for 2 design units and 1 entities in project
    Info (12022): Found design unit 1: SPRITE_PRINTER-a File: C:/Users/Caleb Yang/Desktop/Course Material/Year 3/COMPSYS305/Project_Flappy/CS305_Project_Flappy/Project_Flappy_V1/sprite_printer.vhd Line: 22
    Info (12023): Found entity 1: SPRITE_PRINTER File: C:/Users/Caleb Yang/Desktop/Course Material/Year 3/COMPSYS305/Project_Flappy/CS305_Project_Flappy/Project_Flappy_V1/sprite_printer.vhd Line: 6
Info (12128): Elaborating entity "sprite_printer" for hierarchy "sprite_printer:sprite_design" File: C:/Users/Caleb Yang/Desktop/Course Material/Year 3/COMPSYS305/Project_Flappy/CS305_Project_Flappy/Project_Flappy_V1/Project_Flappy_V1.vhd Line: 145
Warning (10492): VHDL Process Statement warning at sprite_printer.vhd(43): signal "enable" is read inside the Process Statement but isn't in the Process Statement's sensitivity list File: C:/Users/Caleb Yang/Desktop/Course Material/Year 3/COMPSYS305/Project_Flappy/CS305_Project_Flappy/Project_Flappy_V1/sprite_printer.vhd Line: 43
Warning (10492): VHDL Process Statement warning at sprite_printer.vhd(44): signal "multiplier" is read inside the Process Statement but isn't in the Process Statement's sensitivity list File: C:/Users/Caleb Yang/Desktop/Course Material/Year 3/COMPSYS305/Project_Flappy/CS305_Project_Flappy/Project_Flappy_V1/sprite_printer.vhd Line: 44
Warning (10492): VHDL Process Statement warning at sprite_printer.vhd(54): signal "multiplier" is read inside the Process Statement but isn't in the Process Statement's sensitivity list File: C:/Users/Caleb Yang/Desktop/Course Material/Year 3/COMPSYS305/Project_Flappy/CS305_Project_Flappy/Project_Flappy_V1/sprite_printer.vhd Line: 54
Warning (10492): VHDL Process Statement warning at sprite_printer.vhd(55): signal "multiplier" is read inside the Process Statement but isn't in the Process Statement's sensitivity list File: C:/Users/Caleb Yang/Desktop/Course Material/Year 3/COMPSYS305/Project_Flappy/CS305_Project_Flappy/Project_Flappy_V1/sprite_printer.vhd Line: 55
Warning (10631): VHDL Process Statement warning at sprite_printer.vhd(39): inferring latch(es) for signal or variable "s_font_row", which holds its previous value in one or more paths through the process File: C:/Users/Caleb Yang/Desktop/Course Material/Year 3/COMPSYS305/Project_Flappy/CS305_Project_Flappy/Project_Flappy_V1/sprite_printer.vhd Line: 39
Warning (10631): VHDL Process Statement warning at sprite_printer.vhd(39): inferring latch(es) for signal or variable "s_font_col", which holds its previous value in one or more paths through the process File: C:/Users/Caleb Yang/Desktop/Course Material/Year 3/COMPSYS305/Project_Flappy/CS305_Project_Flappy/Project_Flappy_V1/sprite_printer.vhd Line: 39
Info (10041): Inferred latch for "s_font_col[0]" at sprite_printer.vhd(39) File: C:/Users/Caleb Yang/Desktop/Course Material/Year 3/COMPSYS305/Project_Flappy/CS305_Project_Flappy/Project_Flappy_V1/sprite_printer.vhd Line: 39
Info (10041): Inferred latch for "s_font_col[1]" at sprite_printer.vhd(39) File: C:/Users/Caleb Yang/Desktop/Course Material/Year 3/COMPSYS305/Project_Flappy/CS305_Project_Flappy/Project_Flappy_V1/sprite_printer.vhd Line: 39
Info (10041): Inferred latch for "s_font_col[2]" at sprite_printer.vhd(39) File: C:/Users/Caleb Yang/Desktop/Course Material/Year 3/COMPSYS305/Project_Flappy/CS305_Project_Flappy/Project_Flappy_V1/sprite_printer.vhd Line: 39
Info (10041): Inferred latch for "s_font_row[0]" at sprite_printer.vhd(39) File: C:/Users/Caleb Yang/Desktop/Course Material/Year 3/COMPSYS305/Project_Flappy/CS305_Project_Flappy/Project_Flappy_V1/sprite_printer.vhd Line: 39
Info (10041): Inferred latch for "s_font_row[1]" at sprite_printer.vhd(39) File: C:/Users/Caleb Yang/Desktop/Course Material/Year 3/COMPSYS305/Project_Flappy/CS305_Project_Flappy/Project_Flappy_V1/sprite_printer.vhd Line: 39
Info (10041): Inferred latch for "s_font_row[2]" at sprite_printer.vhd(39) File: C:/Users/Caleb Yang/Desktop/Course Material/Year 3/COMPSYS305/Project_Flappy/CS305_Project_Flappy/Project_Flappy_V1/sprite_printer.vhd Line: 39
Warning (12125): Using design file char_rom.vhd, which is not specified as a design file for the current project, but contains definitions for 2 design units and 1 entities in project
    Info (12022): Found design unit 1: char_rom-SYN File: C:/Users/Caleb Yang/Desktop/Course Material/Year 3/COMPSYS305/Project_Flappy/CS305_Project_Flappy/Project_Flappy_V1/char_rom.vhd Line: 20
    Info (12023): Found entity 1: char_rom File: C:/Users/Caleb Yang/Desktop/Course Material/Year 3/COMPSYS305/Project_Flappy/CS305_Project_Flappy/Project_Flappy_V1/char_rom.vhd Line: 9
Info (12128): Elaborating entity "CHAR_ROM" for hierarchy "sprite_printer:sprite_design|CHAR_ROM:SPRITE_ROM" File: C:/Users/Caleb Yang/Desktop/Course Material/Year 3/COMPSYS305/Project_Flappy/CS305_Project_Flappy/Project_Flappy_V1/sprite_printer.vhd Line: 37
Info (12128): Elaborating entity "altsyncram" for hierarchy "sprite_printer:sprite_design|CHAR_ROM:SPRITE_ROM|altsyncram:altsyncram_component" File: C:/Users/Caleb Yang/Desktop/Course Material/Year 3/COMPSYS305/Project_Flappy/CS305_Project_Flappy/Project_Flappy_V1/char_rom.vhd Line: 51
Info (12130): Elaborated megafunction instantiation "sprite_printer:sprite_design|CHAR_ROM:SPRITE_ROM|altsyncram:altsyncram_component" File: C:/Users/Caleb Yang/Desktop/Course Material/Year 3/COMPSYS305/Project_Flappy/CS305_Project_Flappy/Project_Flappy_V1/char_rom.vhd Line: 51
Info (12133): Instantiated megafunction "sprite_printer:sprite_design|CHAR_ROM:SPRITE_ROM|altsyncram:altsyncram_component" with the following parameter: File: C:/Users/Caleb Yang/Desktop/Course Material/Year 3/COMPSYS305/Project_Flappy/CS305_Project_Flappy/Project_Flappy_V1/char_rom.vhd Line: 51
    Info (12134): Parameter "address_aclr_a" = "NONE"
    Info (12134): Parameter "clock_enable_input_a" = "BYPASS"
    Info (12134): Parameter "clock_enable_output_a" = "BYPASS"
    Info (12134): Parameter "init_file" = "tcgrom.mif"
    Info (12134): Parameter "intended_device_family" = "Cyclone III"
    Info (12134): Parameter "lpm_hint" = "ENABLE_RUNTIME_MOD=NO"
    Info (12134): Parameter "lpm_type" = "altsyncram"
    Info (12134): Parameter "numwords_a" = "512"
    Info (12134): Parameter "operation_mode" = "ROM"
    Info (12134): Parameter "outdata_aclr_a" = "NONE"
    Info (12134): Parameter "outdata_reg_a" = "UNREGISTERED"
    Info (12134): Parameter "widthad_a" = "9"
    Info (12134): Parameter "width_a" = "8"
    Info (12134): Parameter "width_byteena_a" = "1"
Info (12021): Found 1 design units, including 1 entities, in source file db/altsyncram_d5g1.tdf
    Info (12023): Found entity 1: altsyncram_d5g1 File: C:/Users/Caleb Yang/Desktop/Course Material/Year 3/COMPSYS305/Project_Flappy/CS305_Project_Flappy/Project_Flappy_V1/db/altsyncram_d5g1.tdf Line: 27
Info (12128): Elaborating entity "altsyncram_d5g1" for hierarchy "sprite_printer:sprite_design|CHAR_ROM:SPRITE_ROM|altsyncram:altsyncram_component|altsyncram_d5g1:auto_generated" File: c:/intelfpga_lite/18.1/quartus/libraries/megafunctions/altsyncram.tdf Line: 791
Warning (14026): LATCH primitive "SPRITE_PRINTER:sprite_design|s_font_row[1]" is permanently enabled File: C:/Users/Caleb Yang/Desktop/Course Material/Year 3/COMPSYS305/Project_Flappy/CS305_Project_Flappy/Project_Flappy_V1/sprite_printer.vhd Line: 39
Warning (14026): LATCH primitive "SPRITE_PRINTER:sprite_design|s_font_row[0]" is permanently enabled File: C:/Users/Caleb Yang/Desktop/Course Material/Year 3/COMPSYS305/Project_Flappy/CS305_Project_Flappy/Project_Flappy_V1/sprite_printer.vhd Line: 39
Warning (14026): LATCH primitive "SPRITE_PRINTER:sprite_design|s_font_col[2]" is permanently enabled File: C:/Users/Caleb Yang/Desktop/Course Material/Year 3/COMPSYS305/Project_Flappy/CS305_Project_Flappy/Project_Flappy_V1/sprite_printer.vhd Line: 39
Warning (14026): LATCH primitive "SPRITE_PRINTER:sprite_design|s_font_col[1]" is permanently enabled File: C:/Users/Caleb Yang/Desktop/Course Material/Year 3/COMPSYS305/Project_Flappy/CS305_Project_Flappy/Project_Flappy_V1/sprite_printer.vhd Line: 39
Warning (14026): LATCH primitive "SPRITE_PRINTER:sprite_design|s_font_col[0]" is permanently enabled File: C:/Users/Caleb Yang/Desktop/Course Material/Year 3/COMPSYS305/Project_Flappy/CS305_Project_Flappy/Project_Flappy_V1/sprite_printer.vhd Line: 39
Warning (14026): LATCH primitive "SPRITE_PRINTER:sprite_design|s_font_row[2]" is permanently enabled File: C:/Users/Caleb Yang/Desktop/Course Material/Year 3/COMPSYS305/Project_Flappy/CS305_Project_Flappy/Project_Flappy_V1/sprite_printer.vhd Line: 39
Info (13000): Registers with preset signals will power-up high File: C:/Users/Caleb Yang/Desktop/Course Material/Year 3/COMPSYS305/Project_Flappy/CS305_Project_Flappy/Project_Flappy_V1/mouse.vhd Line: 146
Info (13003): DEV_CLRn pin will set, and not reset, register with preset signal due to NOT Gate Push-Back
Warning (13004): Presettable and clearable registers converted to equivalent circuits with latches. Registers power-up to an undefined state, and DEVCLRn places the registers in an undefined state.
    Warning (13310): Register "Psudo_Gen:psudo_rand_design|t_psudo_rand[8]" is converted into an equivalent circuit using register "Psudo_Gen:psudo_rand_design|t_psudo_rand[8]~_emulated" and latch "Psudo_Gen:psudo_rand_design|t_psudo_rand[8]~1" File: C:/Users/Caleb Yang/Desktop/Course Material/Year 3/COMPSYS305/Project_Flappy/CS305_Project_Flappy/Project_Flappy_V1/psudo_gen.vhd Line: 25
    Warning (13310): Register "Psudo_Gen:psudo_rand_design|t_psudo_rand[7]" is converted into an equivalent circuit using register "Psudo_Gen:psudo_rand_design|t_psudo_rand[7]~_emulated" and latch "Psudo_Gen:psudo_rand_design|t_psudo_rand[7]~5" File: C:/Users/Caleb Yang/Desktop/Course Material/Year 3/COMPSYS305/Project_Flappy/CS305_Project_Flappy/Project_Flappy_V1/psudo_gen.vhd Line: 25
    Warning (13310): Register "Psudo_Gen:psudo_rand_design|t_psudo_rand[5]" is converted into an equivalent circuit using register "Psudo_Gen:psudo_rand_design|t_psudo_rand[5]~_emulated" and latch "Psudo_Gen:psudo_rand_design|t_psudo_rand[5]~9" File: C:/Users/Caleb Yang/Desktop/Course Material/Year 3/COMPSYS305/Project_Flappy/CS305_Project_Flappy/Project_Flappy_V1/psudo_gen.vhd Line: 25
    Warning (13310): Register "Psudo_Gen:psudo_rand_design|t_psudo_rand[6]" is converted into an equivalent circuit using register "Psudo_Gen:psudo_rand_design|t_psudo_rand[6]~_emulated" and latch "Psudo_Gen:psudo_rand_design|t_psudo_rand[6]~13" File: C:/Users/Caleb Yang/Desktop/Course Material/Year 3/COMPSYS305/Project_Flappy/CS305_Project_Flappy/Project_Flappy_V1/psudo_gen.vhd Line: 25
    Warning (13310): Register "Psudo_Gen:psudo_rand_design|t_psudo_rand[4]" is converted into an equivalent circuit using register "Psudo_Gen:psudo_rand_design|t_psudo_rand[4]~_emulated" and latch "Psudo_Gen:psudo_rand_design|t_psudo_rand[4]~17" File: C:/Users/Caleb Yang/Desktop/Course Material/Year 3/COMPSYS305/Project_Flappy/CS305_Project_Flappy/Project_Flappy_V1/psudo_gen.vhd Line: 25
    Warning (13310): Register "Psudo_Gen:psudo_rand_design|t_psudo_rand[3]" is converted into an equivalent circuit using register "Psudo_Gen:psudo_rand_design|t_psudo_rand[3]~_emulated" and latch "Psudo_Gen:psudo_rand_design|t_psudo_rand[3]~21" File: C:/Users/Caleb Yang/Desktop/Course Material/Year 3/COMPSYS305/Project_Flappy/CS305_Project_Flappy/Project_Flappy_V1/psudo_gen.vhd Line: 25
    Warning (13310): Register "Psudo_Gen:psudo_rand_design|t_psudo_rand[2]" is converted into an equivalent circuit using register "Psudo_Gen:psudo_rand_design|t_psudo_rand[2]~_emulated" and latch "Psudo_Gen:psudo_rand_design|t_psudo_rand[2]~25" File: C:/Users/Caleb Yang/Desktop/Course Material/Year 3/COMPSYS305/Project_Flappy/CS305_Project_Flappy/Project_Flappy_V1/psudo_gen.vhd Line: 25
    Warning (13310): Register "Psudo_Gen:psudo_rand_design|t_psudo_rand[1]" is converted into an equivalent circuit using register "Psudo_Gen:psudo_rand_design|t_psudo_rand[1]~_emulated" and latch "Psudo_Gen:psudo_rand_design|t_psudo_rand[1]~29" File: C:/Users/Caleb Yang/Desktop/Course Material/Year 3/COMPSYS305/Project_Flappy/CS305_Project_Flappy/Project_Flappy_V1/psudo_gen.vhd Line: 25
    Warning (13310): Register "Psudo_Gen:psudo_rand_design|t_psudo_rand[0]" is converted into an equivalent circuit using register "Psudo_Gen:psudo_rand_design|t_psudo_rand[0]~_emulated" and latch "Psudo_Gen:psudo_rand_design|t_psudo_rand[0]~33" File: C:/Users/Caleb Yang/Desktop/Course Material/Year 3/COMPSYS305/Project_Flappy/CS305_Project_Flappy/Project_Flappy_V1/psudo_gen.vhd Line: 25
Warning (13024): Output pins are stuck at VCC or GND
    Warning (13410): Pin "collision" is stuck at GND File: C:/Users/Caleb Yang/Desktop/Course Material/Year 3/COMPSYS305/Project_Flappy/CS305_Project_Flappy/Project_Flappy_V1/Project_Flappy_V1.vhd Line: 8
Info (286030): Timing-Driven Synthesis is running
Info (17036): Removed 6 MSB VCC or GND address nodes from RAM block "SPRITE_PRINTER:sprite_design|char_rom:SPRITE_ROM|altsyncram:altsyncram_component|altsyncram_d5g1:auto_generated|ALTSYNCRAM" File: C:/Users/Caleb Yang/Desktop/Course Material/Year 3/COMPSYS305/Project_Flappy/CS305_Project_Flappy/Project_Flappy_V1/db/altsyncram_d5g1.tdf Line: 31
Warning (20013): Ignored 24 assignments for entity "DE0_CV_Default" -- entity does not exist in design
    Warning (20014): Assignment for entity set_instance_assignment -name PARTITION_HIERARCHY root_partition -to | -entity DE0_CV_Default -section_id Top was ignored
    Warning (20014): Assignment for entity set_global_assignment -name PARTITION_NETLIST_TYPE SOURCE -entity DE0_CV_Default -section_id Top was ignored
    Warning (20014): Assignment for entity set_global_assignment -name PARTITION_FITTER_PRESERVATION_LEVEL PLACEMENT_AND_ROUTING -entity DE0_CV_Default -section_id Top was ignored
    Warning (20014): Assignment for entity set_global_assignment -name PARTITION_PRESERVE_HIGH_SPEED_TILES ON -entity DE0_CV_Default -section_id Top was ignored
    Warning (20014): Assignment for entity set_global_assignment -name PARTITION_IGNORE_SOURCE_FILE_CHANGES OFF -entity DE0_CV_Default -section_id Top was ignored
    Warning (20014): Assignment for entity set_global_assignment -name PARTITION_ALWAYS_USE_QXP_NETLIST OFF -entity DE0_CV_Default -section_id Top was ignored
    Warning (20014): Assignment for entity set_global_assignment -name PARTITION_COLOR 16764057 -entity DE0_CV_Default -section_id Top was ignored
    Warning (20014): Assignment for entity set_global_assignment -name PARTITION_IMPORT_ASSIGNMENTS ON -entity DE0_CV_Default -section_id Top was ignored
    Warning (20014): Assignment for entity set_global_assignment -name PARTITION_IMPORT_EXISTING_ASSIGNMENTS REPLACE_CONFLICTING -entity DE0_CV_Default -section_id Top was ignored
    Warning (20014): Assignment for entity set_global_assignment -name PARTITION_IMPORT_EXISTING_LOGICLOCK_REGIONS UPDATE_CONFLICTING -entity DE0_CV_Default -section_id Top was ignored
    Warning (20014): Assignment for entity set_global_assignment -name PARTITION_IMPORT_PIN_ASSIGNMENTS ON -entity DE0_CV_Default -section_id Top was ignored
    Warning (20014): Assignment for entity set_global_assignment -name PARTITION_IMPORT_PROMOTE_ASSIGNMENTS ON -entity DE0_CV_Default -section_id Top was ignored
    Warning (20014): Assignment for entity set_global_assignment -name PARTITION_TYPE STANDARD_PARTITION -entity DE0_CV_Default -section_id Top was ignored
    Warning (20014): Assignment for entity set_global_assignment -name ALLOW_MULTIPLE_PERSONAS OFF -entity DE0_CV_Default -section_id Top was ignored
    Warning (20014): Assignment for entity set_global_assignment -name PARTITION_ASD_REGION_ID 1 -entity DE0_CV_Default -section_id Top was ignored
    Warning (20014): Assignment for entity set_global_assignment -name CROSS_BOUNDARY_OPTIMIZATIONS OFF -entity DE0_CV_Default -section_id Top was ignored
    Warning (20014): Assignment for entity set_global_assignment -name PROPAGATE_CONSTANTS_ON_INPUTS ON -entity DE0_CV_Default -section_id Top was ignored
    Warning (20014): Assignment for entity set_global_assignment -name PROPAGATE_INVERSIONS_ON_INPUTS ON -entity DE0_CV_Default -section_id Top was ignored
    Warning (20014): Assignment for entity set_global_assignment -name REMOVE_LOGIC_ON_UNCONNECTED_OUTPUTS ON -entity DE0_CV_Default -section_id Top was ignored
    Warning (20014): Assignment for entity set_global_assignment -name MERGE_EQUIVALENT_INPUTS ON -entity DE0_CV_Default -section_id Top was ignored
    Warning (20014): Assignment for entity set_global_assignment -name MERGE_EQUIVALENT_BIDIRS ON -entity DE0_CV_Default -section_id Top was ignored
    Warning (20014): Assignment for entity set_global_assignment -name ABSORB_PATHS_FROM_OUTPUTS_TO_INPUTS ON -entity DE0_CV_Default -section_id Top was ignored
    Warning (20014): Assignment for entity set_global_assignment -name PARTITION_EXTRACT_HARD_BLOCK_NODES ON -entity DE0_CV_Default -section_id Top was ignored
    Warning (20014): Assignment for entity set_global_assignment -name PARTITION_ENABLE_STRICT_PRESERVATION OFF -entity DE0_CV_Default -section_id Top was ignored
Info (16010): Generating hard_block partition "hard_block:auto_generated_inst"
    Info (16011): Adding 0 node(s), including 0 DDIO, 0 PLL, 0 transceiver and 0 LCELL
Warning (21074): Design contains 3 input pin(s) that do not drive logic
    Warning (15610): No output dependent on input pin "pb1" File: C:/Users/Caleb Yang/Desktop/Course Material/Year 3/COMPSYS305/Project_Flappy/CS305_Project_Flappy/Project_Flappy_V1/Project_Flappy_V1.vhd Line: 7
    Warning (15610): No output dependent on input pin "pb2" File: C:/Users/Caleb Yang/Desktop/Course Material/Year 3/COMPSYS305/Project_Flappy/CS305_Project_Flappy/Project_Flappy_V1/Project_Flappy_V1.vhd Line: 7
    Warning (15610): No output dependent on input pin "pb4" File: C:/Users/Caleb Yang/Desktop/Course Material/Year 3/COMPSYS305/Project_Flappy/CS305_Project_Flappy/Project_Flappy_V1/Project_Flappy_V1.vhd Line: 7
Info (21057): Implemented 703 device resources after synthesis - the final resource count might be different
    Info (21058): Implemented 5 input pins
    Info (21059): Implemented 6 output pins
    Info (21060): Implemented 2 bidirectional pins
    Info (21061): Implemented 682 logic cells
    Info (21064): Implemented 8 RAM segments
Info: Quartus Prime Analysis & Synthesis was successful. 0 errors, 83 warnings
    Info: Peak virtual memory: 4923 megabytes
    Info: Processing ended: Tue May 23 19:34:49 2023
    Info: Elapsed time: 00:00:13
    Info: Total CPU time (on all processors): 00:00:26


