------------------------------------------------------------
Timing Analyzer Summary
------------------------------------------------------------

Type  : Slow 1100mV 85C Model Setup 'Div:div_design|t_clkDiv'
Slack : -5.932
TNS   : -336.111

Type  : Slow 1100mV 85C Model Setup 'VGA_SYNC:vga_design|vert_sync_out'
Slack : -5.688
TNS   : -106.719

Type  : Slow 1100mV 85C Model Setup 'VGA_SYNC:vga_design|horiz_sync_out'
Slack : -5.626
TNS   : -305.984

Type  : Slow 1100mV 85C Model Setup 'MOUSE:mouse_design|MOUSE_CLK_FILTER'
Slack : -3.621
TNS   : -281.676

Type  : Slow 1100mV 85C Model Setup 'pb3'
Slack : -3.369
TNS   : -29.487

Type  : Slow 1100mV 85C Model Setup 'CLK'
Slack : -2.421
TNS   : -2.421

Type  : Slow 1100mV 85C Model Hold 'Div:div_design|t_clkDiv'
Slack : 0.286
TNS   : 0.000

Type  : Slow 1100mV 85C Model Hold 'VGA_SYNC:vga_design|vert_sync_out'
Slack : 0.503
TNS   : 0.000

Type  : Slow 1100mV 85C Model Hold 'MOUSE:mouse_design|MOUSE_CLK_FILTER'
Slack : 0.616
TNS   : 0.000

Type  : Slow 1100mV 85C Model Hold 'pb3'
Slack : 0.625
TNS   : 0.000

Type  : Slow 1100mV 85C Model Hold 'CLK'
Slack : 0.753
TNS   : 0.000

Type  : Slow 1100mV 85C Model Hold 'VGA_SYNC:vga_design|horiz_sync_out'
Slack : 0.916
TNS   : 0.000

Type  : Slow 1100mV 85C Model Recovery 'MOUSE:mouse_design|MOUSE_CLK_FILTER'
Slack : -2.421
TNS   : -40.015

Type  : Slow 1100mV 85C Model Recovery 'Div:div_design|t_clkDiv'
Slack : -2.189
TNS   : -62.074

Type  : Slow 1100mV 85C Model Removal 'MOUSE:mouse_design|MOUSE_CLK_FILTER'
Slack : 0.335
TNS   : 0.000

Type  : Slow 1100mV 85C Model Removal 'Div:div_design|t_clkDiv'
Slack : 0.874
TNS   : 0.000

Type  : Slow 1100mV 85C Model Minimum Pulse Width 'Div:div_design|t_clkDiv'
Slack : -2.636
TNS   : -125.154

Type  : Slow 1100mV 85C Model Minimum Pulse Width 'MOUSE:mouse_design|MOUSE_CLK_FILTER'
Slack : -0.538
TNS   : -71.442

Type  : Slow 1100mV 85C Model Minimum Pulse Width 'VGA_SYNC:vga_design|horiz_sync_out'
Slack : -0.538
TNS   : -59.647

Type  : Slow 1100mV 85C Model Minimum Pulse Width 'VGA_SYNC:vga_design|vert_sync_out'
Slack : -0.538
TNS   : -20.777

Type  : Slow 1100mV 85C Model Minimum Pulse Width 'CLK'
Slack : -0.538
TNS   : -0.881

Type  : Slow 1100mV 85C Model Minimum Pulse Width 'pb3'
Slack : 0.166
TNS   : 0.000

Type  : Slow 1100mV 0C Model Setup 'Div:div_design|t_clkDiv'
Slack : -6.003
TNS   : -333.028

Type  : Slow 1100mV 0C Model Setup 'VGA_SYNC:vga_design|vert_sync_out'
Slack : -5.813
TNS   : -108.875

Type  : Slow 1100mV 0C Model Setup 'VGA_SYNC:vga_design|horiz_sync_out'
Slack : -5.780
TNS   : -307.950

Type  : Slow 1100mV 0C Model Setup 'MOUSE:mouse_design|MOUSE_CLK_FILTER'
Slack : -3.594
TNS   : -269.184

Type  : Slow 1100mV 0C Model Setup 'pb3'
Slack : -3.086
TNS   : -26.893

Type  : Slow 1100mV 0C Model Setup 'CLK'
Slack : -2.280
TNS   : -2.280

Type  : Slow 1100mV 0C Model Hold 'pb3'
Slack : 0.251
TNS   : 0.000

Type  : Slow 1100mV 0C Model Hold 'Div:div_design|t_clkDiv'
Slack : 0.292
TNS   : 0.000

Type  : Slow 1100mV 0C Model Hold 'VGA_SYNC:vga_design|vert_sync_out'
Slack : 0.523
TNS   : 0.000

Type  : Slow 1100mV 0C Model Hold 'CLK'
Slack : 0.626
TNS   : 0.000

Type  : Slow 1100mV 0C Model Hold 'MOUSE:mouse_design|MOUSE_CLK_FILTER'
Slack : 0.638
TNS   : 0.000

Type  : Slow 1100mV 0C Model Hold 'VGA_SYNC:vga_design|horiz_sync_out'
Slack : 0.841
TNS   : 0.000

Type  : Slow 1100mV 0C Model Recovery 'MOUSE:mouse_design|MOUSE_CLK_FILTER'
Slack : -2.398
TNS   : -37.833

Type  : Slow 1100mV 0C Model Recovery 'Div:div_design|t_clkDiv'
Slack : -2.230
TNS   : -63.399

Type  : Slow 1100mV 0C Model Removal 'MOUSE:mouse_design|MOUSE_CLK_FILTER'
Slack : 0.313
TNS   : 0.000

Type  : Slow 1100mV 0C Model Removal 'Div:div_design|t_clkDiv'
Slack : 0.980
TNS   : 0.000

Type  : Slow 1100mV 0C Model Minimum Pulse Width 'Div:div_design|t_clkDiv'
Slack : -2.636
TNS   : -122.588

Type  : Slow 1100mV 0C Model Minimum Pulse Width 'MOUSE:mouse_design|MOUSE_CLK_FILTER'
Slack : -0.538
TNS   : -71.012

Type  : Slow 1100mV 0C Model Minimum Pulse Width 'VGA_SYNC:vga_design|horiz_sync_out'
Slack : -0.538
TNS   : -59.270

Type  : Slow 1100mV 0C Model Minimum Pulse Width 'VGA_SYNC:vga_design|vert_sync_out'
Slack : -0.538
TNS   : -20.544

Type  : Slow 1100mV 0C Model Minimum Pulse Width 'CLK'
Slack : -0.538
TNS   : -0.883

Type  : Slow 1100mV 0C Model Minimum Pulse Width 'pb3'
Slack : 0.240
TNS   : 0.000

Type  : Fast 1100mV 85C Model Setup 'VGA_SYNC:vga_design|horiz_sync_out'
Slack : -2.998
TNS   : -166.414

Type  : Fast 1100mV 85C Model Setup 'Div:div_design|t_clkDiv'
Slack : -2.773
TNS   : -144.231

Type  : Fast 1100mV 85C Model Setup 'VGA_SYNC:vga_design|vert_sync_out'
Slack : -2.332
TNS   : -47.694

Type  : Fast 1100mV 85C Model Setup 'pb3'
Slack : -1.825
TNS   : -15.401

Type  : Fast 1100mV 85C Model Setup 'CLK'
Slack : -1.622
TNS   : -1.622

Type  : Fast 1100mV 85C Model Setup 'MOUSE:mouse_design|MOUSE_CLK_FILTER'
Slack : -1.500
TNS   : -115.795

Type  : Fast 1100mV 85C Model Hold 'Div:div_design|t_clkDiv'
Slack : -0.027
TNS   : -0.027

Type  : Fast 1100mV 85C Model Hold 'VGA_SYNC:vga_design|horiz_sync_out'
Slack : 0.192
TNS   : 0.000

Type  : Fast 1100mV 85C Model Hold 'MOUSE:mouse_design|MOUSE_CLK_FILTER'
Slack : 0.314
TNS   : 0.000

Type  : Fast 1100mV 85C Model Hold 'pb3'
Slack : 0.361
TNS   : 0.000

Type  : Fast 1100mV 85C Model Hold 'VGA_SYNC:vga_design|vert_sync_out'
Slack : 0.363
TNS   : 0.000

Type  : Fast 1100mV 85C Model Hold 'CLK'
Slack : 0.659
TNS   : 0.000

Type  : Fast 1100mV 85C Model Recovery 'Div:div_design|t_clkDiv'
Slack : -1.322
TNS   : -36.684

Type  : Fast 1100mV 85C Model Recovery 'MOUSE:mouse_design|MOUSE_CLK_FILTER'
Slack : -0.887
TNS   : -13.653

Type  : Fast 1100mV 85C Model Removal 'MOUSE:mouse_design|MOUSE_CLK_FILTER'
Slack : 0.074
TNS   : 0.000

Type  : Fast 1100mV 85C Model Removal 'Div:div_design|t_clkDiv'
Slack : 0.225
TNS   : 0.000

Type  : Fast 1100mV 85C Model Minimum Pulse Width 'Div:div_design|t_clkDiv'
Slack : -2.174
TNS   : -20.125

Type  : Fast 1100mV 85C Model Minimum Pulse Width 'CLK'
Slack : -0.346
TNS   : -0.346

Type  : Fast 1100mV 85C Model Minimum Pulse Width 'VGA_SYNC:vga_design|horiz_sync_out'
Slack : -0.081
TNS   : -0.568

Type  : Fast 1100mV 85C Model Minimum Pulse Width 'pb3'
Slack : -0.066
TNS   : -0.304

Type  : Fast 1100mV 85C Model Minimum Pulse Width 'MOUSE:mouse_design|MOUSE_CLK_FILTER'
Slack : -0.010
TNS   : -0.130

Type  : Fast 1100mV 85C Model Minimum Pulse Width 'VGA_SYNC:vga_design|vert_sync_out'
Slack : 0.057
TNS   : 0.000

Type  : Fast 1100mV 0C Model Setup 'VGA_SYNC:vga_design|horiz_sync_out'
Slack : -2.867
TNS   : -159.244

Type  : Fast 1100mV 0C Model Setup 'Div:div_design|t_clkDiv'
Slack : -2.484
TNS   : -127.584

Type  : Fast 1100mV 0C Model Setup 'VGA_SYNC:vga_design|vert_sync_out'
Slack : -2.140
TNS   : -44.321

Type  : Fast 1100mV 0C Model Setup 'pb3'
Slack : -1.397
TNS   : -11.844

Type  : Fast 1100mV 0C Model Setup 'MOUSE:mouse_design|MOUSE_CLK_FILTER'
Slack : -1.396
TNS   : -107.941

Type  : Fast 1100mV 0C Model Setup 'CLK'
Slack : -1.339
TNS   : -1.339

Type  : Fast 1100mV 0C Model Hold 'Div:div_design|t_clkDiv'
Slack : -0.080
TNS   : -0.080

Type  : Fast 1100mV 0C Model Hold 'pb3'
Slack : 0.121
TNS   : 0.000

Type  : Fast 1100mV 0C Model Hold 'VGA_SYNC:vga_design|horiz_sync_out'
Slack : 0.147
TNS   : 0.000

Type  : Fast 1100mV 0C Model Hold 'MOUSE:mouse_design|MOUSE_CLK_FILTER'
Slack : 0.309
TNS   : 0.000

Type  : Fast 1100mV 0C Model Hold 'VGA_SYNC:vga_design|vert_sync_out'
Slack : 0.335
TNS   : 0.000

Type  : Fast 1100mV 0C Model Hold 'CLK'
Slack : 0.433
TNS   : 0.000

Type  : Fast 1100mV 0C Model Recovery 'Div:div_design|t_clkDiv'
Slack : -1.309
TNS   : -36.779

Type  : Fast 1100mV 0C Model Recovery 'MOUSE:mouse_design|MOUSE_CLK_FILTER'
Slack : -0.868
TNS   : -13.001

Type  : Fast 1100mV 0C Model Removal 'MOUSE:mouse_design|MOUSE_CLK_FILTER'
Slack : 0.099
TNS   : 0.000

Type  : Fast 1100mV 0C Model Removal 'Div:div_design|t_clkDiv'
Slack : 0.270
TNS   : 0.000

Type  : Fast 1100mV 0C Model Minimum Pulse Width 'Div:div_design|t_clkDiv'
Slack : -2.174
TNS   : -16.693

Type  : Fast 1100mV 0C Model Minimum Pulse Width 'CLK'
Slack : -0.338
TNS   : -0.338

Type  : Fast 1100mV 0C Model Minimum Pulse Width 'pb3'
Slack : -0.041
TNS   : -0.142

Type  : Fast 1100mV 0C Model Minimum Pulse Width 'VGA_SYNC:vga_design|horiz_sync_out'
Slack : -0.031
TNS   : -0.181

Type  : Fast 1100mV 0C Model Minimum Pulse Width 'MOUSE:mouse_design|MOUSE_CLK_FILTER'
Slack : 0.006
TNS   : 0.000

Type  : Fast 1100mV 0C Model Minimum Pulse Width 'VGA_SYNC:vga_design|vert_sync_out'
Slack : 0.078
TNS   : 0.000

------------------------------------------------------------
