------------------------------------------------------------
Timing Analyzer Summary
------------------------------------------------------------

Type  : Slow 1100mV 85C Model Setup 'Div:div_design|t_clkDiv'
Slack : -6.287
TNS   : -246.647

Type  : Slow 1100mV 85C Model Setup 'VGA_SYNC:vga_design|pixel_column[2]'
Slack : -5.539
TNS   : -22.480

Type  : Slow 1100mV 85C Model Setup 'VGA_SYNC:vga_design|horiz_sync_out'
Slack : -5.411
TNS   : -378.743

Type  : Slow 1100mV 85C Model Setup 'VGA_SYNC:vga_design|vert_sync_out'
Slack : -5.061
TNS   : -160.671

Type  : Slow 1100mV 85C Model Setup 'pb2'
Slack : -4.121
TNS   : -33.236

Type  : Slow 1100mV 85C Model Setup 'CLK'
Slack : -2.644
TNS   : -2.644

Type  : Slow 1100mV 85C Model Hold 'VGA_SYNC:vga_design|pixel_column[2]'
Slack : -0.132
TNS   : -0.167

Type  : Slow 1100mV 85C Model Hold 'Div:div_design|t_clkDiv'
Slack : 0.539
TNS   : 0.000

Type  : Slow 1100mV 85C Model Hold 'VGA_SYNC:vga_design|horiz_sync_out'
Slack : 0.628
TNS   : 0.000

Type  : Slow 1100mV 85C Model Hold 'CLK'
Slack : 0.814
TNS   : 0.000

Type  : Slow 1100mV 85C Model Hold 'pb2'
Slack : 0.887
TNS   : 0.000

Type  : Slow 1100mV 85C Model Hold 'VGA_SYNC:vga_design|vert_sync_out'
Slack : 1.157
TNS   : 0.000

Type  : Slow 1100mV 85C Model Recovery 'Div:div_design|t_clkDiv'
Slack : -1.980
TNS   : -16.330

Type  : Slow 1100mV 85C Model Removal 'Div:div_design|t_clkDiv'
Slack : 0.881
TNS   : 0.000

Type  : Slow 1100mV 85C Model Minimum Pulse Width 'Div:div_design|t_clkDiv'
Slack : -2.636
TNS   : -82.713

Type  : Slow 1100mV 85C Model Minimum Pulse Width 'VGA_SYNC:vga_design|horiz_sync_out'
Slack : -0.538
TNS   : -89.024

Type  : Slow 1100mV 85C Model Minimum Pulse Width 'VGA_SYNC:vga_design|vert_sync_out'
Slack : -0.538
TNS   : -31.042

Type  : Slow 1100mV 85C Model Minimum Pulse Width 'CLK'
Slack : -0.538
TNS   : -1.012

Type  : Slow 1100mV 85C Model Minimum Pulse Width 'VGA_SYNC:vga_design|pixel_column[2]'
Slack : -0.088
TNS   : -0.432

Type  : Slow 1100mV 85C Model Minimum Pulse Width 'pb2'
Slack : 0.101
TNS   : 0.000

Type  : Slow 1100mV 0C Model Setup 'Div:div_design|t_clkDiv'
Slack : -6.475
TNS   : -243.090

Type  : Slow 1100mV 0C Model Setup 'VGA_SYNC:vga_design|horiz_sync_out'
Slack : -5.467
TNS   : -374.024

Type  : Slow 1100mV 0C Model Setup 'VGA_SYNC:vga_design|pixel_column[2]'
Slack : -5.392
TNS   : -21.710

Type  : Slow 1100mV 0C Model Setup 'VGA_SYNC:vga_design|vert_sync_out'
Slack : -5.210
TNS   : -164.162

Type  : Slow 1100mV 0C Model Setup 'pb2'
Slack : -3.890
TNS   : -31.080

Type  : Slow 1100mV 0C Model Setup 'CLK'
Slack : -2.434
TNS   : -2.434

Type  : Slow 1100mV 0C Model Hold 'VGA_SYNC:vga_design|pixel_column[2]'
Slack : -0.308
TNS   : -0.601

Type  : Slow 1100mV 0C Model Hold 'Div:div_design|t_clkDiv'
Slack : 0.516
TNS   : 0.000

Type  : Slow 1100mV 0C Model Hold 'pb2'
Slack : 0.555
TNS   : 0.000

Type  : Slow 1100mV 0C Model Hold 'VGA_SYNC:vga_design|horiz_sync_out'
Slack : 0.604
TNS   : 0.000

Type  : Slow 1100mV 0C Model Hold 'CLK'
Slack : 0.661
TNS   : 0.000

Type  : Slow 1100mV 0C Model Hold 'VGA_SYNC:vga_design|vert_sync_out'
Slack : 1.140
TNS   : 0.000

Type  : Slow 1100mV 0C Model Recovery 'Div:div_design|t_clkDiv'
Slack : -2.054
TNS   : -16.981

Type  : Slow 1100mV 0C Model Removal 'Div:div_design|t_clkDiv'
Slack : 0.906
TNS   : 0.000

Type  : Slow 1100mV 0C Model Minimum Pulse Width 'Div:div_design|t_clkDiv'
Slack : -2.636
TNS   : -81.106

Type  : Slow 1100mV 0C Model Minimum Pulse Width 'VGA_SYNC:vga_design|horiz_sync_out'
Slack : -0.538
TNS   : -86.353

Type  : Slow 1100mV 0C Model Minimum Pulse Width 'VGA_SYNC:vga_design|vert_sync_out'
Slack : -0.538
TNS   : -30.866

Type  : Slow 1100mV 0C Model Minimum Pulse Width 'CLK'
Slack : -0.538
TNS   : -1.041

Type  : Slow 1100mV 0C Model Minimum Pulse Width 'VGA_SYNC:vga_design|pixel_column[2]'
Slack : -0.110
TNS   : -0.425

Type  : Slow 1100mV 0C Model Minimum Pulse Width 'pb2'
Slack : 0.118
TNS   : 0.000

Type  : Fast 1100mV 85C Model Setup 'VGA_SYNC:vga_design|horiz_sync_out'
Slack : -3.076
TNS   : -173.202

Type  : Fast 1100mV 85C Model Setup 'Div:div_design|t_clkDiv'
Slack : -2.978
TNS   : -112.146

Type  : Fast 1100mV 85C Model Setup 'VGA_SYNC:vga_design|pixel_column[2]'
Slack : -2.917
TNS   : -11.409

Type  : Fast 1100mV 85C Model Setup 'pb2'
Slack : -2.149
TNS   : -17.861

Type  : Fast 1100mV 85C Model Setup 'VGA_SYNC:vga_design|vert_sync_out'
Slack : -1.987
TNS   : -64.079

Type  : Fast 1100mV 85C Model Setup 'CLK'
Slack : -1.876
TNS   : -1.876

Type  : Fast 1100mV 85C Model Hold 'VGA_SYNC:vga_design|pixel_column[2]'
Slack : -0.177
TNS   : -0.376

Type  : Fast 1100mV 85C Model Hold 'Div:div_design|t_clkDiv'
Slack : 0.111
TNS   : 0.000

Type  : Fast 1100mV 85C Model Hold 'VGA_SYNC:vga_design|horiz_sync_out'
Slack : 0.238
TNS   : 0.000

Type  : Fast 1100mV 85C Model Hold 'VGA_SYNC:vga_design|vert_sync_out'
Slack : 0.489
TNS   : 0.000

Type  : Fast 1100mV 85C Model Hold 'pb2'
Slack : 0.563
TNS   : 0.000

Type  : Fast 1100mV 85C Model Hold 'CLK'
Slack : 0.801
TNS   : 0.000

Type  : Fast 1100mV 85C Model Recovery 'Div:div_design|t_clkDiv'
Slack : -1.297
TNS   : -10.449

Type  : Fast 1100mV 85C Model Removal 'Div:div_design|t_clkDiv'
Slack : 0.223
TNS   : 0.000

Type  : Fast 1100mV 85C Model Minimum Pulse Width 'Div:div_design|t_clkDiv'
Slack : -2.174
TNS   : -17.588

Type  : Fast 1100mV 85C Model Minimum Pulse Width 'CLK'
Slack : -0.444
TNS   : -0.540

Type  : Fast 1100mV 85C Model Minimum Pulse Width 'pb2'
Slack : -0.125
TNS   : -1.362

Type  : Fast 1100mV 85C Model Minimum Pulse Width 'VGA_SYNC:vga_design|horiz_sync_out'
Slack : -0.098
TNS   : -3.333

Type  : Fast 1100mV 85C Model Minimum Pulse Width 'VGA_SYNC:vga_design|pixel_column[2]'
Slack : -0.067
TNS   : -0.140

Type  : Fast 1100mV 85C Model Minimum Pulse Width 'VGA_SYNC:vga_design|vert_sync_out'
Slack : 0.058
TNS   : 0.000

Type  : Fast 1100mV 0C Model Setup 'VGA_SYNC:vga_design|horiz_sync_out'
Slack : -2.914
TNS   : -156.023

Type  : Fast 1100mV 0C Model Setup 'Div:div_design|t_clkDiv'
Slack : -2.667
TNS   : -100.647

Type  : Fast 1100mV 0C Model Setup 'VGA_SYNC:vga_design|pixel_column[2]'
Slack : -2.558
TNS   : -9.918

Type  : Fast 1100mV 0C Model Setup 'VGA_SYNC:vga_design|vert_sync_out'
Slack : -1.756
TNS   : -56.843

Type  : Fast 1100mV 0C Model Setup 'pb2'
Slack : -1.696
TNS   : -13.981

Type  : Fast 1100mV 0C Model Setup 'CLK'
Slack : -1.528
TNS   : -1.528

Type  : Fast 1100mV 0C Model Hold 'VGA_SYNC:vga_design|pixel_column[2]'
Slack : -0.221
TNS   : -0.510

Type  : Fast 1100mV 0C Model Hold 'Div:div_design|t_clkDiv'
Slack : 0.105
TNS   : 0.000

Type  : Fast 1100mV 0C Model Hold 'VGA_SYNC:vga_design|horiz_sync_out'
Slack : 0.203
TNS   : 0.000

Type  : Fast 1100mV 0C Model Hold 'pb2'
Slack : 0.300
TNS   : 0.000

Type  : Fast 1100mV 0C Model Hold 'VGA_SYNC:vga_design|vert_sync_out'
Slack : 0.451
TNS   : 0.000

Type  : Fast 1100mV 0C Model Hold 'CLK'
Slack : 0.563
TNS   : 0.000

Type  : Fast 1100mV 0C Model Recovery 'Div:div_design|t_clkDiv'
Slack : -1.295
TNS   : -10.644

Type  : Fast 1100mV 0C Model Removal 'Div:div_design|t_clkDiv'
Slack : 0.267
TNS   : 0.000

Type  : Fast 1100mV 0C Model Minimum Pulse Width 'Div:div_design|t_clkDiv'
Slack : -2.174
TNS   : -15.863

Type  : Fast 1100mV 0C Model Minimum Pulse Width 'CLK'
Slack : -0.427
TNS   : -0.513

Type  : Fast 1100mV 0C Model Minimum Pulse Width 'pb2'
Slack : -0.098
TNS   : -1.085

Type  : Fast 1100mV 0C Model Minimum Pulse Width 'VGA_SYNC:vga_design|horiz_sync_out'
Slack : -0.037
TNS   : -0.678

Type  : Fast 1100mV 0C Model Minimum Pulse Width 'VGA_SYNC:vga_design|pixel_column[2]'
Slack : 0.036
TNS   : 0.000

Type  : Fast 1100mV 0C Model Minimum Pulse Width 'VGA_SYNC:vga_design|vert_sync_out'
Slack : 0.081
TNS   : 0.000

------------------------------------------------------------
