------------------------------------------------------------
Timing Analyzer Summary
------------------------------------------------------------

Type  : Slow 1100mV 85C Model Setup 'VGA_SYNC:vga_design|vert_sync_out'
Slack : -5.942
TNS   : -166.760

Type  : Slow 1100mV 85C Model Setup 'Div:div_design|t_clkDiv'
Slack : -5.455
TNS   : -240.523

Type  : Slow 1100mV 85C Model Setup 'VGA_SYNC:vga_design|horiz_sync_out'
Slack : -4.005
TNS   : -335.399

Type  : Slow 1100mV 85C Model Setup 'pb2'
Slack : -3.855
TNS   : -30.477

Type  : Slow 1100mV 85C Model Setup 'CLK'
Slack : -2.222
TNS   : -2.222

Type  : Slow 1100mV 85C Model Hold 'Div:div_design|t_clkDiv'
Slack : 0.598
TNS   : 0.000

Type  : Slow 1100mV 85C Model Hold 'pb2'
Slack : 0.656
TNS   : 0.000

Type  : Slow 1100mV 85C Model Hold 'VGA_SYNC:vga_design|horiz_sync_out'
Slack : 0.750
TNS   : 0.000

Type  : Slow 1100mV 85C Model Hold 'CLK'
Slack : 0.783
TNS   : 0.000

Type  : Slow 1100mV 85C Model Hold 'VGA_SYNC:vga_design|vert_sync_out'
Slack : 1.300
TNS   : 0.000

Type  : Slow 1100mV 85C Model Recovery 'Div:div_design|t_clkDiv'
Slack : -2.249
TNS   : -18.452

Type  : Slow 1100mV 85C Model Removal 'Div:div_design|t_clkDiv'
Slack : 1.024
TNS   : 0.000

Type  : Slow 1100mV 85C Model Minimum Pulse Width 'VGA_SYNC:vga_design|horiz_sync_out'
Slack : -0.538
TNS   : -82.167

Type  : Slow 1100mV 85C Model Minimum Pulse Width 'Div:div_design|t_clkDiv'
Slack : -0.538
TNS   : -67.038

Type  : Slow 1100mV 85C Model Minimum Pulse Width 'VGA_SYNC:vga_design|vert_sync_out'
Slack : -0.538
TNS   : -30.019

Type  : Slow 1100mV 85C Model Minimum Pulse Width 'CLK'
Slack : -0.538
TNS   : -0.880

Type  : Slow 1100mV 85C Model Minimum Pulse Width 'pb2'
Slack : 0.142
TNS   : 0.000

Type  : Slow 1100mV 0C Model Setup 'VGA_SYNC:vga_design|vert_sync_out'
Slack : -6.173
TNS   : -171.956

Type  : Slow 1100mV 0C Model Setup 'Div:div_design|t_clkDiv'
Slack : -5.512
TNS   : -237.535

Type  : Slow 1100mV 0C Model Setup 'VGA_SYNC:vga_design|horiz_sync_out'
Slack : -4.044
TNS   : -333.512

Type  : Slow 1100mV 0C Model Setup 'pb2'
Slack : -3.701
TNS   : -28.713

Type  : Slow 1100mV 0C Model Setup 'CLK'
Slack : -2.102
TNS   : -2.102

Type  : Slow 1100mV 0C Model Hold 'pb2'
Slack : 0.392
TNS   : 0.000

Type  : Slow 1100mV 0C Model Hold 'Div:div_design|t_clkDiv'
Slack : 0.542
TNS   : 0.000

Type  : Slow 1100mV 0C Model Hold 'CLK'
Slack : 0.696
TNS   : 0.000

Type  : Slow 1100mV 0C Model Hold 'VGA_SYNC:vga_design|horiz_sync_out'
Slack : 0.733
TNS   : 0.000

Type  : Slow 1100mV 0C Model Hold 'VGA_SYNC:vga_design|vert_sync_out'
Slack : 1.241
TNS   : 0.000

Type  : Slow 1100mV 0C Model Recovery 'Div:div_design|t_clkDiv'
Slack : -2.245
TNS   : -18.724

Type  : Slow 1100mV 0C Model Removal 'Div:div_design|t_clkDiv'
Slack : 1.024
TNS   : 0.000

Type  : Slow 1100mV 0C Model Minimum Pulse Width 'VGA_SYNC:vga_design|horiz_sync_out'
Slack : -0.538
TNS   : -80.123

Type  : Slow 1100mV 0C Model Minimum Pulse Width 'Div:div_design|t_clkDiv'
Slack : -0.538
TNS   : -65.354

Type  : Slow 1100mV 0C Model Minimum Pulse Width 'VGA_SYNC:vga_design|vert_sync_out'
Slack : -0.538
TNS   : -29.653

Type  : Slow 1100mV 0C Model Minimum Pulse Width 'CLK'
Slack : -0.538
TNS   : -0.896

Type  : Slow 1100mV 0C Model Minimum Pulse Width 'pb2'
Slack : 0.196
TNS   : 0.000

Type  : Fast 1100mV 85C Model Setup 'Div:div_design|t_clkDiv'
Slack : -2.403
TNS   : -102.828

Type  : Fast 1100mV 85C Model Setup 'VGA_SYNC:vga_design|horiz_sync_out'
Slack : -2.269
TNS   : -147.950

Type  : Fast 1100mV 85C Model Setup 'VGA_SYNC:vga_design|vert_sync_out'
Slack : -2.265
TNS   : -66.424

Type  : Fast 1100mV 85C Model Setup 'pb2'
Slack : -2.136
TNS   : -16.317

Type  : Fast 1100mV 85C Model Setup 'CLK'
Slack : -1.539
TNS   : -1.539

Type  : Fast 1100mV 85C Model Hold 'Div:div_design|t_clkDiv'
Slack : 0.041
TNS   : 0.000

Type  : Fast 1100mV 85C Model Hold 'VGA_SYNC:vga_design|horiz_sync_out'
Slack : 0.077
TNS   : 0.000

Type  : Fast 1100mV 85C Model Hold 'pb2'
Slack : 0.466
TNS   : 0.000

Type  : Fast 1100mV 85C Model Hold 'VGA_SYNC:vga_design|vert_sync_out'
Slack : 0.536
TNS   : 0.000

Type  : Fast 1100mV 85C Model Hold 'CLK'
Slack : 0.775
TNS   : 0.000

Type  : Fast 1100mV 85C Model Recovery 'Div:div_design|t_clkDiv'
Slack : -1.313
TNS   : -11.043

Type  : Fast 1100mV 85C Model Removal 'Div:div_design|t_clkDiv'
Slack : 0.238
TNS   : 0.000

Type  : Fast 1100mV 85C Model Minimum Pulse Width 'CLK'
Slack : -0.371
TNS   : -0.391

Type  : Fast 1100mV 85C Model Minimum Pulse Width 'VGA_SYNC:vga_design|horiz_sync_out'
Slack : -0.090
TNS   : -0.564

Type  : Fast 1100mV 85C Model Minimum Pulse Width 'pb2'
Slack : -0.077
TNS   : -0.630

Type  : Fast 1100mV 85C Model Minimum Pulse Width 'Div:div_design|t_clkDiv'
Slack : -0.045
TNS   : -0.526

Type  : Fast 1100mV 85C Model Minimum Pulse Width 'VGA_SYNC:vga_design|vert_sync_out'
Slack : 0.054
TNS   : 0.000

Type  : Fast 1100mV 0C Model Setup 'VGA_SYNC:vga_design|horiz_sync_out'
Slack : -2.187
TNS   : -134.666

Type  : Fast 1100mV 0C Model Setup 'Div:div_design|t_clkDiv'
Slack : -2.149
TNS   : -92.175

Type  : Fast 1100mV 0C Model Setup 'VGA_SYNC:vga_design|vert_sync_out'
Slack : -2.062
TNS   : -59.744

Type  : Fast 1100mV 0C Model Setup 'pb2'
Slack : -1.714
TNS   : -12.759

Type  : Fast 1100mV 0C Model Setup 'CLK'
Slack : -1.262
TNS   : -1.262

Type  : Fast 1100mV 0C Model Hold 'Div:div_design|t_clkDiv'
Slack : -0.015
TNS   : -0.015

Type  : Fast 1100mV 0C Model Hold 'VGA_SYNC:vga_design|horiz_sync_out'
Slack : 0.063
TNS   : 0.000

Type  : Fast 1100mV 0C Model Hold 'pb2'
Slack : 0.247
TNS   : 0.000

Type  : Fast 1100mV 0C Model Hold 'VGA_SYNC:vga_design|vert_sync_out'
Slack : 0.499
TNS   : 0.000

Type  : Fast 1100mV 0C Model Hold 'CLK'
Slack : 0.522
TNS   : 0.000

Type  : Fast 1100mV 0C Model Recovery 'Div:div_design|t_clkDiv'
Slack : -1.310
TNS   : -11.068

Type  : Fast 1100mV 0C Model Removal 'Div:div_design|t_clkDiv'
Slack : 0.271
TNS   : 0.000

Type  : Fast 1100mV 0C Model Minimum Pulse Width 'CLK'
Slack : -0.367
TNS   : -0.392

Type  : Fast 1100mV 0C Model Minimum Pulse Width 'pb2'
Slack : -0.059
TNS   : -0.441

Type  : Fast 1100mV 0C Model Minimum Pulse Width 'VGA_SYNC:vga_design|horiz_sync_out'
Slack : -0.034
TNS   : -0.134

Type  : Fast 1100mV 0C Model Minimum Pulse Width 'Div:div_design|t_clkDiv'
Slack : 0.010
TNS   : 0.000

Type  : Fast 1100mV 0C Model Minimum Pulse Width 'VGA_SYNC:vga_design|vert_sync_out'
Slack : 0.085
TNS   : 0.000

------------------------------------------------------------
