------------------------------------------------------------
Timing Analyzer Summary
------------------------------------------------------------

Type  : Slow 1100mV 85C Model Setup 'VGA_SYNC:vga_design|vert_sync_out'
Slack : -5.762
TNS   : -144.975

Type  : Slow 1100mV 85C Model Setup 'VGA_SYNC:vga_design|horiz_sync_out'
Slack : -5.437
TNS   : -342.369

Type  : Slow 1100mV 85C Model Setup 'Div:div_design|t_clkDiv'
Slack : -4.988
TNS   : -261.379

Type  : Slow 1100mV 85C Model Setup 'pb2'
Slack : -4.240
TNS   : -30.297

Type  : Slow 1100mV 85C Model Setup 'CLK'
Slack : -2.403
TNS   : -2.403

Type  : Slow 1100mV 85C Model Hold 'VGA_SYNC:vga_design|horiz_sync_out'
Slack : 0.527
TNS   : 0.000

Type  : Slow 1100mV 85C Model Hold 'Div:div_design|t_clkDiv'
Slack : 0.603
TNS   : 0.000

Type  : Slow 1100mV 85C Model Hold 'CLK'
Slack : 0.614
TNS   : 0.000

Type  : Slow 1100mV 85C Model Hold 'pb2'
Slack : 0.648
TNS   : 0.000

Type  : Slow 1100mV 85C Model Hold 'VGA_SYNC:vga_design|vert_sync_out'
Slack : 1.036
TNS   : 0.000

Type  : Slow 1100mV 85C Model Recovery 'Div:div_design|t_clkDiv'
Slack : -1.897
TNS   : -17.047

Type  : Slow 1100mV 85C Model Removal 'Div:div_design|t_clkDiv'
Slack : 1.114
TNS   : 0.000

Type  : Slow 1100mV 85C Model Minimum Pulse Width 'VGA_SYNC:vga_design|horiz_sync_out'
Slack : -0.538
TNS   : -81.449

Type  : Slow 1100mV 85C Model Minimum Pulse Width 'Div:div_design|t_clkDiv'
Slack : -0.538
TNS   : -74.222

Type  : Slow 1100mV 85C Model Minimum Pulse Width 'VGA_SYNC:vga_design|vert_sync_out'
Slack : -0.538
TNS   : -26.638

Type  : Slow 1100mV 85C Model Minimum Pulse Width 'CLK'
Slack : -0.538
TNS   : -0.928

Type  : Slow 1100mV 85C Model Minimum Pulse Width 'pb2'
Slack : 0.246
TNS   : 0.000

Type  : Slow 1100mV 0C Model Setup 'VGA_SYNC:vga_design|vert_sync_out'
Slack : -5.928
TNS   : -145.769

Type  : Slow 1100mV 0C Model Setup 'VGA_SYNC:vga_design|horiz_sync_out'
Slack : -5.519
TNS   : -342.031

Type  : Slow 1100mV 0C Model Setup 'Div:div_design|t_clkDiv'
Slack : -5.026
TNS   : -254.969

Type  : Slow 1100mV 0C Model Setup 'pb2'
Slack : -3.985
TNS   : -28.343

Type  : Slow 1100mV 0C Model Setup 'CLK'
Slack : -2.303
TNS   : -2.303

Type  : Slow 1100mV 0C Model Hold 'pb2'
Slack : 0.319
TNS   : 0.000

Type  : Slow 1100mV 0C Model Hold 'CLK'
Slack : 0.545
TNS   : 0.000

Type  : Slow 1100mV 0C Model Hold 'VGA_SYNC:vga_design|horiz_sync_out'
Slack : 0.559
TNS   : 0.000

Type  : Slow 1100mV 0C Model Hold 'Div:div_design|t_clkDiv'
Slack : 0.597
TNS   : 0.000

Type  : Slow 1100mV 0C Model Hold 'VGA_SYNC:vga_design|vert_sync_out'
Slack : 1.077
TNS   : 0.000

Type  : Slow 1100mV 0C Model Recovery 'Div:div_design|t_clkDiv'
Slack : -1.968
TNS   : -17.687

Type  : Slow 1100mV 0C Model Removal 'Div:div_design|t_clkDiv'
Slack : 1.149
TNS   : 0.000

Type  : Slow 1100mV 0C Model Minimum Pulse Width 'VGA_SYNC:vga_design|horiz_sync_out'
Slack : -0.538
TNS   : -79.478

Type  : Slow 1100mV 0C Model Minimum Pulse Width 'Div:div_design|t_clkDiv'
Slack : -0.538
TNS   : -72.868

Type  : Slow 1100mV 0C Model Minimum Pulse Width 'VGA_SYNC:vga_design|vert_sync_out'
Slack : -0.538
TNS   : -26.491

Type  : Slow 1100mV 0C Model Minimum Pulse Width 'CLK'
Slack : -0.538
TNS   : -0.926

Type  : Slow 1100mV 0C Model Minimum Pulse Width 'pb2'
Slack : 0.261
TNS   : 0.000

Type  : Fast 1100mV 85C Model Setup 'VGA_SYNC:vga_design|horiz_sync_out'
Slack : -2.915
TNS   : -156.565

Type  : Fast 1100mV 85C Model Setup 'VGA_SYNC:vga_design|vert_sync_out'
Slack : -2.422
TNS   : -62.996

Type  : Fast 1100mV 85C Model Setup 'Div:div_design|t_clkDiv'
Slack : -2.400
TNS   : -112.543

Type  : Fast 1100mV 85C Model Setup 'pb2'
Slack : -2.306
TNS   : -16.038

Type  : Fast 1100mV 85C Model Setup 'CLK'
Slack : -1.668
TNS   : -1.668

Type  : Fast 1100mV 85C Model Hold 'Div:div_design|t_clkDiv'
Slack : 0.125
TNS   : 0.000

Type  : Fast 1100mV 85C Model Hold 'VGA_SYNC:vga_design|horiz_sync_out'
Slack : 0.162
TNS   : 0.000

Type  : Fast 1100mV 85C Model Hold 'pb2'
Slack : 0.387
TNS   : 0.000

Type  : Fast 1100mV 85C Model Hold 'VGA_SYNC:vga_design|vert_sync_out'
Slack : 0.414
TNS   : 0.000

Type  : Fast 1100mV 85C Model Hold 'CLK'
Slack : 0.673
TNS   : 0.000

Type  : Fast 1100mV 85C Model Recovery 'Div:div_design|t_clkDiv'
Slack : -1.185
TNS   : -10.652

Type  : Fast 1100mV 85C Model Removal 'Div:div_design|t_clkDiv'
Slack : 0.353
TNS   : 0.000

Type  : Fast 1100mV 85C Model Minimum Pulse Width 'CLK'
Slack : -0.392
TNS   : -0.433

Type  : Fast 1100mV 85C Model Minimum Pulse Width 'Div:div_design|t_clkDiv'
Slack : -0.113
TNS   : -2.916

Type  : Fast 1100mV 85C Model Minimum Pulse Width 'VGA_SYNC:vga_design|horiz_sync_out'
Slack : -0.055
TNS   : -0.662

Type  : Fast 1100mV 85C Model Minimum Pulse Width 'pb2'
Slack : -0.037
TNS   : -0.190

Type  : Fast 1100mV 85C Model Minimum Pulse Width 'VGA_SYNC:vga_design|vert_sync_out'
Slack : 0.078
TNS   : 0.000

Type  : Fast 1100mV 0C Model Setup 'VGA_SYNC:vga_design|horiz_sync_out'
Slack : -2.789
TNS   : -141.628

Type  : Fast 1100mV 0C Model Setup 'VGA_SYNC:vga_design|vert_sync_out'
Slack : -2.197
TNS   : -56.518

Type  : Fast 1100mV 0C Model Setup 'Div:div_design|t_clkDiv'
Slack : -2.109
TNS   : -99.187

Type  : Fast 1100mV 0C Model Setup 'pb2'
Slack : -1.802
TNS   : -12.337

Type  : Fast 1100mV 0C Model Setup 'CLK'
Slack : -1.374
TNS   : -1.374

Type  : Fast 1100mV 0C Model Hold 'Div:div_design|t_clkDiv'
Slack : 0.092
TNS   : 0.000

Type  : Fast 1100mV 0C Model Hold 'VGA_SYNC:vga_design|horiz_sync_out'
Slack : 0.125
TNS   : 0.000

Type  : Fast 1100mV 0C Model Hold 'pb2'
Slack : 0.141
TNS   : 0.000

Type  : Fast 1100mV 0C Model Hold 'VGA_SYNC:vga_design|vert_sync_out'
Slack : 0.386
TNS   : 0.000

Type  : Fast 1100mV 0C Model Hold 'CLK'
Slack : 0.452
TNS   : 0.000

Type  : Fast 1100mV 0C Model Recovery 'Div:div_design|t_clkDiv'
Slack : -1.208
TNS   : -10.864

Type  : Fast 1100mV 0C Model Removal 'Div:div_design|t_clkDiv'
Slack : 0.390
TNS   : 0.000

Type  : Fast 1100mV 0C Model Minimum Pulse Width 'CLK'
Slack : -0.378
TNS   : -0.413

Type  : Fast 1100mV 0C Model Minimum Pulse Width 'Div:div_design|t_clkDiv'
Slack : -0.047
TNS   : -1.023

Type  : Fast 1100mV 0C Model Minimum Pulse Width 'pb2'
Slack : -0.021
TNS   : -0.070

Type  : Fast 1100mV 0C Model Minimum Pulse Width 'VGA_SYNC:vga_design|horiz_sync_out'
Slack : -0.013
TNS   : -0.075

Type  : Fast 1100mV 0C Model Minimum Pulse Width 'VGA_SYNC:vga_design|vert_sync_out'
Slack : 0.102
TNS   : 0.000

------------------------------------------------------------
